test_pipeline_deadline_includes_publication_lock_wait (__main__.Cancellation.test_pipeline_deadline_includes_publication_lock_wait) ... {"case": "pipeline_deadline_under_publication_lock", "exit_code": 1, "elapsed_seconds": 2.02, "publication_unchanged": true, "retry_exit_code": 0}
ok
test_sigint_after_worker_cannot_publish_when_lock_releases (__main__.Cancellation.test_sigint_after_worker_cannot_publish_when_lock_releases) ... {"case": "SIGINT_after_worker_under_publication_lock", "exit_code": 1, "signal_to_exit_seconds": 0.004, "worker_reaped": true, "publication_unchanged": true, "retry_exit_code": 0}
ok
test_sigint_while_worker_waits_reaps_child_and_allows_retry (__main__.Cancellation.test_sigint_while_worker_waits_reaps_child_and_allows_retry) ... ok
test_sigterm_after_worker_cannot_publish_when_lock_releases (__main__.Cancellation.test_sigterm_after_worker_cannot_publish_when_lock_releases) ... FAIL
test_sigterm_while_worker_waits_reaps_child_and_allows_retry (__main__.Cancellation.test_sigterm_while_worker_waits_reaps_child_and_allows_retry) ... ok

======================================================================
FAIL: test_sigterm_after_worker_cannot_publish_when_lock_releases (__main__.Cancellation.test_sigterm_after_worker_cannot_publish_when_lock_releases)
----------------------------------------------------------------------
Traceback (most recent call last):
  File "/Users/yinsijie/CodeRepo/Atlas/scripts/test_cancellation.py", line 256, in test_sigterm_after_worker_cannot_publish_when_lock_releases
    self.cancel_after_worker(signal.SIGTERM)
    ~~~~~~~~~~~~~~~~~~~~~~~~^^^^^^^^^^^^^^^^
  File "/Users/yinsijie/CodeRepo/Atlas/scripts/test_cancellation.py", line 229, in cancel_after_worker
    self.assertIn("index_cancelled_no_analysis_published", stderr)
    ~~~~~~~~~~~~~^^^^^^^^^^^^^^^^^^^^^^^^^^^^^^^^^^^^^^^^^^^^^^^^^
AssertionError: 'index_cancelled_no_analysis_published' not found in 'index_cancellation_requested\nError: "cancelled_by_signal"\n'

----------------------------------------------------------------------
Ran 5 tests in 13.120s

FAILED (failures=1)
