$ /usr/bin/time -l rustc --version
cwd: /Users/yinsijie/CodeRepo/Atlas
--- stdout ---
rustc 1.96.1 (31fca3adb 2026-06-26) (Homebrew)
--- stderr ---
        0.39 real         0.16 user         0.03 sys
            18395136  maximum resident set size
                   0  average shared memory size
                   0  average unshared data size
                   0  average unshared stack size
                2927  page reclaims
                3462  page faults
                   0  swaps
                   0  block input operations
                   0  block output operations
                   0  messages sent
                   0  messages received
                   0  signals received
                   5  voluntary context switches
                1339  involuntary context switches
          1153287465  instructions retired
           726967422  cycles elapsed
             8503296  peak memory footprint
[exit code: 0]
[wall seconds: 0.402369]
[peak rss: 18395136 (measured)]
