test_a_create_proposal_for_an_existing_path_is_refused (__main__.Cli.test_a_create_proposal_for_an_existing_path_is_refused) ... ok
test_a_create_proposal_names_a_path_that_does_not_exist_yet (__main__.Cli.test_a_create_proposal_names_a_path_that_does_not_exist_yet) ... ok
test_a_crlf_target_is_refused_rather_than_normalised (__main__.Cli.test_a_crlf_target_is_refused_rather_than_normalised) ... ok
test_a_declared_test_runs_in_the_copy_and_reports_its_real_exit_code (__main__.Cli.test_a_declared_test_runs_in_the_copy_and_reports_its_real_exit_code) ... ok
test_a_delete_proposal_removes_the_file_and_revert_restores_the_exact_bytes (__main__.Cli.test_a_delete_proposal_removes_the_file_and_revert_restores_the_exact_bytes) ... ok
test_a_delete_whose_target_is_gone_is_refused_rather_than_ignored (__main__.Cli.test_a_delete_whose_target_is_gone_is_refused_rather_than_ignored) ... ok
test_a_diff_for_a_file_outside_the_snapshot_is_rejected (__main__.Cli.test_a_diff_for_a_file_outside_the_snapshot_is_rejected) ... ok
test_a_diff_that_does_not_match_the_snapshot_is_rejected_with_the_line (__main__.Cli.test_a_diff_that_does_not_match_the_snapshot_is_rejected_with_the_line) ... ok
test_a_failing_test_is_reported_as_failed_with_its_exit_code (__main__.Cli.test_a_failing_test_is_reported_as_failed_with_its_exit_code) ... ok
test_a_lock_records_when_it_was_taken_and_the_refusal_says_since_when (__main__.Cli.test_a_lock_records_when_it_was_taken_and_the_refusal_says_since_when) ... ok
test_a_proposal_is_intent_and_validated_against_pinned_bytes (__main__.Cli.test_a_proposal_is_intent_and_validated_against_pinned_bytes) ... ok
test_a_proposal_records_who_proposed_it (__main__.Cli.test_a_proposal_records_who_proposed_it) ... ok
test_a_refused_apply_leaves_no_lock_behind (__main__.Cli.test_a_refused_apply_leaves_no_lock_behind) ... ok
test_a_rename_is_refused_by_name (__main__.Cli.test_a_rename_is_refused_by_name) ... ok
test_a_stale_lock_is_cleared_by_an_explicit_command (__main__.Cli.test_a_stale_lock_is_cleared_by_an_explicit_command) ... ok
test_a_test_that_reads_the_patched_file_sees_the_patched_bytes (__main__.Cli.test_a_test_that_reads_the_patched_file_sees_the_patched_bytes) ... ok
test_a_test_timeout_is_not_a_pass (__main__.Cli.test_a_test_timeout_is_not_a_pass) ... ok
test_apply_before_verification_is_refused (__main__.Cli.test_apply_before_verification_is_refused) ... ok
test_apply_of_a_create_refuses_if_the_path_appeared_after_verification (__main__.Cli.test_apply_of_a_create_refuses_if_the_path_appeared_after_verification) ... ok
test_apply_refuses_when_the_target_moved_after_verification (__main__.Cli.test_apply_refuses_when_the_target_moved_after_verification) ... ok
test_apply_takes_a_lock_so_two_processes_cannot_both_win (__main__.Cli.test_apply_takes_a_lock_so_two_processes_cannot_both_win) ... ok
test_apply_writes_verified_bytes_and_revert_restores_the_pinned_ones (__main__.Cli.test_apply_writes_verified_bytes_and_revert_restores_the_pinned_ones) ... ok
test_revert_holds_the_lock_too (__main__.Cli.test_revert_holds_the_lock_too) ... ok
test_revert_refuses_when_the_target_changed_after_apply (__main__.Cli.test_revert_refuses_when_the_target_changed_after_apply) ... ok
test_the_proposal_survives_and_is_queryable_by_entity (__main__.Cli.test_the_proposal_survives_and_is_queryable_by_entity) ... ok
test_the_same_proposal_twice_is_one_record (__main__.Cli.test_the_same_proposal_twice_is_one_record) ... ok
test_verification_reindexes_an_isolated_copy_and_leaves_the_checkout_alone (__main__.Cli.test_verification_reindexes_an_isolated_copy_and_leaves_the_checkout_alone) ... ok
test_a_page_can_register_a_proposal_and_the_cli_can_verify_it (__main__.Http.test_a_page_can_register_a_proposal_and_the_cli_can_verify_it) ... ok
/usr/local/Cellar/python@3.14/3.14.7/Frameworks/Python.framework/Versions/3.14/lib/python3.14/unittest/suite.py:107: ResourceWarning: unclosed file <_io.TextIOWrapper name=5 encoding='UTF-8'>
  for index, test in enumerate(self):
ResourceWarning: Enable tracemalloc to get the object allocation traceback
/usr/local/Cellar/python@3.14/3.14.7/Frameworks/Python.framework/Versions/3.14/lib/python3.14/unittest/suite.py:107: ResourceWarning: unclosed file <_io.TextIOWrapper name=3 encoding='UTF-8'>
  for index, test in enumerate(self):
ResourceWarning: Enable tracemalloc to get the object allocation traceback
test_a_page_cannot_skip_the_pinned_snapshot_check (__main__.Http.test_a_page_cannot_skip_the_pinned_snapshot_check) ... ok
test_http_has_no_write_path_unless_the_operator_allowed_one (__main__.Http.test_http_has_no_write_path_unless_the_operator_allowed_one) ... ok
test_the_review_surface_requires_the_session (__main__.Http.test_the_review_surface_requires_the_session) ... ok
/usr/local/Cellar/python@3.14/3.14.7/Frameworks/Python.framework/Versions/3.14/lib/python3.14/unittest/suite.py:84: ResourceWarning: unclosed file <_io.TextIOWrapper name=5 encoding='UTF-8'>
  return self.run(*args, **kwds)
ResourceWarning: Enable tracemalloc to get the object allocation traceback
/usr/local/Cellar/python@3.14/3.14.7/Frameworks/Python.framework/Versions/3.14/lib/python3.14/unittest/suite.py:84: ResourceWarning: unclosed file <_io.TextIOWrapper name=3 encoding='UTF-8'>
  return self.run(*args, **kwds)
ResourceWarning: Enable tracemalloc to get the object allocation traceback
test_a_checkout_that_moved_after_verification_is_refused_over_http (__main__.HttpWrites.test_a_checkout_that_moved_after_verification_is_refused_over_http) ... ok
test_a_create_applied_over_http_reverts_by_removing_the_file (__main__.HttpWrites.test_a_create_applied_over_http_reverts_by_removing_the_file) ... ok
test_a_one_click_revert_writes_only_the_directory_the_operator_named (__main__.HttpWrites.test_a_one_click_revert_writes_only_the_directory_the_operator_named) ... ok
test_a_page_cannot_name_a_directory_of_its_own (__main__.HttpWrites.test_a_page_cannot_name_a_directory_of_its_own) ... ok
test_a_write_must_echo_the_directory_it_was_shown (__main__.HttpWrites.test_a_write_must_echo_the_directory_it_was_shown) ... ok
test_parallel_slots_overlap_and_never_share_a_lease (__main__.Parallel.test_parallel_slots_overlap_and_never_share_a_lease) ... ok
test_the_bound_is_enforced_and_one_shot_with_parallelism_is_refused (__main__.Parallel.test_the_bound_is_enforced_and_one_shot_with_parallelism_is_refused) ... ok
test_a_finished_verification_reports_its_terminal_state_on_re_enqueue (__main__.Queued.test_a_finished_verification_reports_its_terminal_state_on_re_enqueue) ... ok
test_a_proposal_that_cannot_be_verified_fails_the_job_with_the_reason (__main__.Queued.test_a_proposal_that_cannot_be_verified_fails_the_job_with_the_reason) ... ok
test_a_queued_verification_does_not_run_until_a_worker_takes_it (__main__.Queued.test_a_queued_verification_does_not_run_until_a_worker_takes_it) ... ok
test_a_row_that_cannot_describe_how_to_run_is_failed_not_guessed (__main__.Queued.test_a_row_that_cannot_describe_how_to_run_is_failed_not_guessed) ... ok
test_the_queue_carries_more_than_one_kind_of_work (__main__.Queued.test_the_queue_carries_more_than_one_kind_of_work) ... ok
test_the_request_is_identified_by_owner_project_and_key (__main__.Queued.test_the_request_is_identified_by_owner_project_and_key) ... ok

----------------------------------------------------------------------
Ran 44 tests in 42.687s

OK
