$ /usr/bin/time -l node --version
cwd: /Users/yinsijie/CodeRepo/Atlas
--- stdout ---
v26.5.1
--- stderr ---
        0.18 real         0.03 user         0.00 sys
            20176896  maximum resident set size
                   0  average shared memory size
                   0  average unshared data size
                   0  average unshared stack size
                5239  page reclaims
                  53  page faults
                   0  swaps
                   0  block input operations
                   0  block output operations
                   0  messages sent
                   0  messages received
                   0  signals received
                   0  voluntary context switches
                  15  involuntary context switches
           270526024  instructions retired
           139419738  cycles elapsed
             1228800  peak memory footprint
[exit code: 0]
[wall seconds: 0.197107]
[peak rss: 20176896 (measured)]
