$ /usr/bin/time -l rustc --version
cwd: /Users/yinsijie/CodeRepo/Atlas
--- stdout ---
rustc 1.96.1 (31fca3adb 2026-06-26) (Homebrew)
--- stderr ---
        0.14 real         0.13 user         0.01 sys
            18247680  maximum resident set size
                   0  average shared memory size
                   0  average unshared data size
                   0  average unshared stack size
                6355  page reclaims
                   0  page faults
                   0  swaps
                   0  block input operations
                   0  block output operations
                   0  messages sent
                   0  messages received
                   0  signals received
                   0  voluntary context switches
                  19  involuntary context switches
          1091630146  instructions retired
           530920845  cycles elapsed
             8355840  peak memory footprint
[exit code: 0]
[wall seconds: 0.148963]
[peak rss: 18247680 (measured)]
