    Checking atlas-engine v0.1.0 (/Users/yinsijie/CodeRepo/Atlas/crates/atlas-engine)
error: this boolean expression can be simplified
   --> crates/atlas-engine/src/inter.rs:205:16
    |
205 |               if !functions
    |  ________________^
206 | |                 .get(target)
207 | |                 .is_some_and(|function| !function.params.is_empty())
    | |____________________________________________________________________^
    |
    = help: for further information visit https://rust-lang.github.io/rust-clippy/rust-1.96.0/index.html#nonminimal_bool
    = note: `-D clippy::nonminimal-bool` implied by `-D warnings`
    = help: to override `-D warnings` add `#[allow(clippy::nonminimal_bool)]`
help: try
    |
205 ~             if functions
206 +                 .get(target).is_none_or(|function| function.params.is_empty())
    |

error: this `if` statement can be collapsed
    --> crates/atlas-engine/src/solve.rs:1250:17
     |
1250 | /                 if callee_value.targets.len() == 1
1251 | |                     && !callee_value.unknown
1252 | |                     && let Some(context_key) = context_key(
1253 | |                         &callee_value.targets[0],
...    |
1276 | |                 }
     | |_________________^
     |
     = help: for further information visit https://rust-lang.github.io/rust-clippy/rust-1.96.0/index.html#collapsible_if
     = note: `-D clippy::collapsible-if` implied by `-D warnings`
     = help: to override `-D warnings` add `#[allow(clippy::collapsible_if)]`
help: collapse nested if block
     |
1257 ~                     )
1258 ~                     && let Some(summary) = self.summaries.get(&context_key)
1259 |                         && let Some(returns) = &summary.returns
 ...
1273 |                         }
1274 ~                     }
     |

error: could not compile `atlas-engine` (lib) due to 2 previous errors
warning: build failed, waiting for other jobs to finish...
error: could not compile `atlas-engine` (lib test) due to 2 previous errors
