$ /usr/bin/time -l /Users/yinsijie/CodeRepo/Atlas/target/debug/atlas --store /Users/yinsijie/CodeRepo/Atlas/local-state/bench/store-edit-full index /Users/yinsijie/CodeRepo/Atlas/local-state/bench/rxjs --node node --worker /Users/yinsijie/CodeRepo/Atlas/workers/typescript/worker.mjs --timeout-seconds 600 --scan-deadline-seconds 300 --index-deadline-seconds 1800
cwd: /Users/yinsijie/CodeRepo/Atlas
--- stdout ---

--- stderr ---
Error: Invalid("flow_reference_unknown_binding")
       59.03 real        13.33 user         3.38 sys
           494059520  maximum resident set size
                   0  average shared memory size
                   0  average unshared data size
                   0  average unshared stack size
              162684  page reclaims
                 524  page faults
                   0  swaps
                   0  block input operations
                   0  block output operations
                   1  messages sent
                   1  messages received
                   1  signals received
               12280  voluntary context switches
               47216  involuntary context switches
         28612916742  instructions retired
         20513729996  cycles elapsed
            83152896  peak memory footprint
[exit code: 1]
[wall seconds: 59.041761]
[peak rss: 494059520 (measured)]
