$ /usr/bin/time -l /Users/yinsijie/CodeRepo/Atlas/target/debug/atlas --store /Users/yinsijie/CodeRepo/Atlas/local-state/bench/store index /Users/yinsijie/CodeRepo/Atlas/local-state/bench/rxjs --node node --worker /Users/yinsijie/CodeRepo/Atlas/workers/typescript/worker.mjs --timeout-seconds 600 --scan-deadline-seconds 300 --index-deadline-seconds 1800 --incremental
cwd: /Users/yinsijie/CodeRepo/Atlas
--- stdout ---

--- stderr ---
Error: Invalid("flow_reference_unknown_binding")
       15.58 real        16.40 user         1.46 sys
           494120960  maximum resident set size
                   0  average shared memory size
                   0  average unshared data size
                   0  average unshared stack size
              160002  page reclaims
                 255  page faults
                   0  swaps
                   0  block input operations
                   0  block output operations
                   1  messages sent
                   1  messages received
                   1  signals received
                 548  voluntary context switches
               44941  involuntary context switches
         27098621755  instructions retired
         16721543562  cycles elapsed
            83427328  peak memory footprint
[exit code: 1]
[wall seconds: 15.592051]
[peak rss: 494120960 (measured)]
