$ /usr/bin/time -l /Users/yinsijie/CodeRepo/Atlas/target/debug/atlas --store /Users/yinsijie/CodeRepo/Atlas/local-state/bench/store index /Users/yinsijie/CodeRepo/Atlas/local-state/bench/rxjs --node node --worker /Users/yinsijie/CodeRepo/Atlas/workers/typescript/worker.mjs --timeout-seconds 600 --scan-deadline-seconds 300 --index-deadline-seconds 1800 --incremental
cwd: /Users/yinsijie/CodeRepo/Atlas
--- stdout ---

--- stderr ---
Error: Invalid("flow_reference_unknown_binding")
       13.22 real        13.06 user         1.41 sys
           496726016  maximum resident set size
                   0  average shared memory size
                   0  average unshared data size
                   0  average unshared stack size
              161163  page reclaims
                 479  page faults
                   0  swaps
                   0  block input operations
                   0  block output operations
                   1  messages sent
                   1  messages received
                   1  signals received
                3780  voluntary context switches
               36872  involuntary context switches
         27438385863  instructions retired
         17257514137  cycles elapsed
            84082688  peak memory footprint
[exit code: 1]
[wall seconds: 13.236433]
[peak rss: 496726016 (measured)]
