$ /usr/bin/time -l node --version
cwd: /Users/yinsijie/CodeRepo/Atlas
--- stdout ---
v26.5.1
--- stderr ---
        0.19 real         0.03 user         0.00 sys
            20336640  maximum resident set size
                   0  average shared memory size
                   0  average unshared data size
                   0  average unshared stack size
                5284  page reclaims
                  53  page faults
                   0  swaps
                   0  block input operations
                   0  block output operations
                   0  messages sent
                   0  messages received
                   0  signals received
                   2  voluntary context switches
                 145  involuntary context switches
           270804491  instructions retired
           150571969  cycles elapsed
             1388544  peak memory footprint
[exit code: 0]
[wall seconds: 0.201964]
[peak rss: 20336640 (measured)]
