$ /usr/bin/time -l rustc --version
cwd: /Users/yinsijie/CodeRepo/Atlas
--- stdout ---
rustc 1.96.1 (31fca3adb 2026-06-26) (Homebrew)
--- stderr ---
        0.16 real         0.14 user         0.01 sys
            18395136  maximum resident set size
                   0  average shared memory size
                   0  average unshared data size
                   0  average unshared stack size
                6346  page reclaims
                  44  page faults
                   0  swaps
                   0  block input operations
                   0  block output operations
                   0  messages sent
                   0  messages received
                   0  signals received
                   3  voluntary context switches
                 487  involuntary context switches
          1096109850  instructions retired
           583942871  cycles elapsed
             8503296  peak memory footprint
[exit code: 0]
[wall seconds: 0.172784]
[peak rss: 18395136 (measured)]
