test_a_clean_function_is_profiled_pure_and_the_reasons_cite_evidence (__main__.Execution.test_a_clean_function_is_profiled_pure_and_the_reasons_cite_evidence) ... ok
test_a_file_write_is_denied_by_the_operating_system_not_by_atlas (__main__.Execution.test_a_file_write_is_denied_by_the_operating_system_not_by_atlas) ... ok
test_a_fixture_run_says_it_used_fixtures (__main__.Execution.test_a_fixture_run_says_it_used_fixtures) ... ok
test_a_function_that_reads_the_outside_world_is_not_called_pure (__main__.Execution.test_a_function_that_reads_the_outside_world_is_not_called_pure) ... ok
test_a_granted_write_lands_in_the_copy_and_never_in_the_project (__main__.Execution.test_a_granted_write_lands_in_the_copy_and_never_in_the_project) ... ok
test_a_non_exported_function_is_never_executed (__main__.Execution.test_a_non_exported_function_is_never_executed) ... ok
test_a_pure_call_returns_the_real_value (__main__.Execution.test_a_pure_call_returns_the_real_value) ... ok
test_a_receiver_is_declared_by_the_caller_and_recorded_as_declared (__main__.Execution.test_a_receiver_is_declared_by_the_caller_and_recorded_as_declared) ... ok
test_a_refusal_starts_no_process (__main__.Execution.test_a_refusal_starts_no_process) ... ok
test_a_scenario_case_that_is_refused_is_not_a_pass (__main__.Execution.test_a_scenario_case_that_is_refused_is_not_a_pass) ... ok
test_a_scenario_matches_thrown_errors (__main__.Execution.test_a_scenario_matches_thrown_errors) ... ok
test_a_scenario_reports_passes_and_failures_separately (__main__.Execution.test_a_scenario_reports_passes_and_failures_separately) ... ok
test_a_throw_is_observed_with_its_source_location (__main__.Execution.test_a_throw_is_observed_with_its_source_location) ... ok
test_a_timeout_kills_the_run_and_is_reported_as_a_timeout (__main__.Execution.test_a_timeout_kills_the_run_and_is_reported_as_a_timeout) ... ok
test_an_async_function_is_awaited_and_marked_as_awaited (__main__.Execution.test_an_async_function_is_awaited_and_marked_as_awaited) ... ok
test_an_exhausted_output_budget_is_not_reported_as_a_harness_error (__main__.Execution.test_an_exhausted_output_budget_is_not_reported_as_a_harness_error) ... ok
test_an_invalid_scenario_is_rejected (__main__.Execution.test_an_invalid_scenario_is_rejected) ... ok
test_an_unknown_effect_grant_name_is_rejected (__main__.Execution.test_an_unknown_effect_grant_name_is_rejected) ... ok
test_an_unnamed_global_read_needs_acknowledgement_not_a_fake_declaration (__main__.Execution.test_an_unnamed_global_read_needs_acknowledgement_not_a_fake_declaration) ... ok
test_arguments_are_really_used_by_the_called_code (__main__.Execution.test_arguments_are_really_used_by_the_called_code) ... ok
test_child_processes_are_denied_without_the_grant (__main__.Execution.test_child_processes_are_denied_without_the_grant) ... ok
test_console_output_is_captured_separately_from_the_result (__main__.Execution.test_console_output_is_captured_separately_from_the_result) ... ok
test_execution_uses_the_pinned_bytes_after_the_project_changes (__main__.Execution.test_execution_uses_the_pinned_bytes_after_the_project_changes) ... ok
test_missing_facts_need_an_acknowledgement_not_a_declaration (__main__.Execution.test_missing_facts_need_an_acknowledgement_not_a_declaration) ... ok
test_module_level_state_is_present_rather_than_declared (__main__.Execution.test_module_level_state_is_present_rather_than_declared) ... ok
test_network_is_denied_without_the_grant (__main__.Execution.test_network_is_denied_without_the_grant) ... ok
test_reading_outside_the_isolated_copy_is_denied (__main__.Execution.test_reading_outside_the_isolated_copy_is_denied) ... ok
test_records_are_immutable_and_readable_back (__main__.Execution.test_records_are_immutable_and_readable_back) ... ok
test_the_permission_model_is_probed_rather_than_assumed (__main__.Execution.test_the_permission_model_is_probed_rather_than_assumed) ... ok
test_the_plan_stage_reports_the_decision_without_running (__main__.Execution.test_the_plan_stage_reports_the_decision_without_running) ... ok
test_the_same_spec_is_the_same_record (__main__.Execution.test_the_same_spec_is_the_same_record) ... ok
test_the_trace_never_claims_more_than_was_observed (__main__.Execution.test_the_trace_never_claims_more_than_was_observed) ... ok

----------------------------------------------------------------------
Ran 32 tests in 28.897s

OK
