ok   a second connect() with the emptied field keeps the live session
ok   an empty field with no session asks for a token instead of querying
ok   a failed selection clears the previous flow facts
ok   a flow fact from another symbol is refused, not rendered
ok   reset clears the inspector as one unit
ok   the selection canvas draws resolved targets, unresolved targets and edge labels
ok   the overview aggregates file-to-file candidates, not a function list
ok   the block-by-binding state map marks each kind without inventing records
ok   a refused profile disables the run button and names the evidence
ok   an unknown arity disables the run instead of guessing arguments
ok   pressing run posts the pinned request and draws the observed boundary
ok   a refused record is shown as a refusal, never as a result
ok   a mock-labelled run says so and an observed record keeps its identity
ok   a profile from another symbol is refused, not rendered
ok   a missing profile leaves the run button disabled and says why
ok   selecting publishes a pinned selection and points the other projection at it
ok   an Intent is registered as a proposal, never as existing code
ok   a shared selection from the same analysis is applied on connect
ok   a shared selection from another analysis is refused, not re-anchored
ok   the bridge exposes bounded actions only, and none of them writes code
ok   a rejected proposal is shown as unreviewable, never as verified
ok   a verified proposal shows the graph diff, the observed test and the CLI-only boundary
ok   a proposal with no verification says so instead of implying one
ok   proposing posts the diff and reports a refusal without pretending it worked

all 24 web behaviour checks passed
