test_a_different_entity_gets_a_different_selection_id (__main__.Cli.test_a_different_entity_gets_a_different_selection_id) ... FAIL
test_a_live_lease_is_not_reaped_and_an_expired_one_is (__main__.Cli.test_a_live_lease_is_not_reaped_and_an_expired_one_is) ... FAIL
test_a_patch_proposal_is_a_placeholder_and_never_applied (__main__.Cli.test_a_patch_proposal_is_a_placeholder_and_never_applied) ... FAIL
test_a_request_against_an_unknown_analysis_is_rejected (__main__.Cli.test_a_request_against_an_unknown_analysis_is_rejected) ... FAIL
test_a_selection_is_pinned_to_the_analysis_it_was_made_in (__main__.Cli.test_a_selection_is_pinned_to_the_analysis_it_was_made_in) ... FAIL
test_an_action_with_a_missing_payload_fails_with_a_reason (__main__.Cli.test_an_action_with_a_missing_payload_fails_with_a_reason) ... FAIL
test_an_intent_is_a_proposal_and_is_idempotent (__main__.Cli.test_an_intent_is_a_proposal_and_is_idempotent) ... FAIL
test_an_unknown_entity_is_not_selected (__main__.Cli.test_an_unknown_entity_is_not_selected) ... FAIL
test_an_unsupported_annotation_kind_is_refused (__main__.Cli.test_an_unsupported_annotation_kind_is_refused) ... FAIL
test_annotate_action_registers_a_proposal (__main__.Cli.test_annotate_action_registers_a_proposal) ... FAIL
test_annotations_are_scoped_to_their_entity (__main__.Cli.test_annotations_are_scoped_to_their_entity) ... FAIL
test_inspect_returns_published_facts_and_claims_no_observation (__main__.Cli.test_inspect_returns_published_facts_and_claims_no_observation) ... FAIL
test_only_bounded_actions_are_accepted (__main__.Cli.test_only_bounded_actions_are_accepted) ... FAIL
test_only_the_lease_holder_can_finish (__main__.Cli.test_only_the_lease_holder_can_finish) ... FAIL
test_request_identity_is_the_owner_and_key_pair (__main__.Cli.test_request_identity_is_the_owner_and_key_pair) ... FAIL
test_a_page_cannot_claim_another_owner_or_author (__main__.Http.test_a_page_cannot_claim_another_owner_or_author) ... FAIL
test_a_proposal_from_the_page_is_attributed_to_the_session (__main__.Http.test_a_proposal_from_the_page_is_attributed_to_the_session) ... FAIL
test_an_unbounded_action_is_refused_over_http (__main__.Http.test_an_unbounded_action_is_refused_over_http) ... FAIL
test_selection_and_annotations_over_http (__main__.Http.test_selection_and_annotations_over_http) ... FAIL
test_the_bridge_queue_over_http (__main__.Http.test_the_bridge_queue_over_http) ... FAIL
test_the_page_cannot_pin_work_to_another_analysis (__main__.Http.test_the_page_cannot_pin_work_to_another_analysis) ... FAIL
test_unauthenticated_bridge_calls_are_rejected (__main__.Http.test_unauthenticated_bridge_calls_are_rejected) ... FAIL

======================================================================
FAIL: test_a_different_entity_gets_a_different_selection_id (__main__.Cli.test_a_different_entity_gets_a_different_selection_id)
----------------------------------------------------------------------
Traceback (most recent call last):
  File "/Users/yinsijie/CodeRepo/Atlas/scripts/test_bridge.py", line 49, in setUp
    self.analysis = self.cli("index", self.project)["id"]
                    ~~~~~~~~^^^^^^^^^^^^^^^^^^^^^^^
  File "/Users/yinsijie/CodeRepo/Atlas/scripts/test_bridge.py", line 57, in cli
    self.assertEqual(result.returncode, 0, result.stderr)
    ~~~~~~~~~~~~~~~~^^^^^^^^^^^^^^^^^^^^^^^^^^^^^^^^^^^^^
AssertionError: 1 != 0 : Error: Invalid("worker_producer_not_supported:got=typescript/5.9.3;worker/0.2.1:expected=typescript/5.9.3;worker/0.2.2")


======================================================================
FAIL: test_a_live_lease_is_not_reaped_and_an_expired_one_is (__main__.Cli.test_a_live_lease_is_not_reaped_and_an_expired_one_is)
----------------------------------------------------------------------
Traceback (most recent call last):
  File "/Users/yinsijie/CodeRepo/Atlas/scripts/test_bridge.py", line 49, in setUp
    self.analysis = self.cli("index", self.project)["id"]
                    ~~~~~~~~^^^^^^^^^^^^^^^^^^^^^^^
  File "/Users/yinsijie/CodeRepo/Atlas/scripts/test_bridge.py", line 57, in cli
    self.assertEqual(result.returncode, 0, result.stderr)
    ~~~~~~~~~~~~~~~~^^^^^^^^^^^^^^^^^^^^^^^^^^^^^^^^^^^^^
AssertionError: 1 != 0 : Error: Invalid("worker_producer_not_supported:got=typescript/5.9.3;worker/0.2.1:expected=typescript/5.9.3;worker/0.2.2")


======================================================================
FAIL: test_a_patch_proposal_is_a_placeholder_and_never_applied (__main__.Cli.test_a_patch_proposal_is_a_placeholder_and_never_applied)
----------------------------------------------------------------------
Traceback (most recent call last):
  File "/Users/yinsijie/CodeRepo/Atlas/scripts/test_bridge.py", line 49, in setUp
    self.analysis = self.cli("index", self.project)["id"]
                    ~~~~~~~~^^^^^^^^^^^^^^^^^^^^^^^
  File "/Users/yinsijie/CodeRepo/Atlas/scripts/test_bridge.py", line 57, in cli
    self.assertEqual(result.returncode, 0, result.stderr)
    ~~~~~~~~~~~~~~~~^^^^^^^^^^^^^^^^^^^^^^^^^^^^^^^^^^^^^
AssertionError: 1 != 0 : Error: Invalid("worker_producer_not_supported:got=typescript/5.9.3;worker/0.2.1:expected=typescript/5.9.3;worker/0.2.2")


======================================================================
FAIL: test_a_request_against_an_unknown_analysis_is_rejected (__main__.Cli.test_a_request_against_an_unknown_analysis_is_rejected)
----------------------------------------------------------------------
Traceback (most recent call last):
  File "/Users/yinsijie/CodeRepo/Atlas/scripts/test_bridge.py", line 49, in setUp
    self.analysis = self.cli("index", self.project)["id"]
                    ~~~~~~~~^^^^^^^^^^^^^^^^^^^^^^^
  File "/Users/yinsijie/CodeRepo/Atlas/scripts/test_bridge.py", line 57, in cli
    self.assertEqual(result.returncode, 0, result.stderr)
    ~~~~~~~~~~~~~~~~^^^^^^^^^^^^^^^^^^^^^^^^^^^^^^^^^^^^^
AssertionError: 1 != 0 : Error: Invalid("worker_producer_not_supported:got=typescript/5.9.3;worker/0.2.1:expected=typescript/5.9.3;worker/0.2.2")


======================================================================
FAIL: test_a_selection_is_pinned_to_the_analysis_it_was_made_in (__main__.Cli.test_a_selection_is_pinned_to_the_analysis_it_was_made_in)
----------------------------------------------------------------------
Traceback (most recent call last):
  File "/Users/yinsijie/CodeRepo/Atlas/scripts/test_bridge.py", line 49, in setUp
    self.analysis = self.cli("index", self.project)["id"]
                    ~~~~~~~~^^^^^^^^^^^^^^^^^^^^^^^
  File "/Users/yinsijie/CodeRepo/Atlas/scripts/test_bridge.py", line 57, in cli
    self.assertEqual(result.returncode, 0, result.stderr)
    ~~~~~~~~~~~~~~~~^^^^^^^^^^^^^^^^^^^^^^^^^^^^^^^^^^^^^
AssertionError: 1 != 0 : Error: Invalid("worker_producer_not_supported:got=typescript/5.9.3;worker/0.2.1:expected=typescript/5.9.3;worker/0.2.2")


======================================================================
FAIL: test_an_action_with_a_missing_payload_fails_with_a_reason (__main__.Cli.test_an_action_with_a_missing_payload_fails_with_a_reason)
----------------------------------------------------------------------
Traceback (most recent call last):
  File "/Users/yinsijie/CodeRepo/Atlas/scripts/test_bridge.py", line 49, in setUp
    self.analysis = self.cli("index", self.project)["id"]
                    ~~~~~~~~^^^^^^^^^^^^^^^^^^^^^^^
  File "/Users/yinsijie/CodeRepo/Atlas/scripts/test_bridge.py", line 57, in cli
    self.assertEqual(result.returncode, 0, result.stderr)
    ~~~~~~~~~~~~~~~~^^^^^^^^^^^^^^^^^^^^^^^^^^^^^^^^^^^^^
AssertionError: 1 != 0 : Error: Invalid("worker_producer_not_supported:got=typescript/5.9.3;worker/0.2.1:expected=typescript/5.9.3;worker/0.2.2")


======================================================================
FAIL: test_an_intent_is_a_proposal_and_is_idempotent (__main__.Cli.test_an_intent_is_a_proposal_and_is_idempotent)
----------------------------------------------------------------------
Traceback (most recent call last):
  File "/Users/yinsijie/CodeRepo/Atlas/scripts/test_bridge.py", line 49, in setUp
    self.analysis = self.cli("index", self.project)["id"]
                    ~~~~~~~~^^^^^^^^^^^^^^^^^^^^^^^
  File "/Users/yinsijie/CodeRepo/Atlas/scripts/test_bridge.py", line 57, in cli
    self.assertEqual(result.returncode, 0, result.stderr)
    ~~~~~~~~~~~~~~~~^^^^^^^^^^^^^^^^^^^^^^^^^^^^^^^^^^^^^
AssertionError: 1 != 0 : Error: Invalid("worker_producer_not_supported:got=typescript/5.9.3;worker/0.2.1:expected=typescript/5.9.3;worker/0.2.2")


======================================================================
FAIL: test_an_unknown_entity_is_not_selected (__main__.Cli.test_an_unknown_entity_is_not_selected)
----------------------------------------------------------------------
Traceback (most recent call last):
  File "/Users/yinsijie/CodeRepo/Atlas/scripts/test_bridge.py", line 49, in setUp
    self.analysis = self.cli("index", self.project)["id"]
                    ~~~~~~~~^^^^^^^^^^^^^^^^^^^^^^^
  File "/Users/yinsijie/CodeRepo/Atlas/scripts/test_bridge.py", line 57, in cli
    self.assertEqual(result.returncode, 0, result.stderr)
    ~~~~~~~~~~~~~~~~^^^^^^^^^^^^^^^^^^^^^^^^^^^^^^^^^^^^^
AssertionError: 1 != 0 : Error: Invalid("worker_producer_not_supported:got=typescript/5.9.3;worker/0.2.1:expected=typescript/5.9.3;worker/0.2.2")


======================================================================
FAIL: test_an_unsupported_annotation_kind_is_refused (__main__.Cli.test_an_unsupported_annotation_kind_is_refused)
----------------------------------------------------------------------
Traceback (most recent call last):
  File "/Users/yinsijie/CodeRepo/Atlas/scripts/test_bridge.py", line 49, in setUp
    self.analysis = self.cli("index", self.project)["id"]
                    ~~~~~~~~^^^^^^^^^^^^^^^^^^^^^^^
  File "/Users/yinsijie/CodeRepo/Atlas/scripts/test_bridge.py", line 57, in cli
    self.assertEqual(result.returncode, 0, result.stderr)
    ~~~~~~~~~~~~~~~~^^^^^^^^^^^^^^^^^^^^^^^^^^^^^^^^^^^^^
AssertionError: 1 != 0 : Error: Invalid("worker_producer_not_supported:got=typescript/5.9.3;worker/0.2.1:expected=typescript/5.9.3;worker/0.2.2")


======================================================================
FAIL: test_annotate_action_registers_a_proposal (__main__.Cli.test_annotate_action_registers_a_proposal)
----------------------------------------------------------------------
Traceback (most recent call last):
  File "/Users/yinsijie/CodeRepo/Atlas/scripts/test_bridge.py", line 49, in setUp
    self.analysis = self.cli("index", self.project)["id"]
                    ~~~~~~~~^^^^^^^^^^^^^^^^^^^^^^^
  File "/Users/yinsijie/CodeRepo/Atlas/scripts/test_bridge.py", line 57, in cli
    self.assertEqual(result.returncode, 0, result.stderr)
    ~~~~~~~~~~~~~~~~^^^^^^^^^^^^^^^^^^^^^^^^^^^^^^^^^^^^^
AssertionError: 1 != 0 : Error: Invalid("worker_producer_not_supported:got=typescript/5.9.3;worker/0.2.1:expected=typescript/5.9.3;worker/0.2.2")


======================================================================
FAIL: test_annotations_are_scoped_to_their_entity (__main__.Cli.test_annotations_are_scoped_to_their_entity)
----------------------------------------------------------------------
Traceback (most recent call last):
  File "/Users/yinsijie/CodeRepo/Atlas/scripts/test_bridge.py", line 49, in setUp
    self.analysis = self.cli("index", self.project)["id"]
                    ~~~~~~~~^^^^^^^^^^^^^^^^^^^^^^^
  File "/Users/yinsijie/CodeRepo/Atlas/scripts/test_bridge.py", line 57, in cli
    self.assertEqual(result.returncode, 0, result.stderr)
    ~~~~~~~~~~~~~~~~^^^^^^^^^^^^^^^^^^^^^^^^^^^^^^^^^^^^^
AssertionError: 1 != 0 : Error: Invalid("worker_producer_not_supported:got=typescript/5.9.3;worker/0.2.1:expected=typescript/5.9.3;worker/0.2.2")


======================================================================
FAIL: test_inspect_returns_published_facts_and_claims_no_observation (__main__.Cli.test_inspect_returns_published_facts_and_claims_no_observation)
----------------------------------------------------------------------
Traceback (most recent call last):
  File "/Users/yinsijie/CodeRepo/Atlas/scripts/test_bridge.py", line 49, in setUp
    self.analysis = self.cli("index", self.project)["id"]
                    ~~~~~~~~^^^^^^^^^^^^^^^^^^^^^^^
  File "/Users/yinsijie/CodeRepo/Atlas/scripts/test_bridge.py", line 57, in cli
    self.assertEqual(result.returncode, 0, result.stderr)
    ~~~~~~~~~~~~~~~~^^^^^^^^^^^^^^^^^^^^^^^^^^^^^^^^^^^^^
AssertionError: 1 != 0 : Error: Invalid("worker_producer_not_supported:got=typescript/5.9.3;worker/0.2.1:expected=typescript/5.9.3;worker/0.2.2")


======================================================================
FAIL: test_only_bounded_actions_are_accepted (__main__.Cli.test_only_bounded_actions_are_accepted)
----------------------------------------------------------------------
Traceback (most recent call last):
  File "/Users/yinsijie/CodeRepo/Atlas/scripts/test_bridge.py", line 49, in setUp
    self.analysis = self.cli("index", self.project)["id"]
                    ~~~~~~~~^^^^^^^^^^^^^^^^^^^^^^^
  File "/Users/yinsijie/CodeRepo/Atlas/scripts/test_bridge.py", line 57, in cli
    self.assertEqual(result.returncode, 0, result.stderr)
    ~~~~~~~~~~~~~~~~^^^^^^^^^^^^^^^^^^^^^^^^^^^^^^^^^^^^^
AssertionError: 1 != 0 : Error: Invalid("worker_producer_not_supported:got=typescript/5.9.3;worker/0.2.1:expected=typescript/5.9.3;worker/0.2.2")


======================================================================
FAIL: test_only_the_lease_holder_can_finish (__main__.Cli.test_only_the_lease_holder_can_finish)
----------------------------------------------------------------------
Traceback (most recent call last):
  File "/Users/yinsijie/CodeRepo/Atlas/scripts/test_bridge.py", line 49, in setUp
    self.analysis = self.cli("index", self.project)["id"]
                    ~~~~~~~~^^^^^^^^^^^^^^^^^^^^^^^
  File "/Users/yinsijie/CodeRepo/Atlas/scripts/test_bridge.py", line 57, in cli
    self.assertEqual(result.returncode, 0, result.stderr)
    ~~~~~~~~~~~~~~~~^^^^^^^^^^^^^^^^^^^^^^^^^^^^^^^^^^^^^
AssertionError: 1 != 0 : Error: Invalid("worker_producer_not_supported:got=typescript/5.9.3;worker/0.2.1:expected=typescript/5.9.3;worker/0.2.2")


======================================================================
FAIL: test_request_identity_is_the_owner_and_key_pair (__main__.Cli.test_request_identity_is_the_owner_and_key_pair)
----------------------------------------------------------------------
Traceback (most recent call last):
  File "/Users/yinsijie/CodeRepo/Atlas/scripts/test_bridge.py", line 49, in setUp
    self.analysis = self.cli("index", self.project)["id"]
                    ~~~~~~~~^^^^^^^^^^^^^^^^^^^^^^^
  File "/Users/yinsijie/CodeRepo/Atlas/scripts/test_bridge.py", line 57, in cli
    self.assertEqual(result.returncode, 0, result.stderr)
    ~~~~~~~~~~~~~~~~^^^^^^^^^^^^^^^^^^^^^^^^^^^^^^^^^^^^^
AssertionError: 1 != 0 : Error: Invalid("worker_producer_not_supported:got=typescript/5.9.3;worker/0.2.1:expected=typescript/5.9.3;worker/0.2.2")


======================================================================
FAIL: test_a_page_cannot_claim_another_owner_or_author (__main__.Http.test_a_page_cannot_claim_another_owner_or_author)
----------------------------------------------------------------------
Traceback (most recent call last):
  File "/Users/yinsijie/CodeRepo/Atlas/scripts/test_bridge.py", line 219, in setUp
    super().setUp()
    ~~~~~~~~~~~~~^^
  File "/Users/yinsijie/CodeRepo/Atlas/scripts/test_bridge.py", line 49, in setUp
    self.analysis = self.cli("index", self.project)["id"]
                    ~~~~~~~~^^^^^^^^^^^^^^^^^^^^^^^
  File "/Users/yinsijie/CodeRepo/Atlas/scripts/test_bridge.py", line 57, in cli
    self.assertEqual(result.returncode, 0, result.stderr)
    ~~~~~~~~~~~~~~~~^^^^^^^^^^^^^^^^^^^^^^^^^^^^^^^^^^^^^
AssertionError: 1 != 0 : Error: Invalid("worker_producer_not_supported:got=typescript/5.9.3;worker/0.2.1:expected=typescript/5.9.3;worker/0.2.2")


======================================================================
FAIL: test_a_proposal_from_the_page_is_attributed_to_the_session (__main__.Http.test_a_proposal_from_the_page_is_attributed_to_the_session)
----------------------------------------------------------------------
Traceback (most recent call last):
  File "/Users/yinsijie/CodeRepo/Atlas/scripts/test_bridge.py", line 219, in setUp
    super().setUp()
    ~~~~~~~~~~~~~^^
  File "/Users/yinsijie/CodeRepo/Atlas/scripts/test_bridge.py", line 49, in setUp
    self.analysis = self.cli("index", self.project)["id"]
                    ~~~~~~~~^^^^^^^^^^^^^^^^^^^^^^^
  File "/Users/yinsijie/CodeRepo/Atlas/scripts/test_bridge.py", line 57, in cli
    self.assertEqual(result.returncode, 0, result.stderr)
    ~~~~~~~~~~~~~~~~^^^^^^^^^^^^^^^^^^^^^^^^^^^^^^^^^^^^^
AssertionError: 1 != 0 : Error: Invalid("worker_producer_not_supported:got=typescript/5.9.3;worker/0.2.1:expected=typescript/5.9.3;worker/0.2.2")


======================================================================
FAIL: test_an_unbounded_action_is_refused_over_http (__main__.Http.test_an_unbounded_action_is_refused_over_http)
----------------------------------------------------------------------
Traceback (most recent call last):
  File "/Users/yinsijie/CodeRepo/Atlas/scripts/test_bridge.py", line 219, in setUp
    super().setUp()
    ~~~~~~~~~~~~~^^
  File "/Users/yinsijie/CodeRepo/Atlas/scripts/test_bridge.py", line 49, in setUp
    self.analysis = self.cli("index", self.project)["id"]
                    ~~~~~~~~^^^^^^^^^^^^^^^^^^^^^^^
  File "/Users/yinsijie/CodeRepo/Atlas/scripts/test_bridge.py", line 57, in cli
    self.assertEqual(result.returncode, 0, result.stderr)
    ~~~~~~~~~~~~~~~~^^^^^^^^^^^^^^^^^^^^^^^^^^^^^^^^^^^^^
AssertionError: 1 != 0 : Error: Invalid("worker_producer_not_supported:got=typescript/5.9.3;worker/0.2.1:expected=typescript/5.9.3;worker/0.2.2")


======================================================================
FAIL: test_selection_and_annotations_over_http (__main__.Http.test_selection_and_annotations_over_http)
----------------------------------------------------------------------
Traceback (most recent call last):
  File "/Users/yinsijie/CodeRepo/Atlas/scripts/test_bridge.py", line 219, in setUp
    super().setUp()
    ~~~~~~~~~~~~~^^
  File "/Users/yinsijie/CodeRepo/Atlas/scripts/test_bridge.py", line 49, in setUp
    self.analysis = self.cli("index", self.project)["id"]
                    ~~~~~~~~^^^^^^^^^^^^^^^^^^^^^^^
  File "/Users/yinsijie/CodeRepo/Atlas/scripts/test_bridge.py", line 57, in cli
    self.assertEqual(result.returncode, 0, result.stderr)
    ~~~~~~~~~~~~~~~~^^^^^^^^^^^^^^^^^^^^^^^^^^^^^^^^^^^^^
AssertionError: 1 != 0 : Error: Invalid("worker_producer_not_supported:got=typescript/5.9.3;worker/0.2.1:expected=typescript/5.9.3;worker/0.2.2")


======================================================================
FAIL: test_the_bridge_queue_over_http (__main__.Http.test_the_bridge_queue_over_http)
----------------------------------------------------------------------
Traceback (most recent call last):
  File "/Users/yinsijie/CodeRepo/Atlas/scripts/test_bridge.py", line 219, in setUp
    super().setUp()
    ~~~~~~~~~~~~~^^
  File "/Users/yinsijie/CodeRepo/Atlas/scripts/test_bridge.py", line 49, in setUp
    self.analysis = self.cli("index", self.project)["id"]
                    ~~~~~~~~^^^^^^^^^^^^^^^^^^^^^^^
  File "/Users/yinsijie/CodeRepo/Atlas/scripts/test_bridge.py", line 57, in cli
    self.assertEqual(result.returncode, 0, result.stderr)
    ~~~~~~~~~~~~~~~~^^^^^^^^^^^^^^^^^^^^^^^^^^^^^^^^^^^^^
AssertionError: 1 != 0 : Error: Invalid("worker_producer_not_supported:got=typescript/5.9.3;worker/0.2.1:expected=typescript/5.9.3;worker/0.2.2")


======================================================================
FAIL: test_the_page_cannot_pin_work_to_another_analysis (__main__.Http.test_the_page_cannot_pin_work_to_another_analysis)
----------------------------------------------------------------------
Traceback (most recent call last):
  File "/Users/yinsijie/CodeRepo/Atlas/scripts/test_bridge.py", line 219, in setUp
    super().setUp()
    ~~~~~~~~~~~~~^^
  File "/Users/yinsijie/CodeRepo/Atlas/scripts/test_bridge.py", line 49, in setUp
    self.analysis = self.cli("index", self.project)["id"]
                    ~~~~~~~~^^^^^^^^^^^^^^^^^^^^^^^
  File "/Users/yinsijie/CodeRepo/Atlas/scripts/test_bridge.py", line 57, in cli
    self.assertEqual(result.returncode, 0, result.stderr)
    ~~~~~~~~~~~~~~~~^^^^^^^^^^^^^^^^^^^^^^^^^^^^^^^^^^^^^
AssertionError: 1 != 0 : Error: Invalid("worker_producer_not_supported:got=typescript/5.9.3;worker/0.2.1:expected=typescript/5.9.3;worker/0.2.2")


======================================================================
FAIL: test_unauthenticated_bridge_calls_are_rejected (__main__.Http.test_unauthenticated_bridge_calls_are_rejected)
----------------------------------------------------------------------
Traceback (most recent call last):
  File "/Users/yinsijie/CodeRepo/Atlas/scripts/test_bridge.py", line 219, in setUp
    super().setUp()
    ~~~~~~~~~~~~~^^
  File "/Users/yinsijie/CodeRepo/Atlas/scripts/test_bridge.py", line 49, in setUp
    self.analysis = self.cli("index", self.project)["id"]
                    ~~~~~~~~^^^^^^^^^^^^^^^^^^^^^^^
  File "/Users/yinsijie/CodeRepo/Atlas/scripts/test_bridge.py", line 57, in cli
    self.assertEqual(result.returncode, 0, result.stderr)
    ~~~~~~~~~~~~~~~~^^^^^^^^^^^^^^^^^^^^^^^^^^^^^^^^^^^^^
AssertionError: 1 != 0 : Error: Invalid("worker_producer_not_supported:got=typescript/5.9.3;worker/0.2.1:expected=typescript/5.9.3;worker/0.2.2")


----------------------------------------------------------------------
Ran 22 tests in 10.690s

FAILED (failures=22)
