test_pipeline_deadline_includes_publication_lock_wait (__main__.Cancellation.test_pipeline_deadline_includes_publication_lock_wait) ... FAIL
test_sigint_after_worker_cannot_publish_when_lock_releases (__main__.Cancellation.test_sigint_after_worker_cannot_publish_when_lock_releases) ... FAIL
test_sigint_while_worker_waits_reaps_child_and_allows_retry (__main__.Cancellation.test_sigint_while_worker_waits_reaps_child_and_allows_retry) ... FAIL
test_sigterm_after_worker_cannot_publish_when_lock_releases (__main__.Cancellation.test_sigterm_after_worker_cannot_publish_when_lock_releases) ... FAIL
test_sigterm_while_worker_waits_reaps_child_and_allows_retry (__main__.Cancellation.test_sigterm_while_worker_waits_reaps_child_and_allows_retry) ... FAIL

======================================================================
FAIL: test_pipeline_deadline_includes_publication_lock_wait (__main__.Cancellation.test_pipeline_deadline_includes_publication_lock_wait)
----------------------------------------------------------------------
Traceback (most recent call last):
  File "/Users/yinsijie/CodeRepo/Atlas/scripts/test_cancellation.py", line 44, in setUp
    self.old = self.cli("index", self.project)
               ~~~~~~~~^^^^^^^^^^^^^^^^^^^^^^^
  File "/Users/yinsijie/CodeRepo/Atlas/scripts/test_cancellation.py", line 104, in cli
    self.assertEqual(result.returncode, 0, result.stderr)
    ~~~~~~~~~~~~~~~~^^^^^^^^^^^^^^^^^^^^^^^^^^^^^^^^^^^^^
AssertionError: 1 != 0 : Error: Invalid("worker_producer_not_supported:got=typescript/5.9.3;worker/0.2.1:expected=typescript/5.9.3;worker/0.2.2")


======================================================================
FAIL: test_sigint_after_worker_cannot_publish_when_lock_releases (__main__.Cancellation.test_sigint_after_worker_cannot_publish_when_lock_releases)
----------------------------------------------------------------------
Traceback (most recent call last):
  File "/Users/yinsijie/CodeRepo/Atlas/scripts/test_cancellation.py", line 44, in setUp
    self.old = self.cli("index", self.project)
               ~~~~~~~~^^^^^^^^^^^^^^^^^^^^^^^
  File "/Users/yinsijie/CodeRepo/Atlas/scripts/test_cancellation.py", line 104, in cli
    self.assertEqual(result.returncode, 0, result.stderr)
    ~~~~~~~~~~~~~~~~^^^^^^^^^^^^^^^^^^^^^^^^^^^^^^^^^^^^^
AssertionError: 1 != 0 : Error: Invalid("worker_producer_not_supported:got=typescript/5.9.3;worker/0.2.1:expected=typescript/5.9.3;worker/0.2.2")


======================================================================
FAIL: test_sigint_while_worker_waits_reaps_child_and_allows_retry (__main__.Cancellation.test_sigint_while_worker_waits_reaps_child_and_allows_retry)
----------------------------------------------------------------------
Traceback (most recent call last):
  File "/Users/yinsijie/CodeRepo/Atlas/scripts/test_cancellation.py", line 44, in setUp
    self.old = self.cli("index", self.project)
               ~~~~~~~~^^^^^^^^^^^^^^^^^^^^^^^
  File "/Users/yinsijie/CodeRepo/Atlas/scripts/test_cancellation.py", line 104, in cli
    self.assertEqual(result.returncode, 0, result.stderr)
    ~~~~~~~~~~~~~~~~^^^^^^^^^^^^^^^^^^^^^^^^^^^^^^^^^^^^^
AssertionError: 1 != 0 : Error: Invalid("worker_producer_not_supported:got=typescript/5.9.3;worker/0.2.1:expected=typescript/5.9.3;worker/0.2.2")


======================================================================
FAIL: test_sigterm_after_worker_cannot_publish_when_lock_releases (__main__.Cancellation.test_sigterm_after_worker_cannot_publish_when_lock_releases)
----------------------------------------------------------------------
Traceback (most recent call last):
  File "/Users/yinsijie/CodeRepo/Atlas/scripts/test_cancellation.py", line 44, in setUp
    self.old = self.cli("index", self.project)
               ~~~~~~~~^^^^^^^^^^^^^^^^^^^^^^^
  File "/Users/yinsijie/CodeRepo/Atlas/scripts/test_cancellation.py", line 104, in cli
    self.assertEqual(result.returncode, 0, result.stderr)
    ~~~~~~~~~~~~~~~~^^^^^^^^^^^^^^^^^^^^^^^^^^^^^^^^^^^^^
AssertionError: 1 != 0 : Error: Invalid("worker_producer_not_supported:got=typescript/5.9.3;worker/0.2.1:expected=typescript/5.9.3;worker/0.2.2")


======================================================================
FAIL: test_sigterm_while_worker_waits_reaps_child_and_allows_retry (__main__.Cancellation.test_sigterm_while_worker_waits_reaps_child_and_allows_retry)
----------------------------------------------------------------------
Traceback (most recent call last):
  File "/Users/yinsijie/CodeRepo/Atlas/scripts/test_cancellation.py", line 44, in setUp
    self.old = self.cli("index", self.project)
               ~~~~~~~~^^^^^^^^^^^^^^^^^^^^^^^
  File "/Users/yinsijie/CodeRepo/Atlas/scripts/test_cancellation.py", line 104, in cli
    self.assertEqual(result.returncode, 0, result.stderr)
    ~~~~~~~~~~~~~~~~^^^^^^^^^^^^^^^^^^^^^^^^^^^^^^^^^^^^^
AssertionError: 1 != 0 : Error: Invalid("worker_producer_not_supported:got=typescript/5.9.3;worker/0.2.1:expected=typescript/5.9.3;worker/0.2.2")


----------------------------------------------------------------------
Ran 5 tests in 2.183s

FAILED (failures=5)
