test_a_cancelled_scenario_stops_instead_of_marching_through_the_cases (__main__.Execution.test_a_cancelled_scenario_stops_instead_of_marching_through_the_cases) ... FAIL
test_a_chain_deeper_than_one_level_is_refused_by_name (__main__.Execution.test_a_chain_deeper_than_one_level_is_refused_by_name) ... FAIL
test_a_chain_deeper_than_one_level_runs_when_the_ancestors_are_named (__main__.Execution.test_a_chain_deeper_than_one_level_runs_when_the_ancestors_are_named) ... FAIL
test_a_chain_that_is_not_a_containment_path_is_rejected (__main__.Execution.test_a_chain_that_is_not_a_containment_path_is_rejected) ... FAIL
test_a_chain_that_returns_the_wrong_function_fails_at_that_stage (__main__.Execution.test_a_chain_that_returns_the_wrong_function_fails_at_that_stage) ... FAIL
test_a_clean_function_is_profiled_pure_and_the_reasons_cite_evidence (__main__.Execution.test_a_clean_function_is_profiled_pure_and_the_reasons_cite_evidence) ... FAIL
test_a_closure_runs_through_the_function_that_encloses_it (__main__.Execution.test_a_closure_runs_through_the_function_that_encloses_it) ... FAIL
test_a_computed_dynamic_import_is_a_named_risk_not_a_silent_success (__main__.Execution.test_a_computed_dynamic_import_is_a_named_risk_not_a_silent_success) ... FAIL
test_a_denied_attempt_is_journalled_with_its_permission_and_target (__main__.Execution.test_a_denied_attempt_is_journalled_with_its_permission_and_target) ... FAIL
test_a_dependency_slice_carries_the_transitive_import_closure (__main__.Execution.test_a_dependency_slice_carries_the_transitive_import_closure) ... FAIL
test_a_file_write_is_denied_by_the_operating_system_not_by_atlas (__main__.Execution.test_a_file_write_is_denied_by_the_operating_system_not_by_atlas) ... FAIL
test_a_fixture_run_says_it_used_fixtures (__main__.Execution.test_a_fixture_run_says_it_used_fixtures) ... FAIL
test_a_function_that_reads_the_outside_world_is_not_called_pure (__main__.Execution.test_a_function_that_reads_the_outside_world_is_not_called_pure) ... FAIL
test_a_granted_write_lands_in_the_copy_and_never_in_the_project (__main__.Execution.test_a_granted_write_lands_in_the_copy_and_never_in_the_project) ... FAIL
test_a_nested_closure_cannot_be_run_directly_and_says_how_it_can (__main__.Execution.test_a_nested_closure_cannot_be_run_directly_and_says_how_it_can) ... FAIL
test_a_non_exported_function_is_never_executed (__main__.Execution.test_a_non_exported_function_is_never_executed) ... FAIL
test_a_pure_call_returns_the_real_value (__main__.Execution.test_a_pure_call_returns_the_real_value) ... FAIL
test_a_receiver_is_declared_by_the_caller_and_recorded_as_declared (__main__.Execution.test_a_receiver_is_declared_by_the_caller_and_recorded_as_declared) ... FAIL
test_a_refusal_starts_no_process (__main__.Execution.test_a_refusal_starts_no_process) ... FAIL
test_a_runtime_builtin_is_never_asked_for_as_an_input (__main__.Execution.test_a_runtime_builtin_is_never_asked_for_as_an_input) ... FAIL
test_a_scenario_case_that_is_refused_is_not_a_pass (__main__.Execution.test_a_scenario_case_that_is_refused_is_not_a_pass) ... FAIL
test_a_scenario_matches_thrown_errors (__main__.Execution.test_a_scenario_matches_thrown_errors) ... FAIL
test_a_scenario_reports_passes_and_failures_separately (__main__.Execution.test_a_scenario_reports_passes_and_failures_separately) ... FAIL
test_a_scenario_result_is_published_and_readable_back (__main__.Execution.test_a_scenario_result_is_published_and_readable_back) ... FAIL
test_a_slice_narrows_the_read_boundary_and_the_record_says_how_to_recheck (__main__.Execution.test_a_slice_narrows_the_read_boundary_and_the_record_says_how_to_recheck) ... FAIL
test_a_throw_is_observed_with_its_source_location (__main__.Execution.test_a_throw_is_observed_with_its_source_location) ... FAIL
test_a_timeout_kills_the_run_and_is_reported_as_a_timeout (__main__.Execution.test_a_timeout_kills_the_run_and_is_reported_as_a_timeout) ... FAIL
test_a_true_global_is_named_so_the_caller_knows_what_to_declare (__main__.Execution.test_a_true_global_is_named_so_the_caller_knows_what_to_declare) ... FAIL
test_a_via_symbol_that_is_not_the_enclosing_function_is_refused (__main__.Execution.test_a_via_symbol_that_is_not_the_enclosing_function_is_refused) ... FAIL
test_an_allowed_run_does_not_claim_it_had_no_effects (__main__.Execution.test_an_allowed_run_does_not_claim_it_had_no_effects) ... FAIL
test_an_async_function_is_awaited_and_marked_as_awaited (__main__.Execution.test_an_async_function_is_awaited_and_marked_as_awaited) ... FAIL
test_an_enclosing_call_that_returns_a_different_function_is_not_a_target_call (__main__.Execution.test_an_enclosing_call_that_returns_a_different_function_is_not_a_target_call) ... FAIL
test_an_enclosing_call_that_returns_a_non_function_is_recorded_as_such (__main__.Execution.test_an_enclosing_call_that_returns_a_non_function_is_recorded_as_such) ... FAIL
test_an_exhausted_output_budget_is_not_reported_as_a_harness_error (__main__.Execution.test_an_exhausted_output_budget_is_not_reported_as_a_harness_error) ... FAIL
test_an_imported_binding_is_not_a_global_to_declare (__main__.Execution.test_an_imported_binding_is_not_a_global_to_declare) ... FAIL
test_an_invalid_scenario_is_rejected (__main__.Execution.test_an_invalid_scenario_is_rejected) ... FAIL
test_an_unknown_effect_grant_name_is_rejected (__main__.Execution.test_an_unknown_effect_grant_name_is_rejected) ... FAIL
test_an_unknown_materialise_mode_is_rejected (__main__.Execution.test_an_unknown_materialise_mode_is_rejected) ... FAIL
test_ancestors_without_the_enclosing_function_are_rejected (__main__.Execution.test_ancestors_without_the_enclosing_function_are_rejected) ... FAIL
test_arguments_are_really_used_by_the_called_code (__main__.Execution.test_arguments_are_really_used_by_the_called_code) ... FAIL
test_child_processes_are_denied_without_the_grant (__main__.Execution.test_child_processes_are_denied_without_the_grant) ... FAIL
test_console_output_is_captured_separately_from_the_result (__main__.Execution.test_console_output_is_captured_separately_from_the_result) ... FAIL
test_execution_uses_the_pinned_bytes_after_the_project_changes (__main__.Execution.test_execution_uses_the_pinned_bytes_after_the_project_changes) ... FAIL
test_missing_facts_need_an_acknowledgement_not_a_declaration (__main__.Execution.test_missing_facts_need_an_acknowledgement_not_a_declaration) ... FAIL
test_module_level_state_is_present_rather_than_declared (__main__.Execution.test_module_level_state_is_present_rather_than_declared) ... FAIL
test_network_is_denied_without_the_grant (__main__.Execution.test_network_is_denied_without_the_grant) ... FAIL
test_reading_outside_the_isolated_copy_is_denied (__main__.Execution.test_reading_outside_the_isolated_copy_is_denied) ... FAIL
test_records_are_immutable_and_readable_back (__main__.Execution.test_records_are_immutable_and_readable_back) ... FAIL
test_sigint_cancels_a_running_call_and_reports_it_as_cancelled (__main__.Execution.test_sigint_cancels_a_running_call_and_reports_it_as_cancelled) ... FAIL
test_the_default_copy_is_still_the_whole_snapshot (__main__.Execution.test_the_default_copy_is_still_the_whole_snapshot) ... FAIL
test_the_journal_names_the_permission_kind_for_each_blocked_attempt (__main__.Execution.test_the_journal_names_the_permission_kind_for_each_blocked_attempt) ... FAIL
test_the_permission_model_is_probed_rather_than_assumed (__main__.Execution.test_the_permission_model_is_probed_rather_than_assumed) ... FAIL
test_the_plan_for_a_via_run_names_both_stages (__main__.Execution.test_the_plan_for_a_via_run_names_both_stages) ... FAIL
test_the_plan_stage_reports_the_decision_without_running (__main__.Execution.test_the_plan_stage_reports_the_decision_without_running) ... FAIL
test_the_same_spec_is_the_same_record (__main__.Execution.test_the_same_spec_is_the_same_record) ... FAIL
test_the_trace_never_claims_more_than_was_observed (__main__.Execution.test_the_trace_never_claims_more_than_was_observed) ... FAIL
test_a_closure_runs_over_http_through_its_enclosing_function (__main__.HttpClosure.test_a_closure_runs_over_http_through_its_enclosing_function) ... FAIL
test_an_http_via_run_without_the_acknowledgement_is_refused_not_run (__main__.HttpClosure.test_an_http_via_run_without_the_acknowledgement_is_refused_not_run) ... FAIL
test_an_http_via_that_is_not_the_enclosing_function_is_refused (__main__.HttpClosure.test_an_http_via_that_is_not_the_enclosing_function_is_refused) ... FAIL

======================================================================
FAIL: test_a_cancelled_scenario_stops_instead_of_marching_through_the_cases (__main__.Execution.test_a_cancelled_scenario_stops_instead_of_marching_through_the_cases)
----------------------------------------------------------------------
Traceback (most recent call last):
  File "/Users/yinsijie/CodeRepo/Atlas/scripts/test_execution.py", line 206, in setUp
    self.analysis = self.index()
                    ~~~~~~~~~~^^
  File "/Users/yinsijie/CodeRepo/Atlas/scripts/test_execution.py", line 225, in index
    return self.cli("index", self.project)["id"]
           ~~~~~~~~^^^^^^^^^^^^^^^^^^^^^^^
  File "/Users/yinsijie/CodeRepo/Atlas/scripts/test_execution.py", line 218, in cli
    self.assertEqual(
    ~~~~~~~~~~~~~~~~^
        result.returncode, expect,
        ^^^^^^^^^^^^^^^^^^^^^^^^^^
        f"exit {result.returncode} for {args}\nstdout={result.stdout}\nstderr={result.stderr}",
        ^^^^^^^^^^^^^^^^^^^^^^^^^^^^^^^^^^^^^^^^^^^^^^^^^^^^^^^^^^^^^^^^^^^^^^^^^^^^^^^^^^^^^^^
    )
    ^
AssertionError: 1 != 0 : exit 1 for ('index', PosixPath('/var/folders/d0/h8zmbc0971n266zb4nx3j9980000gn/T/atlas-exec-by1wb07k/project'))
stdout=
stderr=Error: Invalid("worker_producer_not_supported:got=typescript/5.9.3;worker/0.2.1:expected=typescript/5.9.3;worker/0.2.2")


======================================================================
FAIL: test_a_chain_deeper_than_one_level_is_refused_by_name (__main__.Execution.test_a_chain_deeper_than_one_level_is_refused_by_name)
----------------------------------------------------------------------
Traceback (most recent call last):
  File "/Users/yinsijie/CodeRepo/Atlas/scripts/test_execution.py", line 206, in setUp
    self.analysis = self.index()
                    ~~~~~~~~~~^^
  File "/Users/yinsijie/CodeRepo/Atlas/scripts/test_execution.py", line 225, in index
    return self.cli("index", self.project)["id"]
           ~~~~~~~~^^^^^^^^^^^^^^^^^^^^^^^
  File "/Users/yinsijie/CodeRepo/Atlas/scripts/test_execution.py", line 218, in cli
    self.assertEqual(
    ~~~~~~~~~~~~~~~~^
        result.returncode, expect,
        ^^^^^^^^^^^^^^^^^^^^^^^^^^
        f"exit {result.returncode} for {args}\nstdout={result.stdout}\nstderr={result.stderr}",
        ^^^^^^^^^^^^^^^^^^^^^^^^^^^^^^^^^^^^^^^^^^^^^^^^^^^^^^^^^^^^^^^^^^^^^^^^^^^^^^^^^^^^^^^
    )
    ^
AssertionError: 1 != 0 : exit 1 for ('index', PosixPath('/var/folders/d0/h8zmbc0971n266zb4nx3j9980000gn/T/atlas-exec-wpa4t29q/project'))
stdout=
stderr=Error: Invalid("worker_producer_not_supported:got=typescript/5.9.3;worker/0.2.1:expected=typescript/5.9.3;worker/0.2.2")


======================================================================
FAIL: test_a_chain_deeper_than_one_level_runs_when_the_ancestors_are_named (__main__.Execution.test_a_chain_deeper_than_one_level_runs_when_the_ancestors_are_named)
----------------------------------------------------------------------
Traceback (most recent call last):
  File "/Users/yinsijie/CodeRepo/Atlas/scripts/test_execution.py", line 206, in setUp
    self.analysis = self.index()
                    ~~~~~~~~~~^^
  File "/Users/yinsijie/CodeRepo/Atlas/scripts/test_execution.py", line 225, in index
    return self.cli("index", self.project)["id"]
           ~~~~~~~~^^^^^^^^^^^^^^^^^^^^^^^
  File "/Users/yinsijie/CodeRepo/Atlas/scripts/test_execution.py", line 218, in cli
    self.assertEqual(
    ~~~~~~~~~~~~~~~~^
        result.returncode, expect,
        ^^^^^^^^^^^^^^^^^^^^^^^^^^
        f"exit {result.returncode} for {args}\nstdout={result.stdout}\nstderr={result.stderr}",
        ^^^^^^^^^^^^^^^^^^^^^^^^^^^^^^^^^^^^^^^^^^^^^^^^^^^^^^^^^^^^^^^^^^^^^^^^^^^^^^^^^^^^^^^
    )
    ^
AssertionError: 1 != 0 : exit 1 for ('index', PosixPath('/var/folders/d0/h8zmbc0971n266zb4nx3j9980000gn/T/atlas-exec-hif2gdru/project'))
stdout=
stderr=Error: Invalid("worker_producer_not_supported:got=typescript/5.9.3;worker/0.2.1:expected=typescript/5.9.3;worker/0.2.2")


======================================================================
FAIL: test_a_chain_that_is_not_a_containment_path_is_rejected (__main__.Execution.test_a_chain_that_is_not_a_containment_path_is_rejected)
----------------------------------------------------------------------
Traceback (most recent call last):
  File "/Users/yinsijie/CodeRepo/Atlas/scripts/test_execution.py", line 206, in setUp
    self.analysis = self.index()
                    ~~~~~~~~~~^^
  File "/Users/yinsijie/CodeRepo/Atlas/scripts/test_execution.py", line 225, in index
    return self.cli("index", self.project)["id"]
           ~~~~~~~~^^^^^^^^^^^^^^^^^^^^^^^
  File "/Users/yinsijie/CodeRepo/Atlas/scripts/test_execution.py", line 218, in cli
    self.assertEqual(
    ~~~~~~~~~~~~~~~~^
        result.returncode, expect,
        ^^^^^^^^^^^^^^^^^^^^^^^^^^
        f"exit {result.returncode} for {args}\nstdout={result.stdout}\nstderr={result.stderr}",
        ^^^^^^^^^^^^^^^^^^^^^^^^^^^^^^^^^^^^^^^^^^^^^^^^^^^^^^^^^^^^^^^^^^^^^^^^^^^^^^^^^^^^^^^
    )
    ^
AssertionError: 1 != 0 : exit 1 for ('index', PosixPath('/var/folders/d0/h8zmbc0971n266zb4nx3j9980000gn/T/atlas-exec-81ovrjkv/project'))
stdout=
stderr=Error: Invalid("worker_producer_not_supported:got=typescript/5.9.3;worker/0.2.1:expected=typescript/5.9.3;worker/0.2.2")


======================================================================
FAIL: test_a_chain_that_returns_the_wrong_function_fails_at_that_stage (__main__.Execution.test_a_chain_that_returns_the_wrong_function_fails_at_that_stage)
----------------------------------------------------------------------
Traceback (most recent call last):
  File "/Users/yinsijie/CodeRepo/Atlas/scripts/test_execution.py", line 206, in setUp
    self.analysis = self.index()
                    ~~~~~~~~~~^^
  File "/Users/yinsijie/CodeRepo/Atlas/scripts/test_execution.py", line 225, in index
    return self.cli("index", self.project)["id"]
           ~~~~~~~~^^^^^^^^^^^^^^^^^^^^^^^
  File "/Users/yinsijie/CodeRepo/Atlas/scripts/test_execution.py", line 218, in cli
    self.assertEqual(
    ~~~~~~~~~~~~~~~~^
        result.returncode, expect,
        ^^^^^^^^^^^^^^^^^^^^^^^^^^
        f"exit {result.returncode} for {args}\nstdout={result.stdout}\nstderr={result.stderr}",
        ^^^^^^^^^^^^^^^^^^^^^^^^^^^^^^^^^^^^^^^^^^^^^^^^^^^^^^^^^^^^^^^^^^^^^^^^^^^^^^^^^^^^^^^
    )
    ^
AssertionError: 1 != 0 : exit 1 for ('index', PosixPath('/var/folders/d0/h8zmbc0971n266zb4nx3j9980000gn/T/atlas-exec-mmqbztei/project'))
stdout=
stderr=Error: Invalid("worker_producer_not_supported:got=typescript/5.9.3;worker/0.2.1:expected=typescript/5.9.3;worker/0.2.2")


======================================================================
FAIL: test_a_clean_function_is_profiled_pure_and_the_reasons_cite_evidence (__main__.Execution.test_a_clean_function_is_profiled_pure_and_the_reasons_cite_evidence)
----------------------------------------------------------------------
Traceback (most recent call last):
  File "/Users/yinsijie/CodeRepo/Atlas/scripts/test_execution.py", line 206, in setUp
    self.analysis = self.index()
                    ~~~~~~~~~~^^
  File "/Users/yinsijie/CodeRepo/Atlas/scripts/test_execution.py", line 225, in index
    return self.cli("index", self.project)["id"]
           ~~~~~~~~^^^^^^^^^^^^^^^^^^^^^^^
  File "/Users/yinsijie/CodeRepo/Atlas/scripts/test_execution.py", line 218, in cli
    self.assertEqual(
    ~~~~~~~~~~~~~~~~^
        result.returncode, expect,
        ^^^^^^^^^^^^^^^^^^^^^^^^^^
        f"exit {result.returncode} for {args}\nstdout={result.stdout}\nstderr={result.stderr}",
        ^^^^^^^^^^^^^^^^^^^^^^^^^^^^^^^^^^^^^^^^^^^^^^^^^^^^^^^^^^^^^^^^^^^^^^^^^^^^^^^^^^^^^^^
    )
    ^
AssertionError: 1 != 0 : exit 1 for ('index', PosixPath('/var/folders/d0/h8zmbc0971n266zb4nx3j9980000gn/T/atlas-exec-1rt7pzm4/project'))
stdout=
stderr=Error: Invalid("worker_producer_not_supported:got=typescript/5.9.3;worker/0.2.1:expected=typescript/5.9.3;worker/0.2.2")


======================================================================
FAIL: test_a_closure_runs_through_the_function_that_encloses_it (__main__.Execution.test_a_closure_runs_through_the_function_that_encloses_it)
----------------------------------------------------------------------
Traceback (most recent call last):
  File "/Users/yinsijie/CodeRepo/Atlas/scripts/test_execution.py", line 206, in setUp
    self.analysis = self.index()
                    ~~~~~~~~~~^^
  File "/Users/yinsijie/CodeRepo/Atlas/scripts/test_execution.py", line 225, in index
    return self.cli("index", self.project)["id"]
           ~~~~~~~~^^^^^^^^^^^^^^^^^^^^^^^
  File "/Users/yinsijie/CodeRepo/Atlas/scripts/test_execution.py", line 218, in cli
    self.assertEqual(
    ~~~~~~~~~~~~~~~~^
        result.returncode, expect,
        ^^^^^^^^^^^^^^^^^^^^^^^^^^
        f"exit {result.returncode} for {args}\nstdout={result.stdout}\nstderr={result.stderr}",
        ^^^^^^^^^^^^^^^^^^^^^^^^^^^^^^^^^^^^^^^^^^^^^^^^^^^^^^^^^^^^^^^^^^^^^^^^^^^^^^^^^^^^^^^
    )
    ^
AssertionError: 1 != 0 : exit 1 for ('index', PosixPath('/var/folders/d0/h8zmbc0971n266zb4nx3j9980000gn/T/atlas-exec-k97yvar6/project'))
stdout=
stderr=Error: Invalid("worker_producer_not_supported:got=typescript/5.9.3;worker/0.2.1:expected=typescript/5.9.3;worker/0.2.2")


======================================================================
FAIL: test_a_computed_dynamic_import_is_a_named_risk_not_a_silent_success (__main__.Execution.test_a_computed_dynamic_import_is_a_named_risk_not_a_silent_success)
----------------------------------------------------------------------
Traceback (most recent call last):
  File "/Users/yinsijie/CodeRepo/Atlas/scripts/test_execution.py", line 206, in setUp
    self.analysis = self.index()
                    ~~~~~~~~~~^^
  File "/Users/yinsijie/CodeRepo/Atlas/scripts/test_execution.py", line 225, in index
    return self.cli("index", self.project)["id"]
           ~~~~~~~~^^^^^^^^^^^^^^^^^^^^^^^
  File "/Users/yinsijie/CodeRepo/Atlas/scripts/test_execution.py", line 218, in cli
    self.assertEqual(
    ~~~~~~~~~~~~~~~~^
        result.returncode, expect,
        ^^^^^^^^^^^^^^^^^^^^^^^^^^
        f"exit {result.returncode} for {args}\nstdout={result.stdout}\nstderr={result.stderr}",
        ^^^^^^^^^^^^^^^^^^^^^^^^^^^^^^^^^^^^^^^^^^^^^^^^^^^^^^^^^^^^^^^^^^^^^^^^^^^^^^^^^^^^^^^
    )
    ^
AssertionError: 1 != 0 : exit 1 for ('index', PosixPath('/var/folders/d0/h8zmbc0971n266zb4nx3j9980000gn/T/atlas-exec-wfnl71dg/project'))
stdout=
stderr=Error: Invalid("worker_producer_not_supported:got=typescript/5.9.3;worker/0.2.1:expected=typescript/5.9.3;worker/0.2.2")


======================================================================
FAIL: test_a_denied_attempt_is_journalled_with_its_permission_and_target (__main__.Execution.test_a_denied_attempt_is_journalled_with_its_permission_and_target)
----------------------------------------------------------------------
Traceback (most recent call last):
  File "/Users/yinsijie/CodeRepo/Atlas/scripts/test_execution.py", line 206, in setUp
    self.analysis = self.index()
                    ~~~~~~~~~~^^
  File "/Users/yinsijie/CodeRepo/Atlas/scripts/test_execution.py", line 225, in index
    return self.cli("index", self.project)["id"]
           ~~~~~~~~^^^^^^^^^^^^^^^^^^^^^^^
  File "/Users/yinsijie/CodeRepo/Atlas/scripts/test_execution.py", line 218, in cli
    self.assertEqual(
    ~~~~~~~~~~~~~~~~^
        result.returncode, expect,
        ^^^^^^^^^^^^^^^^^^^^^^^^^^
        f"exit {result.returncode} for {args}\nstdout={result.stdout}\nstderr={result.stderr}",
        ^^^^^^^^^^^^^^^^^^^^^^^^^^^^^^^^^^^^^^^^^^^^^^^^^^^^^^^^^^^^^^^^^^^^^^^^^^^^^^^^^^^^^^^
    )
    ^
AssertionError: 1 != 0 : exit 1 for ('index', PosixPath('/var/folders/d0/h8zmbc0971n266zb4nx3j9980000gn/T/atlas-exec-pfwsnru7/project'))
stdout=
stderr=Error: Invalid("worker_producer_not_supported:got=typescript/5.9.3;worker/0.2.1:expected=typescript/5.9.3;worker/0.2.2")


======================================================================
FAIL: test_a_dependency_slice_carries_the_transitive_import_closure (__main__.Execution.test_a_dependency_slice_carries_the_transitive_import_closure)
----------------------------------------------------------------------
Traceback (most recent call last):
  File "/Users/yinsijie/CodeRepo/Atlas/scripts/test_execution.py", line 206, in setUp
    self.analysis = self.index()
                    ~~~~~~~~~~^^
  File "/Users/yinsijie/CodeRepo/Atlas/scripts/test_execution.py", line 225, in index
    return self.cli("index", self.project)["id"]
           ~~~~~~~~^^^^^^^^^^^^^^^^^^^^^^^
  File "/Users/yinsijie/CodeRepo/Atlas/scripts/test_execution.py", line 218, in cli
    self.assertEqual(
    ~~~~~~~~~~~~~~~~^
        result.returncode, expect,
        ^^^^^^^^^^^^^^^^^^^^^^^^^^
        f"exit {result.returncode} for {args}\nstdout={result.stdout}\nstderr={result.stderr}",
        ^^^^^^^^^^^^^^^^^^^^^^^^^^^^^^^^^^^^^^^^^^^^^^^^^^^^^^^^^^^^^^^^^^^^^^^^^^^^^^^^^^^^^^^
    )
    ^
AssertionError: 1 != 0 : exit 1 for ('index', PosixPath('/var/folders/d0/h8zmbc0971n266zb4nx3j9980000gn/T/atlas-exec-zhktmxjl/project'))
stdout=
stderr=Error: Invalid("worker_producer_not_supported:got=typescript/5.9.3;worker/0.2.1:expected=typescript/5.9.3;worker/0.2.2")


======================================================================
FAIL: test_a_file_write_is_denied_by_the_operating_system_not_by_atlas (__main__.Execution.test_a_file_write_is_denied_by_the_operating_system_not_by_atlas)
----------------------------------------------------------------------
Traceback (most recent call last):
  File "/Users/yinsijie/CodeRepo/Atlas/scripts/test_execution.py", line 206, in setUp
    self.analysis = self.index()
                    ~~~~~~~~~~^^
  File "/Users/yinsijie/CodeRepo/Atlas/scripts/test_execution.py", line 225, in index
    return self.cli("index", self.project)["id"]
           ~~~~~~~~^^^^^^^^^^^^^^^^^^^^^^^
  File "/Users/yinsijie/CodeRepo/Atlas/scripts/test_execution.py", line 218, in cli
    self.assertEqual(
    ~~~~~~~~~~~~~~~~^
        result.returncode, expect,
        ^^^^^^^^^^^^^^^^^^^^^^^^^^
        f"exit {result.returncode} for {args}\nstdout={result.stdout}\nstderr={result.stderr}",
        ^^^^^^^^^^^^^^^^^^^^^^^^^^^^^^^^^^^^^^^^^^^^^^^^^^^^^^^^^^^^^^^^^^^^^^^^^^^^^^^^^^^^^^^
    )
    ^
AssertionError: 1 != 0 : exit 1 for ('index', PosixPath('/var/folders/d0/h8zmbc0971n266zb4nx3j9980000gn/T/atlas-exec-t7fms9x_/project'))
stdout=
stderr=Error: Invalid("worker_producer_not_supported:got=typescript/5.9.3;worker/0.2.1:expected=typescript/5.9.3;worker/0.2.2")


======================================================================
FAIL: test_a_fixture_run_says_it_used_fixtures (__main__.Execution.test_a_fixture_run_says_it_used_fixtures)
----------------------------------------------------------------------
Traceback (most recent call last):
  File "/Users/yinsijie/CodeRepo/Atlas/scripts/test_execution.py", line 206, in setUp
    self.analysis = self.index()
                    ~~~~~~~~~~^^
  File "/Users/yinsijie/CodeRepo/Atlas/scripts/test_execution.py", line 225, in index
    return self.cli("index", self.project)["id"]
           ~~~~~~~~^^^^^^^^^^^^^^^^^^^^^^^
  File "/Users/yinsijie/CodeRepo/Atlas/scripts/test_execution.py", line 218, in cli
    self.assertEqual(
    ~~~~~~~~~~~~~~~~^
        result.returncode, expect,
        ^^^^^^^^^^^^^^^^^^^^^^^^^^
        f"exit {result.returncode} for {args}\nstdout={result.stdout}\nstderr={result.stderr}",
        ^^^^^^^^^^^^^^^^^^^^^^^^^^^^^^^^^^^^^^^^^^^^^^^^^^^^^^^^^^^^^^^^^^^^^^^^^^^^^^^^^^^^^^^
    )
    ^
AssertionError: 1 != 0 : exit 1 for ('index', PosixPath('/var/folders/d0/h8zmbc0971n266zb4nx3j9980000gn/T/atlas-exec-q2ryccpz/project'))
stdout=
stderr=Error: Invalid("worker_producer_not_supported:got=typescript/5.9.3;worker/0.2.1:expected=typescript/5.9.3;worker/0.2.2")


======================================================================
FAIL: test_a_function_that_reads_the_outside_world_is_not_called_pure (__main__.Execution.test_a_function_that_reads_the_outside_world_is_not_called_pure)
----------------------------------------------------------------------
Traceback (most recent call last):
  File "/Users/yinsijie/CodeRepo/Atlas/scripts/test_execution.py", line 206, in setUp
    self.analysis = self.index()
                    ~~~~~~~~~~^^
  File "/Users/yinsijie/CodeRepo/Atlas/scripts/test_execution.py", line 225, in index
    return self.cli("index", self.project)["id"]
           ~~~~~~~~^^^^^^^^^^^^^^^^^^^^^^^
  File "/Users/yinsijie/CodeRepo/Atlas/scripts/test_execution.py", line 218, in cli
    self.assertEqual(
    ~~~~~~~~~~~~~~~~^
        result.returncode, expect,
        ^^^^^^^^^^^^^^^^^^^^^^^^^^
        f"exit {result.returncode} for {args}\nstdout={result.stdout}\nstderr={result.stderr}",
        ^^^^^^^^^^^^^^^^^^^^^^^^^^^^^^^^^^^^^^^^^^^^^^^^^^^^^^^^^^^^^^^^^^^^^^^^^^^^^^^^^^^^^^^
    )
    ^
AssertionError: 1 != 0 : exit 1 for ('index', PosixPath('/var/folders/d0/h8zmbc0971n266zb4nx3j9980000gn/T/atlas-exec-ywicg7pj/project'))
stdout=
stderr=Error: Invalid("worker_producer_not_supported:got=typescript/5.9.3;worker/0.2.1:expected=typescript/5.9.3;worker/0.2.2")


======================================================================
FAIL: test_a_granted_write_lands_in_the_copy_and_never_in_the_project (__main__.Execution.test_a_granted_write_lands_in_the_copy_and_never_in_the_project)
----------------------------------------------------------------------
Traceback (most recent call last):
  File "/Users/yinsijie/CodeRepo/Atlas/scripts/test_execution.py", line 206, in setUp
    self.analysis = self.index()
                    ~~~~~~~~~~^^
  File "/Users/yinsijie/CodeRepo/Atlas/scripts/test_execution.py", line 225, in index
    return self.cli("index", self.project)["id"]
           ~~~~~~~~^^^^^^^^^^^^^^^^^^^^^^^
  File "/Users/yinsijie/CodeRepo/Atlas/scripts/test_execution.py", line 218, in cli
    self.assertEqual(
    ~~~~~~~~~~~~~~~~^
        result.returncode, expect,
        ^^^^^^^^^^^^^^^^^^^^^^^^^^
        f"exit {result.returncode} for {args}\nstdout={result.stdout}\nstderr={result.stderr}",
        ^^^^^^^^^^^^^^^^^^^^^^^^^^^^^^^^^^^^^^^^^^^^^^^^^^^^^^^^^^^^^^^^^^^^^^^^^^^^^^^^^^^^^^^
    )
    ^
AssertionError: 1 != 0 : exit 1 for ('index', PosixPath('/var/folders/d0/h8zmbc0971n266zb4nx3j9980000gn/T/atlas-exec-uznl0k9x/project'))
stdout=
stderr=Error: Invalid("worker_producer_not_supported:got=typescript/5.9.3;worker/0.2.1:expected=typescript/5.9.3;worker/0.2.2")


======================================================================
FAIL: test_a_nested_closure_cannot_be_run_directly_and_says_how_it_can (__main__.Execution.test_a_nested_closure_cannot_be_run_directly_and_says_how_it_can)
----------------------------------------------------------------------
Traceback (most recent call last):
  File "/Users/yinsijie/CodeRepo/Atlas/scripts/test_execution.py", line 206, in setUp
    self.analysis = self.index()
                    ~~~~~~~~~~^^
  File "/Users/yinsijie/CodeRepo/Atlas/scripts/test_execution.py", line 225, in index
    return self.cli("index", self.project)["id"]
           ~~~~~~~~^^^^^^^^^^^^^^^^^^^^^^^
  File "/Users/yinsijie/CodeRepo/Atlas/scripts/test_execution.py", line 218, in cli
    self.assertEqual(
    ~~~~~~~~~~~~~~~~^
        result.returncode, expect,
        ^^^^^^^^^^^^^^^^^^^^^^^^^^
        f"exit {result.returncode} for {args}\nstdout={result.stdout}\nstderr={result.stderr}",
        ^^^^^^^^^^^^^^^^^^^^^^^^^^^^^^^^^^^^^^^^^^^^^^^^^^^^^^^^^^^^^^^^^^^^^^^^^^^^^^^^^^^^^^^
    )
    ^
AssertionError: 1 != 0 : exit 1 for ('index', PosixPath('/var/folders/d0/h8zmbc0971n266zb4nx3j9980000gn/T/atlas-exec-u_bxhbbk/project'))
stdout=
stderr=Error: Invalid("worker_producer_not_supported:got=typescript/5.9.3;worker/0.2.1:expected=typescript/5.9.3;worker/0.2.2")


======================================================================
FAIL: test_a_non_exported_function_is_never_executed (__main__.Execution.test_a_non_exported_function_is_never_executed)
----------------------------------------------------------------------
Traceback (most recent call last):
  File "/Users/yinsijie/CodeRepo/Atlas/scripts/test_execution.py", line 206, in setUp
    self.analysis = self.index()
                    ~~~~~~~~~~^^
  File "/Users/yinsijie/CodeRepo/Atlas/scripts/test_execution.py", line 225, in index
    return self.cli("index", self.project)["id"]
           ~~~~~~~~^^^^^^^^^^^^^^^^^^^^^^^
  File "/Users/yinsijie/CodeRepo/Atlas/scripts/test_execution.py", line 218, in cli
    self.assertEqual(
    ~~~~~~~~~~~~~~~~^
        result.returncode, expect,
        ^^^^^^^^^^^^^^^^^^^^^^^^^^
        f"exit {result.returncode} for {args}\nstdout={result.stdout}\nstderr={result.stderr}",
        ^^^^^^^^^^^^^^^^^^^^^^^^^^^^^^^^^^^^^^^^^^^^^^^^^^^^^^^^^^^^^^^^^^^^^^^^^^^^^^^^^^^^^^^
    )
    ^
AssertionError: 1 != 0 : exit 1 for ('index', PosixPath('/var/folders/d0/h8zmbc0971n266zb4nx3j9980000gn/T/atlas-exec-3lytrx48/project'))
stdout=
stderr=Error: Invalid("worker_producer_not_supported:got=typescript/5.9.3;worker/0.2.1:expected=typescript/5.9.3;worker/0.2.2")


======================================================================
FAIL: test_a_pure_call_returns_the_real_value (__main__.Execution.test_a_pure_call_returns_the_real_value)
----------------------------------------------------------------------
Traceback (most recent call last):
  File "/Users/yinsijie/CodeRepo/Atlas/scripts/test_execution.py", line 206, in setUp
    self.analysis = self.index()
                    ~~~~~~~~~~^^
  File "/Users/yinsijie/CodeRepo/Atlas/scripts/test_execution.py", line 225, in index
    return self.cli("index", self.project)["id"]
           ~~~~~~~~^^^^^^^^^^^^^^^^^^^^^^^
  File "/Users/yinsijie/CodeRepo/Atlas/scripts/test_execution.py", line 218, in cli
    self.assertEqual(
    ~~~~~~~~~~~~~~~~^
        result.returncode, expect,
        ^^^^^^^^^^^^^^^^^^^^^^^^^^
        f"exit {result.returncode} for {args}\nstdout={result.stdout}\nstderr={result.stderr}",
        ^^^^^^^^^^^^^^^^^^^^^^^^^^^^^^^^^^^^^^^^^^^^^^^^^^^^^^^^^^^^^^^^^^^^^^^^^^^^^^^^^^^^^^^
    )
    ^
AssertionError: 1 != 0 : exit 1 for ('index', PosixPath('/var/folders/d0/h8zmbc0971n266zb4nx3j9980000gn/T/atlas-exec-snweatwb/project'))
stdout=
stderr=Error: Invalid("worker_producer_not_supported:got=typescript/5.9.3;worker/0.2.1:expected=typescript/5.9.3;worker/0.2.2")


======================================================================
FAIL: test_a_receiver_is_declared_by_the_caller_and_recorded_as_declared (__main__.Execution.test_a_receiver_is_declared_by_the_caller_and_recorded_as_declared)
----------------------------------------------------------------------
Traceback (most recent call last):
  File "/Users/yinsijie/CodeRepo/Atlas/scripts/test_execution.py", line 206, in setUp
    self.analysis = self.index()
                    ~~~~~~~~~~^^
  File "/Users/yinsijie/CodeRepo/Atlas/scripts/test_execution.py", line 225, in index
    return self.cli("index", self.project)["id"]
           ~~~~~~~~^^^^^^^^^^^^^^^^^^^^^^^
  File "/Users/yinsijie/CodeRepo/Atlas/scripts/test_execution.py", line 218, in cli
    self.assertEqual(
    ~~~~~~~~~~~~~~~~^
        result.returncode, expect,
        ^^^^^^^^^^^^^^^^^^^^^^^^^^
        f"exit {result.returncode} for {args}\nstdout={result.stdout}\nstderr={result.stderr}",
        ^^^^^^^^^^^^^^^^^^^^^^^^^^^^^^^^^^^^^^^^^^^^^^^^^^^^^^^^^^^^^^^^^^^^^^^^^^^^^^^^^^^^^^^
    )
    ^
AssertionError: 1 != 0 : exit 1 for ('index', PosixPath('/var/folders/d0/h8zmbc0971n266zb4nx3j9980000gn/T/atlas-exec-s8fl0mi4/project'))
stdout=
stderr=Error: Invalid("worker_producer_not_supported:got=typescript/5.9.3;worker/0.2.1:expected=typescript/5.9.3;worker/0.2.2")


======================================================================
FAIL: test_a_refusal_starts_no_process (__main__.Execution.test_a_refusal_starts_no_process)
----------------------------------------------------------------------
Traceback (most recent call last):
  File "/Users/yinsijie/CodeRepo/Atlas/scripts/test_execution.py", line 206, in setUp
    self.analysis = self.index()
                    ~~~~~~~~~~^^
  File "/Users/yinsijie/CodeRepo/Atlas/scripts/test_execution.py", line 225, in index
    return self.cli("index", self.project)["id"]
           ~~~~~~~~^^^^^^^^^^^^^^^^^^^^^^^
  File "/Users/yinsijie/CodeRepo/Atlas/scripts/test_execution.py", line 218, in cli
    self.assertEqual(
    ~~~~~~~~~~~~~~~~^
        result.returncode, expect,
        ^^^^^^^^^^^^^^^^^^^^^^^^^^
        f"exit {result.returncode} for {args}\nstdout={result.stdout}\nstderr={result.stderr}",
        ^^^^^^^^^^^^^^^^^^^^^^^^^^^^^^^^^^^^^^^^^^^^^^^^^^^^^^^^^^^^^^^^^^^^^^^^^^^^^^^^^^^^^^^
    )
    ^
AssertionError: 1 != 0 : exit 1 for ('index', PosixPath('/var/folders/d0/h8zmbc0971n266zb4nx3j9980000gn/T/atlas-exec-o_k4lmae/project'))
stdout=
stderr=Error: Invalid("worker_producer_not_supported:got=typescript/5.9.3;worker/0.2.1:expected=typescript/5.9.3;worker/0.2.2")


======================================================================
FAIL: test_a_runtime_builtin_is_never_asked_for_as_an_input (__main__.Execution.test_a_runtime_builtin_is_never_asked_for_as_an_input)
----------------------------------------------------------------------
Traceback (most recent call last):
  File "/Users/yinsijie/CodeRepo/Atlas/scripts/test_execution.py", line 206, in setUp
    self.analysis = self.index()
                    ~~~~~~~~~~^^
  File "/Users/yinsijie/CodeRepo/Atlas/scripts/test_execution.py", line 225, in index
    return self.cli("index", self.project)["id"]
           ~~~~~~~~^^^^^^^^^^^^^^^^^^^^^^^
  File "/Users/yinsijie/CodeRepo/Atlas/scripts/test_execution.py", line 218, in cli
    self.assertEqual(
    ~~~~~~~~~~~~~~~~^
        result.returncode, expect,
        ^^^^^^^^^^^^^^^^^^^^^^^^^^
        f"exit {result.returncode} for {args}\nstdout={result.stdout}\nstderr={result.stderr}",
        ^^^^^^^^^^^^^^^^^^^^^^^^^^^^^^^^^^^^^^^^^^^^^^^^^^^^^^^^^^^^^^^^^^^^^^^^^^^^^^^^^^^^^^^
    )
    ^
AssertionError: 1 != 0 : exit 1 for ('index', PosixPath('/var/folders/d0/h8zmbc0971n266zb4nx3j9980000gn/T/atlas-exec-zl6w_g7e/project'))
stdout=
stderr=Error: Invalid("worker_producer_not_supported:got=typescript/5.9.3;worker/0.2.1:expected=typescript/5.9.3;worker/0.2.2")


======================================================================
FAIL: test_a_scenario_case_that_is_refused_is_not_a_pass (__main__.Execution.test_a_scenario_case_that_is_refused_is_not_a_pass)
----------------------------------------------------------------------
Traceback (most recent call last):
  File "/Users/yinsijie/CodeRepo/Atlas/scripts/test_execution.py", line 206, in setUp
    self.analysis = self.index()
                    ~~~~~~~~~~^^
  File "/Users/yinsijie/CodeRepo/Atlas/scripts/test_execution.py", line 225, in index
    return self.cli("index", self.project)["id"]
           ~~~~~~~~^^^^^^^^^^^^^^^^^^^^^^^
  File "/Users/yinsijie/CodeRepo/Atlas/scripts/test_execution.py", line 218, in cli
    self.assertEqual(
    ~~~~~~~~~~~~~~~~^
        result.returncode, expect,
        ^^^^^^^^^^^^^^^^^^^^^^^^^^
        f"exit {result.returncode} for {args}\nstdout={result.stdout}\nstderr={result.stderr}",
        ^^^^^^^^^^^^^^^^^^^^^^^^^^^^^^^^^^^^^^^^^^^^^^^^^^^^^^^^^^^^^^^^^^^^^^^^^^^^^^^^^^^^^^^
    )
    ^
AssertionError: 1 != 0 : exit 1 for ('index', PosixPath('/var/folders/d0/h8zmbc0971n266zb4nx3j9980000gn/T/atlas-exec-6fleznbe/project'))
stdout=
stderr=Error: Invalid("worker_producer_not_supported:got=typescript/5.9.3;worker/0.2.1:expected=typescript/5.9.3;worker/0.2.2")


======================================================================
FAIL: test_a_scenario_matches_thrown_errors (__main__.Execution.test_a_scenario_matches_thrown_errors)
----------------------------------------------------------------------
Traceback (most recent call last):
  File "/Users/yinsijie/CodeRepo/Atlas/scripts/test_execution.py", line 206, in setUp
    self.analysis = self.index()
                    ~~~~~~~~~~^^
  File "/Users/yinsijie/CodeRepo/Atlas/scripts/test_execution.py", line 225, in index
    return self.cli("index", self.project)["id"]
           ~~~~~~~~^^^^^^^^^^^^^^^^^^^^^^^
  File "/Users/yinsijie/CodeRepo/Atlas/scripts/test_execution.py", line 218, in cli
    self.assertEqual(
    ~~~~~~~~~~~~~~~~^
        result.returncode, expect,
        ^^^^^^^^^^^^^^^^^^^^^^^^^^
        f"exit {result.returncode} for {args}\nstdout={result.stdout}\nstderr={result.stderr}",
        ^^^^^^^^^^^^^^^^^^^^^^^^^^^^^^^^^^^^^^^^^^^^^^^^^^^^^^^^^^^^^^^^^^^^^^^^^^^^^^^^^^^^^^^
    )
    ^
AssertionError: 1 != 0 : exit 1 for ('index', PosixPath('/var/folders/d0/h8zmbc0971n266zb4nx3j9980000gn/T/atlas-exec-3gm_mi3p/project'))
stdout=
stderr=Error: Invalid("worker_producer_not_supported:got=typescript/5.9.3;worker/0.2.1:expected=typescript/5.9.3;worker/0.2.2")


======================================================================
FAIL: test_a_scenario_reports_passes_and_failures_separately (__main__.Execution.test_a_scenario_reports_passes_and_failures_separately)
----------------------------------------------------------------------
Traceback (most recent call last):
  File "/Users/yinsijie/CodeRepo/Atlas/scripts/test_execution.py", line 206, in setUp
    self.analysis = self.index()
                    ~~~~~~~~~~^^
  File "/Users/yinsijie/CodeRepo/Atlas/scripts/test_execution.py", line 225, in index
    return self.cli("index", self.project)["id"]
           ~~~~~~~~^^^^^^^^^^^^^^^^^^^^^^^
  File "/Users/yinsijie/CodeRepo/Atlas/scripts/test_execution.py", line 218, in cli
    self.assertEqual(
    ~~~~~~~~~~~~~~~~^
        result.returncode, expect,
        ^^^^^^^^^^^^^^^^^^^^^^^^^^
        f"exit {result.returncode} for {args}\nstdout={result.stdout}\nstderr={result.stderr}",
        ^^^^^^^^^^^^^^^^^^^^^^^^^^^^^^^^^^^^^^^^^^^^^^^^^^^^^^^^^^^^^^^^^^^^^^^^^^^^^^^^^^^^^^^
    )
    ^
AssertionError: 1 != 0 : exit 1 for ('index', PosixPath('/var/folders/d0/h8zmbc0971n266zb4nx3j9980000gn/T/atlas-exec-__dfsl3v/project'))
stdout=
stderr=Error: Invalid("worker_producer_not_supported:got=typescript/5.9.3;worker/0.2.1:expected=typescript/5.9.3;worker/0.2.2")


======================================================================
FAIL: test_a_scenario_result_is_published_and_readable_back (__main__.Execution.test_a_scenario_result_is_published_and_readable_back)
----------------------------------------------------------------------
Traceback (most recent call last):
  File "/Users/yinsijie/CodeRepo/Atlas/scripts/test_execution.py", line 206, in setUp
    self.analysis = self.index()
                    ~~~~~~~~~~^^
  File "/Users/yinsijie/CodeRepo/Atlas/scripts/test_execution.py", line 225, in index
    return self.cli("index", self.project)["id"]
           ~~~~~~~~^^^^^^^^^^^^^^^^^^^^^^^
  File "/Users/yinsijie/CodeRepo/Atlas/scripts/test_execution.py", line 218, in cli
    self.assertEqual(
    ~~~~~~~~~~~~~~~~^
        result.returncode, expect,
        ^^^^^^^^^^^^^^^^^^^^^^^^^^
        f"exit {result.returncode} for {args}\nstdout={result.stdout}\nstderr={result.stderr}",
        ^^^^^^^^^^^^^^^^^^^^^^^^^^^^^^^^^^^^^^^^^^^^^^^^^^^^^^^^^^^^^^^^^^^^^^^^^^^^^^^^^^^^^^^
    )
    ^
AssertionError: 1 != 0 : exit 1 for ('index', PosixPath('/var/folders/d0/h8zmbc0971n266zb4nx3j9980000gn/T/atlas-exec-fbg469mh/project'))
stdout=
stderr=Error: Invalid("worker_producer_not_supported:got=typescript/5.9.3;worker/0.2.1:expected=typescript/5.9.3;worker/0.2.2")


======================================================================
FAIL: test_a_slice_narrows_the_read_boundary_and_the_record_says_how_to_recheck (__main__.Execution.test_a_slice_narrows_the_read_boundary_and_the_record_says_how_to_recheck)
----------------------------------------------------------------------
Traceback (most recent call last):
  File "/Users/yinsijie/CodeRepo/Atlas/scripts/test_execution.py", line 206, in setUp
    self.analysis = self.index()
                    ~~~~~~~~~~^^
  File "/Users/yinsijie/CodeRepo/Atlas/scripts/test_execution.py", line 225, in index
    return self.cli("index", self.project)["id"]
           ~~~~~~~~^^^^^^^^^^^^^^^^^^^^^^^
  File "/Users/yinsijie/CodeRepo/Atlas/scripts/test_execution.py", line 218, in cli
    self.assertEqual(
    ~~~~~~~~~~~~~~~~^
        result.returncode, expect,
        ^^^^^^^^^^^^^^^^^^^^^^^^^^
        f"exit {result.returncode} for {args}\nstdout={result.stdout}\nstderr={result.stderr}",
        ^^^^^^^^^^^^^^^^^^^^^^^^^^^^^^^^^^^^^^^^^^^^^^^^^^^^^^^^^^^^^^^^^^^^^^^^^^^^^^^^^^^^^^^
    )
    ^
AssertionError: 1 != 0 : exit 1 for ('index', PosixPath('/var/folders/d0/h8zmbc0971n266zb4nx3j9980000gn/T/atlas-exec-l58_ng6a/project'))
stdout=
stderr=Error: Invalid("worker_producer_not_supported:got=typescript/5.9.3;worker/0.2.1:expected=typescript/5.9.3;worker/0.2.2")


======================================================================
FAIL: test_a_throw_is_observed_with_its_source_location (__main__.Execution.test_a_throw_is_observed_with_its_source_location)
----------------------------------------------------------------------
Traceback (most recent call last):
  File "/Users/yinsijie/CodeRepo/Atlas/scripts/test_execution.py", line 206, in setUp
    self.analysis = self.index()
                    ~~~~~~~~~~^^
  File "/Users/yinsijie/CodeRepo/Atlas/scripts/test_execution.py", line 225, in index
    return self.cli("index", self.project)["id"]
           ~~~~~~~~^^^^^^^^^^^^^^^^^^^^^^^
  File "/Users/yinsijie/CodeRepo/Atlas/scripts/test_execution.py", line 218, in cli
    self.assertEqual(
    ~~~~~~~~~~~~~~~~^
        result.returncode, expect,
        ^^^^^^^^^^^^^^^^^^^^^^^^^^
        f"exit {result.returncode} for {args}\nstdout={result.stdout}\nstderr={result.stderr}",
        ^^^^^^^^^^^^^^^^^^^^^^^^^^^^^^^^^^^^^^^^^^^^^^^^^^^^^^^^^^^^^^^^^^^^^^^^^^^^^^^^^^^^^^^
    )
    ^
AssertionError: 1 != 0 : exit 1 for ('index', PosixPath('/var/folders/d0/h8zmbc0971n266zb4nx3j9980000gn/T/atlas-exec-pfigs7hy/project'))
stdout=
stderr=Error: Invalid("worker_producer_not_supported:got=typescript/5.9.3;worker/0.2.1:expected=typescript/5.9.3;worker/0.2.2")


======================================================================
FAIL: test_a_timeout_kills_the_run_and_is_reported_as_a_timeout (__main__.Execution.test_a_timeout_kills_the_run_and_is_reported_as_a_timeout)
----------------------------------------------------------------------
Traceback (most recent call last):
  File "/Users/yinsijie/CodeRepo/Atlas/scripts/test_execution.py", line 206, in setUp
    self.analysis = self.index()
                    ~~~~~~~~~~^^
  File "/Users/yinsijie/CodeRepo/Atlas/scripts/test_execution.py", line 225, in index
    return self.cli("index", self.project)["id"]
           ~~~~~~~~^^^^^^^^^^^^^^^^^^^^^^^
  File "/Users/yinsijie/CodeRepo/Atlas/scripts/test_execution.py", line 218, in cli
    self.assertEqual(
    ~~~~~~~~~~~~~~~~^
        result.returncode, expect,
        ^^^^^^^^^^^^^^^^^^^^^^^^^^
        f"exit {result.returncode} for {args}\nstdout={result.stdout}\nstderr={result.stderr}",
        ^^^^^^^^^^^^^^^^^^^^^^^^^^^^^^^^^^^^^^^^^^^^^^^^^^^^^^^^^^^^^^^^^^^^^^^^^^^^^^^^^^^^^^^
    )
    ^
AssertionError: 1 != 0 : exit 1 for ('index', PosixPath('/var/folders/d0/h8zmbc0971n266zb4nx3j9980000gn/T/atlas-exec-2db2l732/project'))
stdout=
stderr=Error: Invalid("worker_producer_not_supported:got=typescript/5.9.3;worker/0.2.1:expected=typescript/5.9.3;worker/0.2.2")


======================================================================
FAIL: test_a_true_global_is_named_so_the_caller_knows_what_to_declare (__main__.Execution.test_a_true_global_is_named_so_the_caller_knows_what_to_declare)
----------------------------------------------------------------------
Traceback (most recent call last):
  File "/Users/yinsijie/CodeRepo/Atlas/scripts/test_execution.py", line 206, in setUp
    self.analysis = self.index()
                    ~~~~~~~~~~^^
  File "/Users/yinsijie/CodeRepo/Atlas/scripts/test_execution.py", line 225, in index
    return self.cli("index", self.project)["id"]
           ~~~~~~~~^^^^^^^^^^^^^^^^^^^^^^^
  File "/Users/yinsijie/CodeRepo/Atlas/scripts/test_execution.py", line 218, in cli
    self.assertEqual(
    ~~~~~~~~~~~~~~~~^
        result.returncode, expect,
        ^^^^^^^^^^^^^^^^^^^^^^^^^^
        f"exit {result.returncode} for {args}\nstdout={result.stdout}\nstderr={result.stderr}",
        ^^^^^^^^^^^^^^^^^^^^^^^^^^^^^^^^^^^^^^^^^^^^^^^^^^^^^^^^^^^^^^^^^^^^^^^^^^^^^^^^^^^^^^^
    )
    ^
AssertionError: 1 != 0 : exit 1 for ('index', PosixPath('/var/folders/d0/h8zmbc0971n266zb4nx3j9980000gn/T/atlas-exec-sommpj1v/project'))
stdout=
stderr=Error: Invalid("worker_producer_not_supported:got=typescript/5.9.3;worker/0.2.1:expected=typescript/5.9.3;worker/0.2.2")


======================================================================
FAIL: test_a_via_symbol_that_is_not_the_enclosing_function_is_refused (__main__.Execution.test_a_via_symbol_that_is_not_the_enclosing_function_is_refused)
----------------------------------------------------------------------
Traceback (most recent call last):
  File "/Users/yinsijie/CodeRepo/Atlas/scripts/test_execution.py", line 206, in setUp
    self.analysis = self.index()
                    ~~~~~~~~~~^^
  File "/Users/yinsijie/CodeRepo/Atlas/scripts/test_execution.py", line 225, in index
    return self.cli("index", self.project)["id"]
           ~~~~~~~~^^^^^^^^^^^^^^^^^^^^^^^
  File "/Users/yinsijie/CodeRepo/Atlas/scripts/test_execution.py", line 218, in cli
    self.assertEqual(
    ~~~~~~~~~~~~~~~~^
        result.returncode, expect,
        ^^^^^^^^^^^^^^^^^^^^^^^^^^
        f"exit {result.returncode} for {args}\nstdout={result.stdout}\nstderr={result.stderr}",
        ^^^^^^^^^^^^^^^^^^^^^^^^^^^^^^^^^^^^^^^^^^^^^^^^^^^^^^^^^^^^^^^^^^^^^^^^^^^^^^^^^^^^^^^
    )
    ^
AssertionError: 1 != 0 : exit 1 for ('index', PosixPath('/var/folders/d0/h8zmbc0971n266zb4nx3j9980000gn/T/atlas-exec-lkr05hr1/project'))
stdout=
stderr=Error: Invalid("worker_producer_not_supported:got=typescript/5.9.3;worker/0.2.1:expected=typescript/5.9.3;worker/0.2.2")


======================================================================
FAIL: test_an_allowed_run_does_not_claim_it_had_no_effects (__main__.Execution.test_an_allowed_run_does_not_claim_it_had_no_effects)
----------------------------------------------------------------------
Traceback (most recent call last):
  File "/Users/yinsijie/CodeRepo/Atlas/scripts/test_execution.py", line 206, in setUp
    self.analysis = self.index()
                    ~~~~~~~~~~^^
  File "/Users/yinsijie/CodeRepo/Atlas/scripts/test_execution.py", line 225, in index
    return self.cli("index", self.project)["id"]
           ~~~~~~~~^^^^^^^^^^^^^^^^^^^^^^^
  File "/Users/yinsijie/CodeRepo/Atlas/scripts/test_execution.py", line 218, in cli
    self.assertEqual(
    ~~~~~~~~~~~~~~~~^
        result.returncode, expect,
        ^^^^^^^^^^^^^^^^^^^^^^^^^^
        f"exit {result.returncode} for {args}\nstdout={result.stdout}\nstderr={result.stderr}",
        ^^^^^^^^^^^^^^^^^^^^^^^^^^^^^^^^^^^^^^^^^^^^^^^^^^^^^^^^^^^^^^^^^^^^^^^^^^^^^^^^^^^^^^^
    )
    ^
AssertionError: 1 != 0 : exit 1 for ('index', PosixPath('/var/folders/d0/h8zmbc0971n266zb4nx3j9980000gn/T/atlas-exec-xdh3txzn/project'))
stdout=
stderr=Error: Invalid("worker_producer_not_supported:got=typescript/5.9.3;worker/0.2.1:expected=typescript/5.9.3;worker/0.2.2")


======================================================================
FAIL: test_an_async_function_is_awaited_and_marked_as_awaited (__main__.Execution.test_an_async_function_is_awaited_and_marked_as_awaited)
----------------------------------------------------------------------
Traceback (most recent call last):
  File "/Users/yinsijie/CodeRepo/Atlas/scripts/test_execution.py", line 206, in setUp
    self.analysis = self.index()
                    ~~~~~~~~~~^^
  File "/Users/yinsijie/CodeRepo/Atlas/scripts/test_execution.py", line 225, in index
    return self.cli("index", self.project)["id"]
           ~~~~~~~~^^^^^^^^^^^^^^^^^^^^^^^
  File "/Users/yinsijie/CodeRepo/Atlas/scripts/test_execution.py", line 218, in cli
    self.assertEqual(
    ~~~~~~~~~~~~~~~~^
        result.returncode, expect,
        ^^^^^^^^^^^^^^^^^^^^^^^^^^
        f"exit {result.returncode} for {args}\nstdout={result.stdout}\nstderr={result.stderr}",
        ^^^^^^^^^^^^^^^^^^^^^^^^^^^^^^^^^^^^^^^^^^^^^^^^^^^^^^^^^^^^^^^^^^^^^^^^^^^^^^^^^^^^^^^
    )
    ^
AssertionError: 1 != 0 : exit 1 for ('index', PosixPath('/var/folders/d0/h8zmbc0971n266zb4nx3j9980000gn/T/atlas-exec-pp644f_4/project'))
stdout=
stderr=Error: Invalid("worker_producer_not_supported:got=typescript/5.9.3;worker/0.2.1:expected=typescript/5.9.3;worker/0.2.2")


======================================================================
FAIL: test_an_enclosing_call_that_returns_a_different_function_is_not_a_target_call (__main__.Execution.test_an_enclosing_call_that_returns_a_different_function_is_not_a_target_call)
----------------------------------------------------------------------
Traceback (most recent call last):
  File "/Users/yinsijie/CodeRepo/Atlas/scripts/test_execution.py", line 206, in setUp
    self.analysis = self.index()
                    ~~~~~~~~~~^^
  File "/Users/yinsijie/CodeRepo/Atlas/scripts/test_execution.py", line 225, in index
    return self.cli("index", self.project)["id"]
           ~~~~~~~~^^^^^^^^^^^^^^^^^^^^^^^
  File "/Users/yinsijie/CodeRepo/Atlas/scripts/test_execution.py", line 218, in cli
    self.assertEqual(
    ~~~~~~~~~~~~~~~~^
        result.returncode, expect,
        ^^^^^^^^^^^^^^^^^^^^^^^^^^
        f"exit {result.returncode} for {args}\nstdout={result.stdout}\nstderr={result.stderr}",
        ^^^^^^^^^^^^^^^^^^^^^^^^^^^^^^^^^^^^^^^^^^^^^^^^^^^^^^^^^^^^^^^^^^^^^^^^^^^^^^^^^^^^^^^
    )
    ^
AssertionError: 1 != 0 : exit 1 for ('index', PosixPath('/var/folders/d0/h8zmbc0971n266zb4nx3j9980000gn/T/atlas-exec-2bv1u28n/project'))
stdout=
stderr=Error: Invalid("worker_producer_not_supported:got=typescript/5.9.3;worker/0.2.1:expected=typescript/5.9.3;worker/0.2.2")


======================================================================
FAIL: test_an_enclosing_call_that_returns_a_non_function_is_recorded_as_such (__main__.Execution.test_an_enclosing_call_that_returns_a_non_function_is_recorded_as_such)
----------------------------------------------------------------------
Traceback (most recent call last):
  File "/Users/yinsijie/CodeRepo/Atlas/scripts/test_execution.py", line 206, in setUp
    self.analysis = self.index()
                    ~~~~~~~~~~^^
  File "/Users/yinsijie/CodeRepo/Atlas/scripts/test_execution.py", line 225, in index
    return self.cli("index", self.project)["id"]
           ~~~~~~~~^^^^^^^^^^^^^^^^^^^^^^^
  File "/Users/yinsijie/CodeRepo/Atlas/scripts/test_execution.py", line 218, in cli
    self.assertEqual(
    ~~~~~~~~~~~~~~~~^
        result.returncode, expect,
        ^^^^^^^^^^^^^^^^^^^^^^^^^^
        f"exit {result.returncode} for {args}\nstdout={result.stdout}\nstderr={result.stderr}",
        ^^^^^^^^^^^^^^^^^^^^^^^^^^^^^^^^^^^^^^^^^^^^^^^^^^^^^^^^^^^^^^^^^^^^^^^^^^^^^^^^^^^^^^^
    )
    ^
AssertionError: 1 != 0 : exit 1 for ('index', PosixPath('/var/folders/d0/h8zmbc0971n266zb4nx3j9980000gn/T/atlas-exec-_uev0asa/project'))
stdout=
stderr=Error: Invalid("worker_producer_not_supported:got=typescript/5.9.3;worker/0.2.1:expected=typescript/5.9.3;worker/0.2.2")


======================================================================
FAIL: test_an_exhausted_output_budget_is_not_reported_as_a_harness_error (__main__.Execution.test_an_exhausted_output_budget_is_not_reported_as_a_harness_error)
----------------------------------------------------------------------
Traceback (most recent call last):
  File "/Users/yinsijie/CodeRepo/Atlas/scripts/test_execution.py", line 206, in setUp
    self.analysis = self.index()
                    ~~~~~~~~~~^^
  File "/Users/yinsijie/CodeRepo/Atlas/scripts/test_execution.py", line 225, in index
    return self.cli("index", self.project)["id"]
           ~~~~~~~~^^^^^^^^^^^^^^^^^^^^^^^
  File "/Users/yinsijie/CodeRepo/Atlas/scripts/test_execution.py", line 218, in cli
    self.assertEqual(
    ~~~~~~~~~~~~~~~~^
        result.returncode, expect,
        ^^^^^^^^^^^^^^^^^^^^^^^^^^
        f"exit {result.returncode} for {args}\nstdout={result.stdout}\nstderr={result.stderr}",
        ^^^^^^^^^^^^^^^^^^^^^^^^^^^^^^^^^^^^^^^^^^^^^^^^^^^^^^^^^^^^^^^^^^^^^^^^^^^^^^^^^^^^^^^
    )
    ^
AssertionError: 1 != 0 : exit 1 for ('index', PosixPath('/var/folders/d0/h8zmbc0971n266zb4nx3j9980000gn/T/atlas-exec-94kfgpve/project'))
stdout=
stderr=Error: Invalid("worker_producer_not_supported:got=typescript/5.9.3;worker/0.2.1:expected=typescript/5.9.3;worker/0.2.2")


======================================================================
FAIL: test_an_imported_binding_is_not_a_global_to_declare (__main__.Execution.test_an_imported_binding_is_not_a_global_to_declare)
----------------------------------------------------------------------
Traceback (most recent call last):
  File "/Users/yinsijie/CodeRepo/Atlas/scripts/test_execution.py", line 206, in setUp
    self.analysis = self.index()
                    ~~~~~~~~~~^^
  File "/Users/yinsijie/CodeRepo/Atlas/scripts/test_execution.py", line 225, in index
    return self.cli("index", self.project)["id"]
           ~~~~~~~~^^^^^^^^^^^^^^^^^^^^^^^
  File "/Users/yinsijie/CodeRepo/Atlas/scripts/test_execution.py", line 218, in cli
    self.assertEqual(
    ~~~~~~~~~~~~~~~~^
        result.returncode, expect,
        ^^^^^^^^^^^^^^^^^^^^^^^^^^
        f"exit {result.returncode} for {args}\nstdout={result.stdout}\nstderr={result.stderr}",
        ^^^^^^^^^^^^^^^^^^^^^^^^^^^^^^^^^^^^^^^^^^^^^^^^^^^^^^^^^^^^^^^^^^^^^^^^^^^^^^^^^^^^^^^
    )
    ^
AssertionError: 1 != 0 : exit 1 for ('index', PosixPath('/var/folders/d0/h8zmbc0971n266zb4nx3j9980000gn/T/atlas-exec-gen27nbv/project'))
stdout=
stderr=Error: Invalid("worker_producer_not_supported:got=typescript/5.9.3;worker/0.2.1:expected=typescript/5.9.3;worker/0.2.2")


======================================================================
FAIL: test_an_invalid_scenario_is_rejected (__main__.Execution.test_an_invalid_scenario_is_rejected)
----------------------------------------------------------------------
Traceback (most recent call last):
  File "/Users/yinsijie/CodeRepo/Atlas/scripts/test_execution.py", line 206, in setUp
    self.analysis = self.index()
                    ~~~~~~~~~~^^
  File "/Users/yinsijie/CodeRepo/Atlas/scripts/test_execution.py", line 225, in index
    return self.cli("index", self.project)["id"]
           ~~~~~~~~^^^^^^^^^^^^^^^^^^^^^^^
  File "/Users/yinsijie/CodeRepo/Atlas/scripts/test_execution.py", line 218, in cli
    self.assertEqual(
    ~~~~~~~~~~~~~~~~^
        result.returncode, expect,
        ^^^^^^^^^^^^^^^^^^^^^^^^^^
        f"exit {result.returncode} for {args}\nstdout={result.stdout}\nstderr={result.stderr}",
        ^^^^^^^^^^^^^^^^^^^^^^^^^^^^^^^^^^^^^^^^^^^^^^^^^^^^^^^^^^^^^^^^^^^^^^^^^^^^^^^^^^^^^^^
    )
    ^
AssertionError: 1 != 0 : exit 1 for ('index', PosixPath('/var/folders/d0/h8zmbc0971n266zb4nx3j9980000gn/T/atlas-exec-65t75j0m/project'))
stdout=
stderr=Error: Invalid("worker_producer_not_supported:got=typescript/5.9.3;worker/0.2.1:expected=typescript/5.9.3;worker/0.2.2")


======================================================================
FAIL: test_an_unknown_effect_grant_name_is_rejected (__main__.Execution.test_an_unknown_effect_grant_name_is_rejected)
----------------------------------------------------------------------
Traceback (most recent call last):
  File "/Users/yinsijie/CodeRepo/Atlas/scripts/test_execution.py", line 206, in setUp
    self.analysis = self.index()
                    ~~~~~~~~~~^^
  File "/Users/yinsijie/CodeRepo/Atlas/scripts/test_execution.py", line 225, in index
    return self.cli("index", self.project)["id"]
           ~~~~~~~~^^^^^^^^^^^^^^^^^^^^^^^
  File "/Users/yinsijie/CodeRepo/Atlas/scripts/test_execution.py", line 218, in cli
    self.assertEqual(
    ~~~~~~~~~~~~~~~~^
        result.returncode, expect,
        ^^^^^^^^^^^^^^^^^^^^^^^^^^
        f"exit {result.returncode} for {args}\nstdout={result.stdout}\nstderr={result.stderr}",
        ^^^^^^^^^^^^^^^^^^^^^^^^^^^^^^^^^^^^^^^^^^^^^^^^^^^^^^^^^^^^^^^^^^^^^^^^^^^^^^^^^^^^^^^
    )
    ^
AssertionError: 1 != 0 : exit 1 for ('index', PosixPath('/var/folders/d0/h8zmbc0971n266zb4nx3j9980000gn/T/atlas-exec-scfk83p0/project'))
stdout=
stderr=Error: Invalid("worker_producer_not_supported:got=typescript/5.9.3;worker/0.2.1:expected=typescript/5.9.3;worker/0.2.2")


======================================================================
FAIL: test_an_unknown_materialise_mode_is_rejected (__main__.Execution.test_an_unknown_materialise_mode_is_rejected)
----------------------------------------------------------------------
Traceback (most recent call last):
  File "/Users/yinsijie/CodeRepo/Atlas/scripts/test_execution.py", line 206, in setUp
    self.analysis = self.index()
                    ~~~~~~~~~~^^
  File "/Users/yinsijie/CodeRepo/Atlas/scripts/test_execution.py", line 225, in index
    return self.cli("index", self.project)["id"]
           ~~~~~~~~^^^^^^^^^^^^^^^^^^^^^^^
  File "/Users/yinsijie/CodeRepo/Atlas/scripts/test_execution.py", line 218, in cli
    self.assertEqual(
    ~~~~~~~~~~~~~~~~^
        result.returncode, expect,
        ^^^^^^^^^^^^^^^^^^^^^^^^^^
        f"exit {result.returncode} for {args}\nstdout={result.stdout}\nstderr={result.stderr}",
        ^^^^^^^^^^^^^^^^^^^^^^^^^^^^^^^^^^^^^^^^^^^^^^^^^^^^^^^^^^^^^^^^^^^^^^^^^^^^^^^^^^^^^^^
    )
    ^
AssertionError: 1 != 0 : exit 1 for ('index', PosixPath('/var/folders/d0/h8zmbc0971n266zb4nx3j9980000gn/T/atlas-exec-iawzt8q7/project'))
stdout=
stderr=Error: Invalid("worker_producer_not_supported:got=typescript/5.9.3;worker/0.2.1:expected=typescript/5.9.3;worker/0.2.2")


======================================================================
FAIL: test_ancestors_without_the_enclosing_function_are_rejected (__main__.Execution.test_ancestors_without_the_enclosing_function_are_rejected)
----------------------------------------------------------------------
Traceback (most recent call last):
  File "/Users/yinsijie/CodeRepo/Atlas/scripts/test_execution.py", line 206, in setUp
    self.analysis = self.index()
                    ~~~~~~~~~~^^
  File "/Users/yinsijie/CodeRepo/Atlas/scripts/test_execution.py", line 225, in index
    return self.cli("index", self.project)["id"]
           ~~~~~~~~^^^^^^^^^^^^^^^^^^^^^^^
  File "/Users/yinsijie/CodeRepo/Atlas/scripts/test_execution.py", line 218, in cli
    self.assertEqual(
    ~~~~~~~~~~~~~~~~^
        result.returncode, expect,
        ^^^^^^^^^^^^^^^^^^^^^^^^^^
        f"exit {result.returncode} for {args}\nstdout={result.stdout}\nstderr={result.stderr}",
        ^^^^^^^^^^^^^^^^^^^^^^^^^^^^^^^^^^^^^^^^^^^^^^^^^^^^^^^^^^^^^^^^^^^^^^^^^^^^^^^^^^^^^^^
    )
    ^
AssertionError: 1 != 0 : exit 1 for ('index', PosixPath('/var/folders/d0/h8zmbc0971n266zb4nx3j9980000gn/T/atlas-exec-mmvjlv7z/project'))
stdout=
stderr=Error: Invalid("worker_producer_not_supported:got=typescript/5.9.3;worker/0.2.1:expected=typescript/5.9.3;worker/0.2.2")


======================================================================
FAIL: test_arguments_are_really_used_by_the_called_code (__main__.Execution.test_arguments_are_really_used_by_the_called_code)
----------------------------------------------------------------------
Traceback (most recent call last):
  File "/Users/yinsijie/CodeRepo/Atlas/scripts/test_execution.py", line 206, in setUp
    self.analysis = self.index()
                    ~~~~~~~~~~^^
  File "/Users/yinsijie/CodeRepo/Atlas/scripts/test_execution.py", line 225, in index
    return self.cli("index", self.project)["id"]
           ~~~~~~~~^^^^^^^^^^^^^^^^^^^^^^^
  File "/Users/yinsijie/CodeRepo/Atlas/scripts/test_execution.py", line 218, in cli
    self.assertEqual(
    ~~~~~~~~~~~~~~~~^
        result.returncode, expect,
        ^^^^^^^^^^^^^^^^^^^^^^^^^^
        f"exit {result.returncode} for {args}\nstdout={result.stdout}\nstderr={result.stderr}",
        ^^^^^^^^^^^^^^^^^^^^^^^^^^^^^^^^^^^^^^^^^^^^^^^^^^^^^^^^^^^^^^^^^^^^^^^^^^^^^^^^^^^^^^^
    )
    ^
AssertionError: 1 != 0 : exit 1 for ('index', PosixPath('/var/folders/d0/h8zmbc0971n266zb4nx3j9980000gn/T/atlas-exec-q4bsecyb/project'))
stdout=
stderr=Error: Invalid("worker_producer_not_supported:got=typescript/5.9.3;worker/0.2.1:expected=typescript/5.9.3;worker/0.2.2")


======================================================================
FAIL: test_child_processes_are_denied_without_the_grant (__main__.Execution.test_child_processes_are_denied_without_the_grant)
----------------------------------------------------------------------
Traceback (most recent call last):
  File "/Users/yinsijie/CodeRepo/Atlas/scripts/test_execution.py", line 206, in setUp
    self.analysis = self.index()
                    ~~~~~~~~~~^^
  File "/Users/yinsijie/CodeRepo/Atlas/scripts/test_execution.py", line 225, in index
    return self.cli("index", self.project)["id"]
           ~~~~~~~~^^^^^^^^^^^^^^^^^^^^^^^
  File "/Users/yinsijie/CodeRepo/Atlas/scripts/test_execution.py", line 218, in cli
    self.assertEqual(
    ~~~~~~~~~~~~~~~~^
        result.returncode, expect,
        ^^^^^^^^^^^^^^^^^^^^^^^^^^
        f"exit {result.returncode} for {args}\nstdout={result.stdout}\nstderr={result.stderr}",
        ^^^^^^^^^^^^^^^^^^^^^^^^^^^^^^^^^^^^^^^^^^^^^^^^^^^^^^^^^^^^^^^^^^^^^^^^^^^^^^^^^^^^^^^
    )
    ^
AssertionError: 1 != 0 : exit 1 for ('index', PosixPath('/var/folders/d0/h8zmbc0971n266zb4nx3j9980000gn/T/atlas-exec-h1b_hvcb/project'))
stdout=
stderr=Error: Invalid("worker_producer_not_supported:got=typescript/5.9.3;worker/0.2.1:expected=typescript/5.9.3;worker/0.2.2")


======================================================================
FAIL: test_console_output_is_captured_separately_from_the_result (__main__.Execution.test_console_output_is_captured_separately_from_the_result)
----------------------------------------------------------------------
Traceback (most recent call last):
  File "/Users/yinsijie/CodeRepo/Atlas/scripts/test_execution.py", line 206, in setUp
    self.analysis = self.index()
                    ~~~~~~~~~~^^
  File "/Users/yinsijie/CodeRepo/Atlas/scripts/test_execution.py", line 225, in index
    return self.cli("index", self.project)["id"]
           ~~~~~~~~^^^^^^^^^^^^^^^^^^^^^^^
  File "/Users/yinsijie/CodeRepo/Atlas/scripts/test_execution.py", line 218, in cli
    self.assertEqual(
    ~~~~~~~~~~~~~~~~^
        result.returncode, expect,
        ^^^^^^^^^^^^^^^^^^^^^^^^^^
        f"exit {result.returncode} for {args}\nstdout={result.stdout}\nstderr={result.stderr}",
        ^^^^^^^^^^^^^^^^^^^^^^^^^^^^^^^^^^^^^^^^^^^^^^^^^^^^^^^^^^^^^^^^^^^^^^^^^^^^^^^^^^^^^^^
    )
    ^
AssertionError: 1 != 0 : exit 1 for ('index', PosixPath('/var/folders/d0/h8zmbc0971n266zb4nx3j9980000gn/T/atlas-exec-uc7_f17h/project'))
stdout=
stderr=Error: Invalid("worker_producer_not_supported:got=typescript/5.9.3;worker/0.2.1:expected=typescript/5.9.3;worker/0.2.2")


======================================================================
FAIL: test_execution_uses_the_pinned_bytes_after_the_project_changes (__main__.Execution.test_execution_uses_the_pinned_bytes_after_the_project_changes)
----------------------------------------------------------------------
Traceback (most recent call last):
  File "/Users/yinsijie/CodeRepo/Atlas/scripts/test_execution.py", line 206, in setUp
    self.analysis = self.index()
                    ~~~~~~~~~~^^
  File "/Users/yinsijie/CodeRepo/Atlas/scripts/test_execution.py", line 225, in index
    return self.cli("index", self.project)["id"]
           ~~~~~~~~^^^^^^^^^^^^^^^^^^^^^^^
  File "/Users/yinsijie/CodeRepo/Atlas/scripts/test_execution.py", line 218, in cli
    self.assertEqual(
    ~~~~~~~~~~~~~~~~^
        result.returncode, expect,
        ^^^^^^^^^^^^^^^^^^^^^^^^^^
        f"exit {result.returncode} for {args}\nstdout={result.stdout}\nstderr={result.stderr}",
        ^^^^^^^^^^^^^^^^^^^^^^^^^^^^^^^^^^^^^^^^^^^^^^^^^^^^^^^^^^^^^^^^^^^^^^^^^^^^^^^^^^^^^^^
    )
    ^
AssertionError: 1 != 0 : exit 1 for ('index', PosixPath('/var/folders/d0/h8zmbc0971n266zb4nx3j9980000gn/T/atlas-exec-65xtfj_x/project'))
stdout=
stderr=Error: Invalid("worker_producer_not_supported:got=typescript/5.9.3;worker/0.2.1:expected=typescript/5.9.3;worker/0.2.2")


======================================================================
FAIL: test_missing_facts_need_an_acknowledgement_not_a_declaration (__main__.Execution.test_missing_facts_need_an_acknowledgement_not_a_declaration)
----------------------------------------------------------------------
Traceback (most recent call last):
  File "/Users/yinsijie/CodeRepo/Atlas/scripts/test_execution.py", line 206, in setUp
    self.analysis = self.index()
                    ~~~~~~~~~~^^
  File "/Users/yinsijie/CodeRepo/Atlas/scripts/test_execution.py", line 225, in index
    return self.cli("index", self.project)["id"]
           ~~~~~~~~^^^^^^^^^^^^^^^^^^^^^^^
  File "/Users/yinsijie/CodeRepo/Atlas/scripts/test_execution.py", line 218, in cli
    self.assertEqual(
    ~~~~~~~~~~~~~~~~^
        result.returncode, expect,
        ^^^^^^^^^^^^^^^^^^^^^^^^^^
        f"exit {result.returncode} for {args}\nstdout={result.stdout}\nstderr={result.stderr}",
        ^^^^^^^^^^^^^^^^^^^^^^^^^^^^^^^^^^^^^^^^^^^^^^^^^^^^^^^^^^^^^^^^^^^^^^^^^^^^^^^^^^^^^^^
    )
    ^
AssertionError: 1 != 0 : exit 1 for ('index', PosixPath('/var/folders/d0/h8zmbc0971n266zb4nx3j9980000gn/T/atlas-exec-pl94jgld/project'))
stdout=
stderr=Error: Invalid("worker_producer_not_supported:got=typescript/5.9.3;worker/0.2.1:expected=typescript/5.9.3;worker/0.2.2")


======================================================================
FAIL: test_module_level_state_is_present_rather_than_declared (__main__.Execution.test_module_level_state_is_present_rather_than_declared)
----------------------------------------------------------------------
Traceback (most recent call last):
  File "/Users/yinsijie/CodeRepo/Atlas/scripts/test_execution.py", line 206, in setUp
    self.analysis = self.index()
                    ~~~~~~~~~~^^
  File "/Users/yinsijie/CodeRepo/Atlas/scripts/test_execution.py", line 225, in index
    return self.cli("index", self.project)["id"]
           ~~~~~~~~^^^^^^^^^^^^^^^^^^^^^^^
  File "/Users/yinsijie/CodeRepo/Atlas/scripts/test_execution.py", line 218, in cli
    self.assertEqual(
    ~~~~~~~~~~~~~~~~^
        result.returncode, expect,
        ^^^^^^^^^^^^^^^^^^^^^^^^^^
        f"exit {result.returncode} for {args}\nstdout={result.stdout}\nstderr={result.stderr}",
        ^^^^^^^^^^^^^^^^^^^^^^^^^^^^^^^^^^^^^^^^^^^^^^^^^^^^^^^^^^^^^^^^^^^^^^^^^^^^^^^^^^^^^^^
    )
    ^
AssertionError: 1 != 0 : exit 1 for ('index', PosixPath('/var/folders/d0/h8zmbc0971n266zb4nx3j9980000gn/T/atlas-exec-0go_bei_/project'))
stdout=
stderr=Error: Invalid("worker_producer_not_supported:got=typescript/5.9.3;worker/0.2.1:expected=typescript/5.9.3;worker/0.2.2")


======================================================================
FAIL: test_network_is_denied_without_the_grant (__main__.Execution.test_network_is_denied_without_the_grant)
----------------------------------------------------------------------
Traceback (most recent call last):
  File "/Users/yinsijie/CodeRepo/Atlas/scripts/test_execution.py", line 206, in setUp
    self.analysis = self.index()
                    ~~~~~~~~~~^^
  File "/Users/yinsijie/CodeRepo/Atlas/scripts/test_execution.py", line 225, in index
    return self.cli("index", self.project)["id"]
           ~~~~~~~~^^^^^^^^^^^^^^^^^^^^^^^
  File "/Users/yinsijie/CodeRepo/Atlas/scripts/test_execution.py", line 218, in cli
    self.assertEqual(
    ~~~~~~~~~~~~~~~~^
        result.returncode, expect,
        ^^^^^^^^^^^^^^^^^^^^^^^^^^
        f"exit {result.returncode} for {args}\nstdout={result.stdout}\nstderr={result.stderr}",
        ^^^^^^^^^^^^^^^^^^^^^^^^^^^^^^^^^^^^^^^^^^^^^^^^^^^^^^^^^^^^^^^^^^^^^^^^^^^^^^^^^^^^^^^
    )
    ^
AssertionError: 1 != 0 : exit 1 for ('index', PosixPath('/var/folders/d0/h8zmbc0971n266zb4nx3j9980000gn/T/atlas-exec-0w4j3n03/project'))
stdout=
stderr=Error: Invalid("worker_producer_not_supported:got=typescript/5.9.3;worker/0.2.1:expected=typescript/5.9.3;worker/0.2.2")


======================================================================
FAIL: test_reading_outside_the_isolated_copy_is_denied (__main__.Execution.test_reading_outside_the_isolated_copy_is_denied)
----------------------------------------------------------------------
Traceback (most recent call last):
  File "/Users/yinsijie/CodeRepo/Atlas/scripts/test_execution.py", line 206, in setUp
    self.analysis = self.index()
                    ~~~~~~~~~~^^
  File "/Users/yinsijie/CodeRepo/Atlas/scripts/test_execution.py", line 225, in index
    return self.cli("index", self.project)["id"]
           ~~~~~~~~^^^^^^^^^^^^^^^^^^^^^^^
  File "/Users/yinsijie/CodeRepo/Atlas/scripts/test_execution.py", line 218, in cli
    self.assertEqual(
    ~~~~~~~~~~~~~~~~^
        result.returncode, expect,
        ^^^^^^^^^^^^^^^^^^^^^^^^^^
        f"exit {result.returncode} for {args}\nstdout={result.stdout}\nstderr={result.stderr}",
        ^^^^^^^^^^^^^^^^^^^^^^^^^^^^^^^^^^^^^^^^^^^^^^^^^^^^^^^^^^^^^^^^^^^^^^^^^^^^^^^^^^^^^^^
    )
    ^
AssertionError: 1 != 0 : exit 1 for ('index', PosixPath('/var/folders/d0/h8zmbc0971n266zb4nx3j9980000gn/T/atlas-exec-9e_isv4y/project'))
stdout=
stderr=Error: Invalid("worker_producer_not_supported:got=typescript/5.9.3;worker/0.2.1:expected=typescript/5.9.3;worker/0.2.2")


======================================================================
FAIL: test_records_are_immutable_and_readable_back (__main__.Execution.test_records_are_immutable_and_readable_back)
----------------------------------------------------------------------
Traceback (most recent call last):
  File "/Users/yinsijie/CodeRepo/Atlas/scripts/test_execution.py", line 206, in setUp
    self.analysis = self.index()
                    ~~~~~~~~~~^^
  File "/Users/yinsijie/CodeRepo/Atlas/scripts/test_execution.py", line 225, in index
    return self.cli("index", self.project)["id"]
           ~~~~~~~~^^^^^^^^^^^^^^^^^^^^^^^
  File "/Users/yinsijie/CodeRepo/Atlas/scripts/test_execution.py", line 218, in cli
    self.assertEqual(
    ~~~~~~~~~~~~~~~~^
        result.returncode, expect,
        ^^^^^^^^^^^^^^^^^^^^^^^^^^
        f"exit {result.returncode} for {args}\nstdout={result.stdout}\nstderr={result.stderr}",
        ^^^^^^^^^^^^^^^^^^^^^^^^^^^^^^^^^^^^^^^^^^^^^^^^^^^^^^^^^^^^^^^^^^^^^^^^^^^^^^^^^^^^^^^
    )
    ^
AssertionError: 1 != 0 : exit 1 for ('index', PosixPath('/var/folders/d0/h8zmbc0971n266zb4nx3j9980000gn/T/atlas-exec-gacsa2pk/project'))
stdout=
stderr=Error: Invalid("worker_producer_not_supported:got=typescript/5.9.3;worker/0.2.1:expected=typescript/5.9.3;worker/0.2.2")


======================================================================
FAIL: test_sigint_cancels_a_running_call_and_reports_it_as_cancelled (__main__.Execution.test_sigint_cancels_a_running_call_and_reports_it_as_cancelled)
----------------------------------------------------------------------
Traceback (most recent call last):
  File "/Users/yinsijie/CodeRepo/Atlas/scripts/test_execution.py", line 206, in setUp
    self.analysis = self.index()
                    ~~~~~~~~~~^^
  File "/Users/yinsijie/CodeRepo/Atlas/scripts/test_execution.py", line 225, in index
    return self.cli("index", self.project)["id"]
           ~~~~~~~~^^^^^^^^^^^^^^^^^^^^^^^
  File "/Users/yinsijie/CodeRepo/Atlas/scripts/test_execution.py", line 218, in cli
    self.assertEqual(
    ~~~~~~~~~~~~~~~~^
        result.returncode, expect,
        ^^^^^^^^^^^^^^^^^^^^^^^^^^
        f"exit {result.returncode} for {args}\nstdout={result.stdout}\nstderr={result.stderr}",
        ^^^^^^^^^^^^^^^^^^^^^^^^^^^^^^^^^^^^^^^^^^^^^^^^^^^^^^^^^^^^^^^^^^^^^^^^^^^^^^^^^^^^^^^
    )
    ^
AssertionError: 1 != 0 : exit 1 for ('index', PosixPath('/var/folders/d0/h8zmbc0971n266zb4nx3j9980000gn/T/atlas-exec-kqjvs3qd/project'))
stdout=
stderr=Error: Invalid("worker_producer_not_supported:got=typescript/5.9.3;worker/0.2.1:expected=typescript/5.9.3;worker/0.2.2")


======================================================================
FAIL: test_the_default_copy_is_still_the_whole_snapshot (__main__.Execution.test_the_default_copy_is_still_the_whole_snapshot)
----------------------------------------------------------------------
Traceback (most recent call last):
  File "/Users/yinsijie/CodeRepo/Atlas/scripts/test_execution.py", line 206, in setUp
    self.analysis = self.index()
                    ~~~~~~~~~~^^
  File "/Users/yinsijie/CodeRepo/Atlas/scripts/test_execution.py", line 225, in index
    return self.cli("index", self.project)["id"]
           ~~~~~~~~^^^^^^^^^^^^^^^^^^^^^^^
  File "/Users/yinsijie/CodeRepo/Atlas/scripts/test_execution.py", line 218, in cli
    self.assertEqual(
    ~~~~~~~~~~~~~~~~^
        result.returncode, expect,
        ^^^^^^^^^^^^^^^^^^^^^^^^^^
        f"exit {result.returncode} for {args}\nstdout={result.stdout}\nstderr={result.stderr}",
        ^^^^^^^^^^^^^^^^^^^^^^^^^^^^^^^^^^^^^^^^^^^^^^^^^^^^^^^^^^^^^^^^^^^^^^^^^^^^^^^^^^^^^^^
    )
    ^
AssertionError: 1 != 0 : exit 1 for ('index', PosixPath('/var/folders/d0/h8zmbc0971n266zb4nx3j9980000gn/T/atlas-exec-1jtm9cg3/project'))
stdout=
stderr=Error: Invalid("worker_producer_not_supported:got=typescript/5.9.3;worker/0.2.1:expected=typescript/5.9.3;worker/0.2.2")


======================================================================
FAIL: test_the_journal_names_the_permission_kind_for_each_blocked_attempt (__main__.Execution.test_the_journal_names_the_permission_kind_for_each_blocked_attempt)
----------------------------------------------------------------------
Traceback (most recent call last):
  File "/Users/yinsijie/CodeRepo/Atlas/scripts/test_execution.py", line 206, in setUp
    self.analysis = self.index()
                    ~~~~~~~~~~^^
  File "/Users/yinsijie/CodeRepo/Atlas/scripts/test_execution.py", line 225, in index
    return self.cli("index", self.project)["id"]
           ~~~~~~~~^^^^^^^^^^^^^^^^^^^^^^^
  File "/Users/yinsijie/CodeRepo/Atlas/scripts/test_execution.py", line 218, in cli
    self.assertEqual(
    ~~~~~~~~~~~~~~~~^
        result.returncode, expect,
        ^^^^^^^^^^^^^^^^^^^^^^^^^^
        f"exit {result.returncode} for {args}\nstdout={result.stdout}\nstderr={result.stderr}",
        ^^^^^^^^^^^^^^^^^^^^^^^^^^^^^^^^^^^^^^^^^^^^^^^^^^^^^^^^^^^^^^^^^^^^^^^^^^^^^^^^^^^^^^^
    )
    ^
AssertionError: 1 != 0 : exit 1 for ('index', PosixPath('/var/folders/d0/h8zmbc0971n266zb4nx3j9980000gn/T/atlas-exec-6qsw1czg/project'))
stdout=
stderr=Error: Invalid("worker_producer_not_supported:got=typescript/5.9.3;worker/0.2.1:expected=typescript/5.9.3;worker/0.2.2")


======================================================================
FAIL: test_the_permission_model_is_probed_rather_than_assumed (__main__.Execution.test_the_permission_model_is_probed_rather_than_assumed)
----------------------------------------------------------------------
Traceback (most recent call last):
  File "/Users/yinsijie/CodeRepo/Atlas/scripts/test_execution.py", line 206, in setUp
    self.analysis = self.index()
                    ~~~~~~~~~~^^
  File "/Users/yinsijie/CodeRepo/Atlas/scripts/test_execution.py", line 225, in index
    return self.cli("index", self.project)["id"]
           ~~~~~~~~^^^^^^^^^^^^^^^^^^^^^^^
  File "/Users/yinsijie/CodeRepo/Atlas/scripts/test_execution.py", line 218, in cli
    self.assertEqual(
    ~~~~~~~~~~~~~~~~^
        result.returncode, expect,
        ^^^^^^^^^^^^^^^^^^^^^^^^^^
        f"exit {result.returncode} for {args}\nstdout={result.stdout}\nstderr={result.stderr}",
        ^^^^^^^^^^^^^^^^^^^^^^^^^^^^^^^^^^^^^^^^^^^^^^^^^^^^^^^^^^^^^^^^^^^^^^^^^^^^^^^^^^^^^^^
    )
    ^
AssertionError: 1 != 0 : exit 1 for ('index', PosixPath('/var/folders/d0/h8zmbc0971n266zb4nx3j9980000gn/T/atlas-exec-3mus5rxq/project'))
stdout=
stderr=Error: Invalid("worker_producer_not_supported:got=typescript/5.9.3;worker/0.2.1:expected=typescript/5.9.3;worker/0.2.2")


======================================================================
FAIL: test_the_plan_for_a_via_run_names_both_stages (__main__.Execution.test_the_plan_for_a_via_run_names_both_stages)
----------------------------------------------------------------------
Traceback (most recent call last):
  File "/Users/yinsijie/CodeRepo/Atlas/scripts/test_execution.py", line 206, in setUp
    self.analysis = self.index()
                    ~~~~~~~~~~^^
  File "/Users/yinsijie/CodeRepo/Atlas/scripts/test_execution.py", line 225, in index
    return self.cli("index", self.project)["id"]
           ~~~~~~~~^^^^^^^^^^^^^^^^^^^^^^^
  File "/Users/yinsijie/CodeRepo/Atlas/scripts/test_execution.py", line 218, in cli
    self.assertEqual(
    ~~~~~~~~~~~~~~~~^
        result.returncode, expect,
        ^^^^^^^^^^^^^^^^^^^^^^^^^^
        f"exit {result.returncode} for {args}\nstdout={result.stdout}\nstderr={result.stderr}",
        ^^^^^^^^^^^^^^^^^^^^^^^^^^^^^^^^^^^^^^^^^^^^^^^^^^^^^^^^^^^^^^^^^^^^^^^^^^^^^^^^^^^^^^^
    )
    ^
AssertionError: 1 != 0 : exit 1 for ('index', PosixPath('/var/folders/d0/h8zmbc0971n266zb4nx3j9980000gn/T/atlas-exec-otc3od71/project'))
stdout=
stderr=Error: Invalid("worker_producer_not_supported:got=typescript/5.9.3;worker/0.2.1:expected=typescript/5.9.3;worker/0.2.2")


======================================================================
FAIL: test_the_plan_stage_reports_the_decision_without_running (__main__.Execution.test_the_plan_stage_reports_the_decision_without_running)
----------------------------------------------------------------------
Traceback (most recent call last):
  File "/Users/yinsijie/CodeRepo/Atlas/scripts/test_execution.py", line 206, in setUp
    self.analysis = self.index()
                    ~~~~~~~~~~^^
  File "/Users/yinsijie/CodeRepo/Atlas/scripts/test_execution.py", line 225, in index
    return self.cli("index", self.project)["id"]
           ~~~~~~~~^^^^^^^^^^^^^^^^^^^^^^^
  File "/Users/yinsijie/CodeRepo/Atlas/scripts/test_execution.py", line 218, in cli
    self.assertEqual(
    ~~~~~~~~~~~~~~~~^
        result.returncode, expect,
        ^^^^^^^^^^^^^^^^^^^^^^^^^^
        f"exit {result.returncode} for {args}\nstdout={result.stdout}\nstderr={result.stderr}",
        ^^^^^^^^^^^^^^^^^^^^^^^^^^^^^^^^^^^^^^^^^^^^^^^^^^^^^^^^^^^^^^^^^^^^^^^^^^^^^^^^^^^^^^^
    )
    ^
AssertionError: 1 != 0 : exit 1 for ('index', PosixPath('/var/folders/d0/h8zmbc0971n266zb4nx3j9980000gn/T/atlas-exec-_4jtlpey/project'))
stdout=
stderr=Error: Invalid("worker_producer_not_supported:got=typescript/5.9.3;worker/0.2.1:expected=typescript/5.9.3;worker/0.2.2")


======================================================================
FAIL: test_the_same_spec_is_the_same_record (__main__.Execution.test_the_same_spec_is_the_same_record)
----------------------------------------------------------------------
Traceback (most recent call last):
  File "/Users/yinsijie/CodeRepo/Atlas/scripts/test_execution.py", line 206, in setUp
    self.analysis = self.index()
                    ~~~~~~~~~~^^
  File "/Users/yinsijie/CodeRepo/Atlas/scripts/test_execution.py", line 225, in index
    return self.cli("index", self.project)["id"]
           ~~~~~~~~^^^^^^^^^^^^^^^^^^^^^^^
  File "/Users/yinsijie/CodeRepo/Atlas/scripts/test_execution.py", line 218, in cli
    self.assertEqual(
    ~~~~~~~~~~~~~~~~^
        result.returncode, expect,
        ^^^^^^^^^^^^^^^^^^^^^^^^^^
        f"exit {result.returncode} for {args}\nstdout={result.stdout}\nstderr={result.stderr}",
        ^^^^^^^^^^^^^^^^^^^^^^^^^^^^^^^^^^^^^^^^^^^^^^^^^^^^^^^^^^^^^^^^^^^^^^^^^^^^^^^^^^^^^^^
    )
    ^
AssertionError: 1 != 0 : exit 1 for ('index', PosixPath('/var/folders/d0/h8zmbc0971n266zb4nx3j9980000gn/T/atlas-exec-447jt046/project'))
stdout=
stderr=Error: Invalid("worker_producer_not_supported:got=typescript/5.9.3;worker/0.2.1:expected=typescript/5.9.3;worker/0.2.2")


======================================================================
FAIL: test_the_trace_never_claims_more_than_was_observed (__main__.Execution.test_the_trace_never_claims_more_than_was_observed)
----------------------------------------------------------------------
Traceback (most recent call last):
  File "/Users/yinsijie/CodeRepo/Atlas/scripts/test_execution.py", line 206, in setUp
    self.analysis = self.index()
                    ~~~~~~~~~~^^
  File "/Users/yinsijie/CodeRepo/Atlas/scripts/test_execution.py", line 225, in index
    return self.cli("index", self.project)["id"]
           ~~~~~~~~^^^^^^^^^^^^^^^^^^^^^^^
  File "/Users/yinsijie/CodeRepo/Atlas/scripts/test_execution.py", line 218, in cli
    self.assertEqual(
    ~~~~~~~~~~~~~~~~^
        result.returncode, expect,
        ^^^^^^^^^^^^^^^^^^^^^^^^^^
        f"exit {result.returncode} for {args}\nstdout={result.stdout}\nstderr={result.stderr}",
        ^^^^^^^^^^^^^^^^^^^^^^^^^^^^^^^^^^^^^^^^^^^^^^^^^^^^^^^^^^^^^^^^^^^^^^^^^^^^^^^^^^^^^^^
    )
    ^
AssertionError: 1 != 0 : exit 1 for ('index', PosixPath('/var/folders/d0/h8zmbc0971n266zb4nx3j9980000gn/T/atlas-exec-net3frci/project'))
stdout=
stderr=Error: Invalid("worker_producer_not_supported:got=typescript/5.9.3;worker/0.2.1:expected=typescript/5.9.3;worker/0.2.2")


======================================================================
FAIL: test_a_closure_runs_over_http_through_its_enclosing_function (__main__.HttpClosure.test_a_closure_runs_over_http_through_its_enclosing_function)
----------------------------------------------------------------------
Traceback (most recent call last):
  File "/Users/yinsijie/CodeRepo/Atlas/scripts/test_execution.py", line 1044, in setUp
    self.assertEqual(indexed.returncode, 0, indexed.stderr)
    ~~~~~~~~~~~~~~~~^^^^^^^^^^^^^^^^^^^^^^^^^^^^^^^^^^^^^^^
AssertionError: 1 != 0 : Error: Invalid("worker_producer_not_supported:got=typescript/5.9.3;worker/0.2.1:expected=typescript/5.9.3;worker/0.2.2")


======================================================================
FAIL: test_an_http_via_run_without_the_acknowledgement_is_refused_not_run (__main__.HttpClosure.test_an_http_via_run_without_the_acknowledgement_is_refused_not_run)
----------------------------------------------------------------------
Traceback (most recent call last):
  File "/Users/yinsijie/CodeRepo/Atlas/scripts/test_execution.py", line 1044, in setUp
    self.assertEqual(indexed.returncode, 0, indexed.stderr)
    ~~~~~~~~~~~~~~~~^^^^^^^^^^^^^^^^^^^^^^^^^^^^^^^^^^^^^^^
AssertionError: 1 != 0 : Error: Invalid("worker_producer_not_supported:got=typescript/5.9.3;worker/0.2.1:expected=typescript/5.9.3;worker/0.2.2")


======================================================================
FAIL: test_an_http_via_that_is_not_the_enclosing_function_is_refused (__main__.HttpClosure.test_an_http_via_that_is_not_the_enclosing_function_is_refused)
----------------------------------------------------------------------
Traceback (most recent call last):
  File "/Users/yinsijie/CodeRepo/Atlas/scripts/test_execution.py", line 1044, in setUp
    self.assertEqual(indexed.returncode, 0, indexed.stderr)
    ~~~~~~~~~~~~~~~~^^^^^^^^^^^^^^^^^^^^^^^^^^^^^^^^^^^^^^^
AssertionError: 1 != 0 : Error: Invalid("worker_producer_not_supported:got=typescript/5.9.3;worker/0.2.1:expected=typescript/5.9.3;worker/0.2.2")


----------------------------------------------------------------------
Ran 59 tests in 45.034s

FAILED (failures=59)
