test_a_host_can_ask_what_an_old_selection_becomes_here (__main__.HostSeam.test_a_host_can_ask_what_an_old_selection_becomes_here) ... FAIL
test_a_host_can_name_a_chain_of_enclosing_functions (__main__.HostSeam.test_a_host_can_name_a_chain_of_enclosing_functions) ... FAIL
test_a_host_can_plan_and_then_run_a_controlled_call (__main__.HostSeam.test_a_host_can_plan_and_then_run_a_controlled_call) ... FAIL
test_a_host_can_register_and_read_a_patch_proposal (__main__.HostSeam.test_a_host_can_register_and_read_a_patch_proposal) ... FAIL
test_a_host_can_work_end_to_end_over_the_service (__main__.HostSeam.test_a_host_can_work_end_to_end_over_the_service) ... FAIL
test_a_host_reaches_a_closure_through_its_enclosing_function (__main__.HostSeam.test_a_host_reaches_a_closure_through_its_enclosing_function) ... FAIL
test_the_adapter_has_no_storage_access (__main__.HostSeam.test_the_adapter_has_no_storage_access) ... FAIL
test_the_adapter_only_uses_published_endpoints (__main__.HostSeam.test_the_adapter_only_uses_published_endpoints) ... FAIL
test_the_bounded_bridge_is_reachable_from_a_host (__main__.HostSeam.test_the_bounded_bridge_is_reachable_from_a_host) ... FAIL
test_the_contract_does_not_leak_the_store_layout (__main__.HostSeam.test_the_contract_does_not_leak_the_store_layout) ... FAIL
test_the_contract_requires_the_session_like_every_other_query (__main__.HostSeam.test_the_contract_requires_the_session_like_every_other_query) ... FAIL

======================================================================
FAIL: test_a_host_can_ask_what_an_old_selection_becomes_here (__main__.HostSeam.test_a_host_can_ask_what_an_old_selection_becomes_here)
----------------------------------------------------------------------
Traceback (most recent call last):
  File "/Users/yinsijie/CodeRepo/Atlas/scripts/test_host_adapter.py", line 188, in setUp
    self.assertEqual(indexed.returncode, 0, indexed.stderr)
    ~~~~~~~~~~~~~~~~^^^^^^^^^^^^^^^^^^^^^^^^^^^^^^^^^^^^^^^
AssertionError: 1 != 0 : Error: Invalid("worker_producer_not_supported:got=typescript/5.9.3;worker/0.2.1:expected=typescript/5.9.3;worker/0.2.2")


======================================================================
FAIL: test_a_host_can_name_a_chain_of_enclosing_functions (__main__.HostSeam.test_a_host_can_name_a_chain_of_enclosing_functions)
----------------------------------------------------------------------
Traceback (most recent call last):
  File "/Users/yinsijie/CodeRepo/Atlas/scripts/test_host_adapter.py", line 188, in setUp
    self.assertEqual(indexed.returncode, 0, indexed.stderr)
    ~~~~~~~~~~~~~~~~^^^^^^^^^^^^^^^^^^^^^^^^^^^^^^^^^^^^^^^
AssertionError: 1 != 0 : Error: Invalid("worker_producer_not_supported:got=typescript/5.9.3;worker/0.2.1:expected=typescript/5.9.3;worker/0.2.2")


======================================================================
FAIL: test_a_host_can_plan_and_then_run_a_controlled_call (__main__.HostSeam.test_a_host_can_plan_and_then_run_a_controlled_call)
----------------------------------------------------------------------
Traceback (most recent call last):
  File "/Users/yinsijie/CodeRepo/Atlas/scripts/test_host_adapter.py", line 188, in setUp
    self.assertEqual(indexed.returncode, 0, indexed.stderr)
    ~~~~~~~~~~~~~~~~^^^^^^^^^^^^^^^^^^^^^^^^^^^^^^^^^^^^^^^
AssertionError: 1 != 0 : Error: Invalid("worker_producer_not_supported:got=typescript/5.9.3;worker/0.2.1:expected=typescript/5.9.3;worker/0.2.2")


======================================================================
FAIL: test_a_host_can_register_and_read_a_patch_proposal (__main__.HostSeam.test_a_host_can_register_and_read_a_patch_proposal)
----------------------------------------------------------------------
Traceback (most recent call last):
  File "/Users/yinsijie/CodeRepo/Atlas/scripts/test_host_adapter.py", line 188, in setUp
    self.assertEqual(indexed.returncode, 0, indexed.stderr)
    ~~~~~~~~~~~~~~~~^^^^^^^^^^^^^^^^^^^^^^^^^^^^^^^^^^^^^^^
AssertionError: 1 != 0 : Error: Invalid("worker_producer_not_supported:got=typescript/5.9.3;worker/0.2.1:expected=typescript/5.9.3;worker/0.2.2")


======================================================================
FAIL: test_a_host_can_work_end_to_end_over_the_service (__main__.HostSeam.test_a_host_can_work_end_to_end_over_the_service)
----------------------------------------------------------------------
Traceback (most recent call last):
  File "/Users/yinsijie/CodeRepo/Atlas/scripts/test_host_adapter.py", line 188, in setUp
    self.assertEqual(indexed.returncode, 0, indexed.stderr)
    ~~~~~~~~~~~~~~~~^^^^^^^^^^^^^^^^^^^^^^^^^^^^^^^^^^^^^^^
AssertionError: 1 != 0 : Error: Invalid("worker_producer_not_supported:got=typescript/5.9.3;worker/0.2.1:expected=typescript/5.9.3;worker/0.2.2")


======================================================================
FAIL: test_a_host_reaches_a_closure_through_its_enclosing_function (__main__.HostSeam.test_a_host_reaches_a_closure_through_its_enclosing_function)
----------------------------------------------------------------------
Traceback (most recent call last):
  File "/Users/yinsijie/CodeRepo/Atlas/scripts/test_host_adapter.py", line 188, in setUp
    self.assertEqual(indexed.returncode, 0, indexed.stderr)
    ~~~~~~~~~~~~~~~~^^^^^^^^^^^^^^^^^^^^^^^^^^^^^^^^^^^^^^^
AssertionError: 1 != 0 : Error: Invalid("worker_producer_not_supported:got=typescript/5.9.3;worker/0.2.1:expected=typescript/5.9.3;worker/0.2.2")


======================================================================
FAIL: test_the_adapter_has_no_storage_access (__main__.HostSeam.test_the_adapter_has_no_storage_access)
----------------------------------------------------------------------
Traceback (most recent call last):
  File "/Users/yinsijie/CodeRepo/Atlas/scripts/test_host_adapter.py", line 188, in setUp
    self.assertEqual(indexed.returncode, 0, indexed.stderr)
    ~~~~~~~~~~~~~~~~^^^^^^^^^^^^^^^^^^^^^^^^^^^^^^^^^^^^^^^
AssertionError: 1 != 0 : Error: Invalid("worker_producer_not_supported:got=typescript/5.9.3;worker/0.2.1:expected=typescript/5.9.3;worker/0.2.2")


======================================================================
FAIL: test_the_adapter_only_uses_published_endpoints (__main__.HostSeam.test_the_adapter_only_uses_published_endpoints)
----------------------------------------------------------------------
Traceback (most recent call last):
  File "/Users/yinsijie/CodeRepo/Atlas/scripts/test_host_adapter.py", line 188, in setUp
    self.assertEqual(indexed.returncode, 0, indexed.stderr)
    ~~~~~~~~~~~~~~~~^^^^^^^^^^^^^^^^^^^^^^^^^^^^^^^^^^^^^^^
AssertionError: 1 != 0 : Error: Invalid("worker_producer_not_supported:got=typescript/5.9.3;worker/0.2.1:expected=typescript/5.9.3;worker/0.2.2")


======================================================================
FAIL: test_the_bounded_bridge_is_reachable_from_a_host (__main__.HostSeam.test_the_bounded_bridge_is_reachable_from_a_host)
----------------------------------------------------------------------
Traceback (most recent call last):
  File "/Users/yinsijie/CodeRepo/Atlas/scripts/test_host_adapter.py", line 188, in setUp
    self.assertEqual(indexed.returncode, 0, indexed.stderr)
    ~~~~~~~~~~~~~~~~^^^^^^^^^^^^^^^^^^^^^^^^^^^^^^^^^^^^^^^
AssertionError: 1 != 0 : Error: Invalid("worker_producer_not_supported:got=typescript/5.9.3;worker/0.2.1:expected=typescript/5.9.3;worker/0.2.2")


======================================================================
FAIL: test_the_contract_does_not_leak_the_store_layout (__main__.HostSeam.test_the_contract_does_not_leak_the_store_layout)
----------------------------------------------------------------------
Traceback (most recent call last):
  File "/Users/yinsijie/CodeRepo/Atlas/scripts/test_host_adapter.py", line 188, in setUp
    self.assertEqual(indexed.returncode, 0, indexed.stderr)
    ~~~~~~~~~~~~~~~~^^^^^^^^^^^^^^^^^^^^^^^^^^^^^^^^^^^^^^^
AssertionError: 1 != 0 : Error: Invalid("worker_producer_not_supported:got=typescript/5.9.3;worker/0.2.1:expected=typescript/5.9.3;worker/0.2.2")


======================================================================
FAIL: test_the_contract_requires_the_session_like_every_other_query (__main__.HostSeam.test_the_contract_requires_the_session_like_every_other_query)
----------------------------------------------------------------------
Traceback (most recent call last):
  File "/Users/yinsijie/CodeRepo/Atlas/scripts/test_host_adapter.py", line 188, in setUp
    self.assertEqual(indexed.returncode, 0, indexed.stderr)
    ~~~~~~~~~~~~~~~~^^^^^^^^^^^^^^^^^^^^^^^^^^^^^^^^^^^^^^^
AssertionError: 1 != 0 : Error: Invalid("worker_producer_not_supported:got=typescript/5.9.3;worker/0.2.1:expected=typescript/5.9.3;worker/0.2.2")


----------------------------------------------------------------------
Ran 11 tests in 5.397s

FAILED (failures=11)
