test_a_deleted_file_is_withdrawn_and_leaves_no_trace (__main__.Incremental.test_a_deleted_file_is_withdrawn_and_leaves_no_trace) ... FAIL
test_a_first_run_derives_everything_and_says_so (__main__.Incremental.test_a_first_run_derives_everything_and_says_so) ... FAIL
test_a_shared_dependency_invalidates_its_dependents (__main__.Incremental.test_a_shared_dependency_invalidates_its_dependents) ... FAIL
test_an_edited_file_is_the_only_one_invalidated (__main__.Incremental.test_an_edited_file_is_the_only_one_invalidated) ... FAIL
test_an_unchanged_tree_reuses_the_analysis_a_full_run_would_publish (__main__.Incremental.test_an_unchanged_tree_reuses_the_analysis_a_full_run_would_publish) ... FAIL
test_the_analysis_id_survives_every_incremental_path (__main__.Incremental.test_the_analysis_id_survives_every_incremental_path) ... FAIL

======================================================================
FAIL: test_a_deleted_file_is_withdrawn_and_leaves_no_trace (__main__.Incremental.test_a_deleted_file_is_withdrawn_and_leaves_no_trace)
----------------------------------------------------------------------
Traceback (most recent call last):
  File "/Users/yinsijie/CodeRepo/Atlas/scripts/test_incremental.py", line 127, in test_a_deleted_file_is_withdrawn_and_leaves_no_trace
    self.incremental()
    ~~~~~~~~~~~~~~~~^^
  File "/Users/yinsijie/CodeRepo/Atlas/scripts/test_incremental.py", line 65, in incremental
    return self.cli("index", self.project, "--incremental", store=store)
           ~~~~~~~~^^^^^^^^^^^^^^^^^^^^^^^^^^^^^^^^^^^^^^^^^^^^^^^^^^^^^
  File "/Users/yinsijie/CodeRepo/Atlas/scripts/test_incremental.py", line 59, in cli
    self.assertEqual(result.returncode, 0, result.stderr)
    ~~~~~~~~~~~~~~~~^^^^^^^^^^^^^^^^^^^^^^^^^^^^^^^^^^^^^
AssertionError: 1 != 0 : Error: Invalid("worker_producer_not_supported:got=typescript/5.9.3;worker/0.2.1:expected=typescript/5.9.3;worker/0.2.2")


======================================================================
FAIL: test_a_first_run_derives_everything_and_says_so (__main__.Incremental.test_a_first_run_derives_everything_and_says_so)
----------------------------------------------------------------------
Traceback (most recent call last):
  File "/Users/yinsijie/CodeRepo/Atlas/scripts/test_incremental.py", line 78, in test_a_first_run_derives_everything_and_says_so
    report = self.incremental()["incremental"]
             ~~~~~~~~~~~~~~~~^^
  File "/Users/yinsijie/CodeRepo/Atlas/scripts/test_incremental.py", line 65, in incremental
    return self.cli("index", self.project, "--incremental", store=store)
           ~~~~~~~~^^^^^^^^^^^^^^^^^^^^^^^^^^^^^^^^^^^^^^^^^^^^^^^^^^^^^
  File "/Users/yinsijie/CodeRepo/Atlas/scripts/test_incremental.py", line 59, in cli
    self.assertEqual(result.returncode, 0, result.stderr)
    ~~~~~~~~~~~~~~~~^^^^^^^^^^^^^^^^^^^^^^^^^^^^^^^^^^^^^
AssertionError: 1 != 0 : Error: Invalid("worker_producer_not_supported:got=typescript/5.9.3;worker/0.2.1:expected=typescript/5.9.3;worker/0.2.2")


======================================================================
FAIL: test_a_shared_dependency_invalidates_its_dependents (__main__.Incremental.test_a_shared_dependency_invalidates_its_dependents)
----------------------------------------------------------------------
Traceback (most recent call last):
  File "/Users/yinsijie/CodeRepo/Atlas/scripts/test_incremental.py", line 109, in test_a_shared_dependency_invalidates_its_dependents
    self.incremental()
    ~~~~~~~~~~~~~~~~^^
  File "/Users/yinsijie/CodeRepo/Atlas/scripts/test_incremental.py", line 65, in incremental
    return self.cli("index", self.project, "--incremental", store=store)
           ~~~~~~~~^^^^^^^^^^^^^^^^^^^^^^^^^^^^^^^^^^^^^^^^^^^^^^^^^^^^^
  File "/Users/yinsijie/CodeRepo/Atlas/scripts/test_incremental.py", line 59, in cli
    self.assertEqual(result.returncode, 0, result.stderr)
    ~~~~~~~~~~~~~~~~^^^^^^^^^^^^^^^^^^^^^^^^^^^^^^^^^^^^^
AssertionError: 1 != 0 : Error: Invalid("worker_producer_not_supported:got=typescript/5.9.3;worker/0.2.1:expected=typescript/5.9.3;worker/0.2.2")


======================================================================
FAIL: test_an_edited_file_is_the_only_one_invalidated (__main__.Incremental.test_an_edited_file_is_the_only_one_invalidated)
----------------------------------------------------------------------
Traceback (most recent call last):
  File "/Users/yinsijie/CodeRepo/Atlas/scripts/test_incremental.py", line 97, in test_an_edited_file_is_the_only_one_invalidated
    self.incremental()
    ~~~~~~~~~~~~~~~~^^
  File "/Users/yinsijie/CodeRepo/Atlas/scripts/test_incremental.py", line 65, in incremental
    return self.cli("index", self.project, "--incremental", store=store)
           ~~~~~~~~^^^^^^^^^^^^^^^^^^^^^^^^^^^^^^^^^^^^^^^^^^^^^^^^^^^^^
  File "/Users/yinsijie/CodeRepo/Atlas/scripts/test_incremental.py", line 59, in cli
    self.assertEqual(result.returncode, 0, result.stderr)
    ~~~~~~~~~~~~~~~~^^^^^^^^^^^^^^^^^^^^^^^^^^^^^^^^^^^^^
AssertionError: 1 != 0 : Error: Invalid("worker_producer_not_supported:got=typescript/5.9.3;worker/0.2.1:expected=typescript/5.9.3;worker/0.2.2")


======================================================================
FAIL: test_an_unchanged_tree_reuses_the_analysis_a_full_run_would_publish (__main__.Incremental.test_an_unchanged_tree_reuses_the_analysis_a_full_run_would_publish)
----------------------------------------------------------------------
Traceback (most recent call last):
  File "/Users/yinsijie/CodeRepo/Atlas/scripts/test_incremental.py", line 87, in test_an_unchanged_tree_reuses_the_analysis_a_full_run_would_publish
    first = self.incremental()
  File "/Users/yinsijie/CodeRepo/Atlas/scripts/test_incremental.py", line 65, in incremental
    return self.cli("index", self.project, "--incremental", store=store)
           ~~~~~~~~^^^^^^^^^^^^^^^^^^^^^^^^^^^^^^^^^^^^^^^^^^^^^^^^^^^^^
  File "/Users/yinsijie/CodeRepo/Atlas/scripts/test_incremental.py", line 59, in cli
    self.assertEqual(result.returncode, 0, result.stderr)
    ~~~~~~~~~~~~~~~~^^^^^^^^^^^^^^^^^^^^^^^^^^^^^^^^^^^^^
AssertionError: 1 != 0 : Error: Invalid("worker_producer_not_supported:got=typescript/5.9.3;worker/0.2.1:expected=typescript/5.9.3;worker/0.2.2")


======================================================================
FAIL: test_the_analysis_id_survives_every_incremental_path (__main__.Incremental.test_the_analysis_id_survives_every_incremental_path)
----------------------------------------------------------------------
Traceback (most recent call last):
  File "/Users/yinsijie/CodeRepo/Atlas/scripts/test_incremental.py", line 145, in test_the_analysis_id_survives_every_incremental_path
    self.incremental()
    ~~~~~~~~~~~~~~~~^^
  File "/Users/yinsijie/CodeRepo/Atlas/scripts/test_incremental.py", line 65, in incremental
    return self.cli("index", self.project, "--incremental", store=store)
           ~~~~~~~~^^^^^^^^^^^^^^^^^^^^^^^^^^^^^^^^^^^^^^^^^^^^^^^^^^^^^
  File "/Users/yinsijie/CodeRepo/Atlas/scripts/test_incremental.py", line 59, in cli
    self.assertEqual(result.returncode, 0, result.stderr)
    ~~~~~~~~~~~~~~~~^^^^^^^^^^^^^^^^^^^^^^^^^^^^^^^^^^^^^
AssertionError: 1 != 0 : Error: Invalid("worker_producer_not_supported:got=typescript/5.9.3;worker/0.2.1:expected=typescript/5.9.3;worker/0.2.2")


----------------------------------------------------------------------
Ran 6 tests in 6.869s

FAILED (failures=6)
