test_alpha_renaming_yields_equivalent_flow_facts (__main__.Integration.test_alpha_renaming_yields_equivalent_flow_facts)
D21: same-length alpha renaming must produce byte-identical flow ... FAIL
test_calculator_actual_cross_file_chain_and_unknown_denominator (__main__.Integration.test_calculator_actual_cross_file_chain_and_unknown_denominator) ... FAIL
test_corrupted_blob_is_refused_and_old_flow_facts_survive (__main__.Integration.test_corrupted_blob_is_refused_and_old_flow_facts_survive)
D20: a corrupted captured blob must fail source reads cleanly while ... FAIL
test_flow_facts_through_real_worker_store_cli_and_http (__main__.Integration.test_flow_facts_through_real_worker_store_cli_and_http)
D22 pipeline: JS source -> worker IR -> Rust CFG/solver -> SQLite -> ... FAIL
test_flow_queries_reject_unknown_symbols (__main__.Integration.test_flow_queries_reject_unknown_symbols)
D20-lite: invented flow facts cannot be queried into existence. ... FAIL
test_getters_and_proxies_are_data_never_executed_and_effects_stay_unknown (__main__.Integration.test_getters_and_proxies_are_data_never_executed_and_effects_stay_unknown)
D06: analysis reads text; a getter that would write a marker never ... FAIL
test_http_execution_keeps_the_process_boundary_server_side (__main__.Integration.test_http_execution_keeps_the_process_boundary_server_side)
W08 over HTTP: a local page can ask for a run, not redefine its sandbox. ... FAIL
test_index_does_not_execute_project_or_load_ambient_node_options (__main__.Integration.test_index_does_not_execute_project_or_load_ambient_node_options) ... FAIL
test_k1_context_sensitive_folding_end_to_end (__main__.Integration.test_k1_context_sensitive_folding_end_to_end)
k=1: the same callee called with different constants folds each ... FAIL
test_local_web_authorization_revision_and_shutdown (__main__.Integration.test_local_web_authorization_revision_and_shutdown) ... FAIL
test_multi_project_store_isolation (__main__.Integration.test_multi_project_store_isolation)
W06-lite: two projects in one store stay version-isolated; no query ... FAIL
test_nested_finally_and_wide_branch_stay_linear_within_budget (__main__.Integration.test_nested_finally_and_wide_branch_stay_linear_within_budget)
D19/AL-05: shared finally dispatch must keep the CFG linear under ... FAIL
test_old_revision_context_and_query_cursor_survive_reindex (__main__.Integration.test_old_revision_context_and_query_cursor_survive_reindex) ... FAIL
test_sigint_cancels_index_kills_worker_and_publishes_nothing (__main__.Integration.test_sigint_cancels_index_kills_worker_and_publishes_nothing)
W06: SIGINT during the worker stage terminates atlas with a nonzero ... <frozen importlib._bootstrap_external>:511: ResourceWarning: unclosed database in <sqlite3.Connection object at 0x107dcdf30>
/usr/local/Cellar/python@3.14/3.14.7/Frameworks/Python.framework/Versions/3.14/lib/python3.14/unittest/case.py:615: ResourceWarning: unclosed file <_io.TextIOWrapper name=5 encoding='UTF-8'>
  result = method()
ResourceWarning: Enable tracemalloc to get the object allocation traceback
/usr/local/Cellar/python@3.14/3.14.7/Frameworks/Python.framework/Versions/3.14/lib/python3.14/unittest/case.py:615: ResourceWarning: unclosed file <_io.TextIOWrapper name=3 encoding='UTF-8'>
  result = method()
ResourceWarning: Enable tracemalloc to get the object allocation traceback
ok
test_synthetic_pagination_counts_all_1200_functions_without_claiming_scale (__main__.Integration.test_synthetic_pagination_counts_all_1200_functions_without_claiming_scale) ... FAIL
test_the_worker_heap_ceiling_is_configurable_bounded_and_named (__main__.Integration.test_the_worker_heap_ceiling_is_configurable_bounded_and_named)
The worker holds the whole program, so its footprint scales with the ... FAIL
test_worker_crash_leaves_store_intact_and_old_analyses_readable (__main__.Integration.test_worker_crash_leaves_store_intact_and_old_analyses_readable)
W06: a worker that exits non-zero mid-pipeline publishes nothing, ... FAIL
test_worker_ir_tampering_is_rejected_before_derived_facts (__main__.Integration.test_worker_ir_tampering_is_rejected_before_derived_facts)
R6 formalization: duplicate binding ids, dangling local references ... ok

======================================================================
FAIL: test_alpha_renaming_yields_equivalent_flow_facts (__main__.Integration.test_alpha_renaming_yields_equivalent_flow_facts)
D21: same-length alpha renaming must produce byte-identical flow
----------------------------------------------------------------------
Traceback (most recent call last):
  File "/Users/yinsijie/CodeRepo/Atlas/scripts/test_integration.py", line 409, in test_alpha_renaming_yields_equivalent_flow_facts
    self.assertEqual(out.returncode, 0, out.stderr)
    ~~~~~~~~~~~~~~~~^^^^^^^^^^^^^^^^^^^^^^^^^^^^^^^
AssertionError: 1 != 0 : Error: Invalid("worker_producer_not_supported:got=typescript/5.9.3;worker/0.2.1:expected=typescript/5.9.3;worker/0.2.2")


======================================================================
FAIL: test_calculator_actual_cross_file_chain_and_unknown_denominator (__main__.Integration.test_calculator_actual_cross_file_chain_and_unknown_denominator)
----------------------------------------------------------------------
Traceback (most recent call last):
  File "/Users/yinsijie/CodeRepo/Atlas/scripts/test_integration.py", line 47, in test_calculator_actual_cross_file_chain_and_unknown_denominator
    a = self.index()
  File "/Users/yinsijie/CodeRepo/Atlas/scripts/test_integration.py", line 44, in index
    return self.cli("index", self.project)
           ~~~~~~~~^^^^^^^^^^^^^^^^^^^^^^^
  File "/Users/yinsijie/CodeRepo/Atlas/scripts/test_integration.py", line 38, in cli
    self.assertEqual(result.returncode, 0, result.stderr)
    ~~~~~~~~~~~~~~~~^^^^^^^^^^^^^^^^^^^^^^^^^^^^^^^^^^^^^
AssertionError: 1 != 0 : Error: Invalid("worker_producer_not_supported:got=typescript/5.9.3;worker/0.2.1:expected=typescript/5.9.3;worker/0.2.2")


======================================================================
FAIL: test_corrupted_blob_is_refused_and_old_flow_facts_survive (__main__.Integration.test_corrupted_blob_is_refused_and_old_flow_facts_survive)
D20: a corrupted captured blob must fail source reads cleanly while
----------------------------------------------------------------------
Traceback (most recent call last):
  File "/Users/yinsijie/CodeRepo/Atlas/scripts/test_integration.py", line 352, in test_corrupted_blob_is_refused_and_old_flow_facts_survive
    a = self.index()
  File "/Users/yinsijie/CodeRepo/Atlas/scripts/test_integration.py", line 44, in index
    return self.cli("index", self.project)
           ~~~~~~~~^^^^^^^^^^^^^^^^^^^^^^^
  File "/Users/yinsijie/CodeRepo/Atlas/scripts/test_integration.py", line 38, in cli
    self.assertEqual(result.returncode, 0, result.stderr)
    ~~~~~~~~~~~~~~~~^^^^^^^^^^^^^^^^^^^^^^^^^^^^^^^^^^^^^
AssertionError: 1 != 0 : Error: Invalid("worker_producer_not_supported:got=typescript/5.9.3;worker/0.2.1:expected=typescript/5.9.3;worker/0.2.2")


======================================================================
FAIL: test_flow_facts_through_real_worker_store_cli_and_http (__main__.Integration.test_flow_facts_through_real_worker_store_cli_and_http)
D22 pipeline: JS source -> worker IR -> Rust CFG/solver -> SQLite ->
----------------------------------------------------------------------
Traceback (most recent call last):
  File "/Users/yinsijie/CodeRepo/Atlas/scripts/test_integration.py", line 159, in test_flow_facts_through_real_worker_store_cli_and_http
    a = self.index()
  File "/Users/yinsijie/CodeRepo/Atlas/scripts/test_integration.py", line 44, in index
    return self.cli("index", self.project)
           ~~~~~~~~^^^^^^^^^^^^^^^^^^^^^^^
  File "/Users/yinsijie/CodeRepo/Atlas/scripts/test_integration.py", line 38, in cli
    self.assertEqual(result.returncode, 0, result.stderr)
    ~~~~~~~~~~~~~~~~^^^^^^^^^^^^^^^^^^^^^^^^^^^^^^^^^^^^^
AssertionError: 1 != 0 : Error: Invalid("worker_producer_not_supported:got=typescript/5.9.3;worker/0.2.1:expected=typescript/5.9.3;worker/0.2.2")


======================================================================
FAIL: test_flow_queries_reject_unknown_symbols (__main__.Integration.test_flow_queries_reject_unknown_symbols)
D20-lite: invented flow facts cannot be queried into existence.
----------------------------------------------------------------------
Traceback (most recent call last):
  File "/Users/yinsijie/CodeRepo/Atlas/scripts/test_integration.py", line 681, in test_flow_queries_reject_unknown_symbols
    a = self.index()
  File "/Users/yinsijie/CodeRepo/Atlas/scripts/test_integration.py", line 44, in index
    return self.cli("index", self.project)
           ~~~~~~~~^^^^^^^^^^^^^^^^^^^^^^^
  File "/Users/yinsijie/CodeRepo/Atlas/scripts/test_integration.py", line 38, in cli
    self.assertEqual(result.returncode, 0, result.stderr)
    ~~~~~~~~~~~~~~~~^^^^^^^^^^^^^^^^^^^^^^^^^^^^^^^^^^^^^
AssertionError: 1 != 0 : Error: Invalid("worker_producer_not_supported:got=typescript/5.9.3;worker/0.2.1:expected=typescript/5.9.3;worker/0.2.2")


======================================================================
FAIL: test_getters_and_proxies_are_data_never_executed_and_effects_stay_unknown (__main__.Integration.test_getters_and_proxies_are_data_never_executed_and_effects_stay_unknown)
D06: analysis reads text; a getter that would write a marker never
----------------------------------------------------------------------
Traceback (most recent call last):
  File "/Users/yinsijie/CodeRepo/Atlas/scripts/test_integration.py", line 289, in test_getters_and_proxies_are_data_never_executed_and_effects_stay_unknown
    a = self.index()
  File "/Users/yinsijie/CodeRepo/Atlas/scripts/test_integration.py", line 44, in index
    return self.cli("index", self.project)
           ~~~~~~~~^^^^^^^^^^^^^^^^^^^^^^^
  File "/Users/yinsijie/CodeRepo/Atlas/scripts/test_integration.py", line 38, in cli
    self.assertEqual(result.returncode, 0, result.stderr)
    ~~~~~~~~~~~~~~~~^^^^^^^^^^^^^^^^^^^^^^^^^^^^^^^^^^^^^
AssertionError: 1 != 0 : Error: Invalid("worker_producer_not_supported:got=typescript/5.9.3;worker/0.2.1:expected=typescript/5.9.3;worker/0.2.2")


======================================================================
FAIL: test_http_execution_keeps_the_process_boundary_server_side (__main__.Integration.test_http_execution_keeps_the_process_boundary_server_side)
W08 over HTTP: a local page can ask for a run, not redefine its sandbox.
----------------------------------------------------------------------
Traceback (most recent call last):
  File "/Users/yinsijie/CodeRepo/Atlas/scripts/test_integration.py", line 696, in test_http_execution_keeps_the_process_boundary_server_side
    a = self.index()
  File "/Users/yinsijie/CodeRepo/Atlas/scripts/test_integration.py", line 44, in index
    return self.cli("index", self.project)
           ~~~~~~~~^^^^^^^^^^^^^^^^^^^^^^^
  File "/Users/yinsijie/CodeRepo/Atlas/scripts/test_integration.py", line 38, in cli
    self.assertEqual(result.returncode, 0, result.stderr)
    ~~~~~~~~~~~~~~~~^^^^^^^^^^^^^^^^^^^^^^^^^^^^^^^^^^^^^
AssertionError: 1 != 0 : Error: Invalid("worker_producer_not_supported:got=typescript/5.9.3;worker/0.2.1:expected=typescript/5.9.3;worker/0.2.2")


======================================================================
FAIL: test_index_does_not_execute_project_or_load_ambient_node_options (__main__.Integration.test_index_does_not_execute_project_or_load_ambient_node_options)
----------------------------------------------------------------------
Traceback (most recent call last):
  File "/Users/yinsijie/CodeRepo/Atlas/scripts/test_integration.py", line 79, in test_index_does_not_execute_project_or_load_ambient_node_options
    a = self.index()
  File "/Users/yinsijie/CodeRepo/Atlas/scripts/test_integration.py", line 44, in index
    return self.cli("index", self.project)
           ~~~~~~~~^^^^^^^^^^^^^^^^^^^^^^^
  File "/Users/yinsijie/CodeRepo/Atlas/scripts/test_integration.py", line 38, in cli
    self.assertEqual(result.returncode, 0, result.stderr)
    ~~~~~~~~~~~~~~~~^^^^^^^^^^^^^^^^^^^^^^^^^^^^^^^^^^^^^
AssertionError: 1 != 0 : Error: Invalid("worker_producer_not_supported:got=typescript/5.9.3;worker/0.2.1:expected=typescript/5.9.3;worker/0.2.2")


======================================================================
FAIL: test_k1_context_sensitive_folding_end_to_end (__main__.Integration.test_k1_context_sensitive_folding_end_to_end)
k=1: the same callee called with different constants folds each
----------------------------------------------------------------------
Traceback (most recent call last):
  File "/Users/yinsijie/CodeRepo/Atlas/scripts/test_integration.py", line 635, in test_k1_context_sensitive_folding_end_to_end
    a = self.index()
  File "/Users/yinsijie/CodeRepo/Atlas/scripts/test_integration.py", line 44, in index
    return self.cli("index", self.project)
           ~~~~~~~~^^^^^^^^^^^^^^^^^^^^^^^
  File "/Users/yinsijie/CodeRepo/Atlas/scripts/test_integration.py", line 38, in cli
    self.assertEqual(result.returncode, 0, result.stderr)
    ~~~~~~~~~~~~~~~~^^^^^^^^^^^^^^^^^^^^^^^^^^^^^^^^^^^^^
AssertionError: 1 != 0 : Error: Invalid("worker_producer_not_supported:got=typescript/5.9.3;worker/0.2.1:expected=typescript/5.9.3;worker/0.2.2")


======================================================================
FAIL: test_local_web_authorization_revision_and_shutdown (__main__.Integration.test_local_web_authorization_revision_and_shutdown)
----------------------------------------------------------------------
Traceback (most recent call last):
  File "/Users/yinsijie/CodeRepo/Atlas/scripts/test_integration.py", line 112, in test_local_web_authorization_revision_and_shutdown
    a = self.index()
  File "/Users/yinsijie/CodeRepo/Atlas/scripts/test_integration.py", line 44, in index
    return self.cli("index", self.project)
           ~~~~~~~~^^^^^^^^^^^^^^^^^^^^^^^
  File "/Users/yinsijie/CodeRepo/Atlas/scripts/test_integration.py", line 38, in cli
    self.assertEqual(result.returncode, 0, result.stderr)
    ~~~~~~~~~~~~~~~~^^^^^^^^^^^^^^^^^^^^^^^^^^^^^^^^^^^^^
AssertionError: 1 != 0 : Error: Invalid("worker_producer_not_supported:got=typescript/5.9.3;worker/0.2.1:expected=typescript/5.9.3;worker/0.2.2")


======================================================================
FAIL: test_multi_project_store_isolation (__main__.Integration.test_multi_project_store_isolation)
W06-lite: two projects in one store stay version-isolated; no query
----------------------------------------------------------------------
Traceback (most recent call last):
  File "/Users/yinsijie/CodeRepo/Atlas/scripts/test_integration.py", line 313, in test_multi_project_store_isolation
    a = self.index()
  File "/Users/yinsijie/CodeRepo/Atlas/scripts/test_integration.py", line 44, in index
    return self.cli("index", self.project)
           ~~~~~~~~^^^^^^^^^^^^^^^^^^^^^^^
  File "/Users/yinsijie/CodeRepo/Atlas/scripts/test_integration.py", line 38, in cli
    self.assertEqual(result.returncode, 0, result.stderr)
    ~~~~~~~~~~~~~~~~^^^^^^^^^^^^^^^^^^^^^^^^^^^^^^^^^^^^^
AssertionError: 1 != 0 : Error: Invalid("worker_producer_not_supported:got=typescript/5.9.3;worker/0.2.1:expected=typescript/5.9.3;worker/0.2.2")


======================================================================
FAIL: test_nested_finally_and_wide_branch_stay_linear_within_budget (__main__.Integration.test_nested_finally_and_wide_branch_stay_linear_within_budget)
D19/AL-05: shared finally dispatch must keep the CFG linear under
----------------------------------------------------------------------
Traceback (most recent call last):
  File "/Users/yinsijie/CodeRepo/Atlas/scripts/test_integration.py", line 466, in test_nested_finally_and_wide_branch_stay_linear_within_budget
    a = self.index()
  File "/Users/yinsijie/CodeRepo/Atlas/scripts/test_integration.py", line 44, in index
    return self.cli("index", self.project)
           ~~~~~~~~^^^^^^^^^^^^^^^^^^^^^^^
  File "/Users/yinsijie/CodeRepo/Atlas/scripts/test_integration.py", line 38, in cli
    self.assertEqual(result.returncode, 0, result.stderr)
    ~~~~~~~~~~~~~~~~^^^^^^^^^^^^^^^^^^^^^^^^^^^^^^^^^^^^^
AssertionError: 1 != 0 : Error: Invalid("worker_producer_not_supported:got=typescript/5.9.3;worker/0.2.1:expected=typescript/5.9.3;worker/0.2.2")


======================================================================
FAIL: test_old_revision_context_and_query_cursor_survive_reindex (__main__.Integration.test_old_revision_context_and_query_cursor_survive_reindex)
----------------------------------------------------------------------
Traceback (most recent call last):
  File "/Users/yinsijie/CodeRepo/Atlas/scripts/test_integration.py", line 62, in test_old_revision_context_and_query_cursor_survive_reindex
    a = self.index()
  File "/Users/yinsijie/CodeRepo/Atlas/scripts/test_integration.py", line 44, in index
    return self.cli("index", self.project)
           ~~~~~~~~^^^^^^^^^^^^^^^^^^^^^^^
  File "/Users/yinsijie/CodeRepo/Atlas/scripts/test_integration.py", line 38, in cli
    self.assertEqual(result.returncode, 0, result.stderr)
    ~~~~~~~~~~~~~~~~^^^^^^^^^^^^^^^^^^^^^^^^^^^^^^^^^^^^^
AssertionError: 1 != 0 : Error: Invalid("worker_producer_not_supported:got=typescript/5.9.3;worker/0.2.1:expected=typescript/5.9.3;worker/0.2.2")


======================================================================
FAIL: test_synthetic_pagination_counts_all_1200_functions_without_claiming_scale (__main__.Integration.test_synthetic_pagination_counts_all_1200_functions_without_claiming_scale)
----------------------------------------------------------------------
Traceback (most recent call last):
  File "/Users/yinsijie/CodeRepo/Atlas/scripts/test_integration.py", line 96, in test_synthetic_pagination_counts_all_1200_functions_without_claiming_scale
    start = time.monotonic();a = self.index()
                                 ~~~~~~~~~~^^
  File "/Users/yinsijie/CodeRepo/Atlas/scripts/test_integration.py", line 44, in index
    return self.cli("index", self.project)
           ~~~~~~~~^^^^^^^^^^^^^^^^^^^^^^^
  File "/Users/yinsijie/CodeRepo/Atlas/scripts/test_integration.py", line 38, in cli
    self.assertEqual(result.returncode, 0, result.stderr)
    ~~~~~~~~~~~~~~~~^^^^^^^^^^^^^^^^^^^^^^^^^^^^^^^^^^^^^
AssertionError: 1 != 0 : Error: Invalid("worker_producer_not_supported:got=typescript/5.9.3;worker/0.2.1:expected=typescript/5.9.3;worker/0.2.2")


======================================================================
FAIL: test_the_worker_heap_ceiling_is_configurable_bounded_and_named (__main__.Integration.test_the_worker_heap_ceiling_is_configurable_bounded_and_named)
The worker holds the whole program, so its footprint scales with the
----------------------------------------------------------------------
Traceback (most recent call last):
  File "/Users/yinsijie/CodeRepo/Atlas/scripts/test_integration.py", line 652, in test_the_worker_heap_ceiling_is_configurable_bounded_and_named
    self.assertTrue(self.cli("index", self.project, "--worker-heap-mb", "256")["id"])
                    ~~~~~~~~^^^^^^^^^^^^^^^^^^^^^^^^^^^^^^^^^^^^^^^^^^^^^^^^^^
  File "/Users/yinsijie/CodeRepo/Atlas/scripts/test_integration.py", line 38, in cli
    self.assertEqual(result.returncode, 0, result.stderr)
    ~~~~~~~~~~~~~~~~^^^^^^^^^^^^^^^^^^^^^^^^^^^^^^^^^^^^^
AssertionError: 1 != 0 : Error: Invalid("worker_producer_not_supported:got=typescript/5.9.3;worker/0.2.1:expected=typescript/5.9.3;worker/0.2.2")


======================================================================
FAIL: test_worker_crash_leaves_store_intact_and_old_analyses_readable (__main__.Integration.test_worker_crash_leaves_store_intact_and_old_analyses_readable)
W06: a worker that exits non-zero mid-pipeline publishes nothing,
----------------------------------------------------------------------
Traceback (most recent call last):
  File "/Users/yinsijie/CodeRepo/Atlas/scripts/test_integration.py", line 531, in test_worker_crash_leaves_store_intact_and_old_analyses_readable
    a = self.index()
  File "/Users/yinsijie/CodeRepo/Atlas/scripts/test_integration.py", line 44, in index
    return self.cli("index", self.project)
           ~~~~~~~~^^^^^^^^^^^^^^^^^^^^^^^
  File "/Users/yinsijie/CodeRepo/Atlas/scripts/test_integration.py", line 38, in cli
    self.assertEqual(result.returncode, 0, result.stderr)
    ~~~~~~~~~~~~~~~~^^^^^^^^^^^^^^^^^^^^^^^^^^^^^^^^^^^^^
AssertionError: 1 != 0 : Error: Invalid("worker_producer_not_supported:got=typescript/5.9.3;worker/0.2.1:expected=typescript/5.9.3;worker/0.2.2")


----------------------------------------------------------------------
Ran 18 tests in 39.110s

FAILED (failures=16)
