test_a_create_proposal_for_an_existing_path_is_refused (__main__.Cli.test_a_create_proposal_for_an_existing_path_is_refused) ... FAIL
test_a_create_proposal_names_a_path_that_does_not_exist_yet (__main__.Cli.test_a_create_proposal_names_a_path_that_does_not_exist_yet) ... FAIL
test_a_crlf_target_is_refused_rather_than_normalised (__main__.Cli.test_a_crlf_target_is_refused_rather_than_normalised) ... FAIL
test_a_declared_test_runs_in_the_copy_and_reports_its_real_exit_code (__main__.Cli.test_a_declared_test_runs_in_the_copy_and_reports_its_real_exit_code) ... FAIL
test_a_delete_proposal_removes_the_file_and_revert_restores_the_exact_bytes (__main__.Cli.test_a_delete_proposal_removes_the_file_and_revert_restores_the_exact_bytes) ... FAIL
test_a_delete_whose_target_is_gone_is_refused_rather_than_ignored (__main__.Cli.test_a_delete_whose_target_is_gone_is_refused_rather_than_ignored) ... FAIL
test_a_diff_for_a_file_outside_the_snapshot_is_rejected (__main__.Cli.test_a_diff_for_a_file_outside_the_snapshot_is_rejected) ... FAIL
test_a_diff_that_does_not_match_the_snapshot_is_rejected_with_the_line (__main__.Cli.test_a_diff_that_does_not_match_the_snapshot_is_rejected_with_the_line) ... FAIL
test_a_failing_test_is_reported_as_failed_with_its_exit_code (__main__.Cli.test_a_failing_test_is_reported_as_failed_with_its_exit_code) ... FAIL
test_a_lock_records_when_it_was_taken_and_the_refusal_says_since_when (__main__.Cli.test_a_lock_records_when_it_was_taken_and_the_refusal_says_since_when) ... FAIL
test_a_proposal_is_intent_and_validated_against_pinned_bytes (__main__.Cli.test_a_proposal_is_intent_and_validated_against_pinned_bytes) ... FAIL
test_a_proposal_records_who_proposed_it (__main__.Cli.test_a_proposal_records_who_proposed_it) ... FAIL
test_a_refused_apply_leaves_no_lock_behind (__main__.Cli.test_a_refused_apply_leaves_no_lock_behind) ... FAIL
test_a_rename_is_refused_by_name (__main__.Cli.test_a_rename_is_refused_by_name) ... FAIL
test_a_stale_lock_is_cleared_by_an_explicit_command (__main__.Cli.test_a_stale_lock_is_cleared_by_an_explicit_command) ... FAIL
test_a_test_that_reads_the_patched_file_sees_the_patched_bytes (__main__.Cli.test_a_test_that_reads_the_patched_file_sees_the_patched_bytes) ... FAIL
test_a_test_timeout_is_not_a_pass (__main__.Cli.test_a_test_timeout_is_not_a_pass) ... FAIL
test_apply_before_verification_is_refused (__main__.Cli.test_apply_before_verification_is_refused) ... FAIL
test_apply_of_a_create_refuses_if_the_path_appeared_after_verification (__main__.Cli.test_apply_of_a_create_refuses_if_the_path_appeared_after_verification) ... FAIL
test_apply_refuses_when_the_target_moved_after_verification (__main__.Cli.test_apply_refuses_when_the_target_moved_after_verification) ... FAIL
test_apply_takes_a_lock_so_two_processes_cannot_both_win (__main__.Cli.test_apply_takes_a_lock_so_two_processes_cannot_both_win) ... FAIL
test_apply_writes_verified_bytes_and_revert_restores_the_pinned_ones (__main__.Cli.test_apply_writes_verified_bytes_and_revert_restores_the_pinned_ones) ... FAIL
test_revert_holds_the_lock_too (__main__.Cli.test_revert_holds_the_lock_too) ... FAIL
test_revert_refuses_when_the_target_changed_after_apply (__main__.Cli.test_revert_refuses_when_the_target_changed_after_apply) ... FAIL
test_the_proposal_survives_and_is_queryable_by_entity (__main__.Cli.test_the_proposal_survives_and_is_queryable_by_entity) ... FAIL
test_the_same_proposal_twice_is_one_record (__main__.Cli.test_the_same_proposal_twice_is_one_record) ... FAIL
test_verification_reindexes_an_isolated_copy_and_leaves_the_checkout_alone (__main__.Cli.test_verification_reindexes_an_isolated_copy_and_leaves_the_checkout_alone) ... FAIL
test_a_page_can_register_a_proposal_and_the_cli_can_verify_it (__main__.Http.test_a_page_can_register_a_proposal_and_the_cli_can_verify_it) ... FAIL
test_a_page_cannot_skip_the_pinned_snapshot_check (__main__.Http.test_a_page_cannot_skip_the_pinned_snapshot_check) ... FAIL
test_http_has_no_write_path_unless_the_operator_allowed_one (__main__.Http.test_http_has_no_write_path_unless_the_operator_allowed_one) ... FAIL
test_the_review_surface_requires_the_session (__main__.Http.test_the_review_surface_requires_the_session) ... FAIL
test_a_checkout_that_moved_after_verification_is_refused_over_http (__main__.HttpWrites.test_a_checkout_that_moved_after_verification_is_refused_over_http) ... FAIL
test_a_create_applied_over_http_reverts_by_removing_the_file (__main__.HttpWrites.test_a_create_applied_over_http_reverts_by_removing_the_file) ... FAIL
test_a_one_click_revert_writes_only_the_directory_the_operator_named (__main__.HttpWrites.test_a_one_click_revert_writes_only_the_directory_the_operator_named) ... FAIL
test_a_page_cannot_name_a_directory_of_its_own (__main__.HttpWrites.test_a_page_cannot_name_a_directory_of_its_own) ... FAIL
test_a_write_must_echo_the_directory_it_was_shown (__main__.HttpWrites.test_a_write_must_echo_the_directory_it_was_shown) ... FAIL
test_parallel_slots_overlap_and_never_share_a_lease (__main__.Parallel.test_parallel_slots_overlap_and_never_share_a_lease) ... FAIL
test_the_bound_is_enforced_and_one_shot_with_parallelism_is_refused (__main__.Parallel.test_the_bound_is_enforced_and_one_shot_with_parallelism_is_refused) ... FAIL
test_a_finished_verification_reports_its_terminal_state_on_re_enqueue (__main__.Queued.test_a_finished_verification_reports_its_terminal_state_on_re_enqueue) ... FAIL
test_a_proposal_that_cannot_be_verified_fails_the_job_with_the_reason (__main__.Queued.test_a_proposal_that_cannot_be_verified_fails_the_job_with_the_reason) ... FAIL
test_a_queued_verification_does_not_run_until_a_worker_takes_it (__main__.Queued.test_a_queued_verification_does_not_run_until_a_worker_takes_it) ... FAIL
test_a_row_that_cannot_describe_how_to_run_is_failed_not_guessed (__main__.Queued.test_a_row_that_cannot_describe_how_to_run_is_failed_not_guessed) ... FAIL
test_the_queue_carries_more_than_one_kind_of_work (__main__.Queued.test_the_queue_carries_more_than_one_kind_of_work) ... FAIL
test_the_request_is_identified_by_owner_project_and_key (__main__.Queued.test_the_request_is_identified_by_owner_project_and_key) ... FAIL

======================================================================
FAIL: test_a_create_proposal_for_an_existing_path_is_refused (__main__.Cli.test_a_create_proposal_for_an_existing_path_is_refused)
----------------------------------------------------------------------
Traceback (most recent call last):
  File "/Users/yinsijie/CodeRepo/Atlas/scripts/test_patch.py", line 50, in setUp
    self.analysis = self.cli("index", self.project)["id"]
                    ~~~~~~~~^^^^^^^^^^^^^^^^^^^^^^^
  File "/Users/yinsijie/CodeRepo/Atlas/scripts/test_patch.py", line 59, in cli
    self.assertEqual(result.returncode, 0, result.stderr)
    ~~~~~~~~~~~~~~~~^^^^^^^^^^^^^^^^^^^^^^^^^^^^^^^^^^^^^
AssertionError: 1 != 0 : Error: Invalid("worker_producer_not_supported:got=typescript/5.9.3;worker/0.2.1:expected=typescript/5.9.3;worker/0.2.2")


======================================================================
FAIL: test_a_create_proposal_names_a_path_that_does_not_exist_yet (__main__.Cli.test_a_create_proposal_names_a_path_that_does_not_exist_yet)
----------------------------------------------------------------------
Traceback (most recent call last):
  File "/Users/yinsijie/CodeRepo/Atlas/scripts/test_patch.py", line 50, in setUp
    self.analysis = self.cli("index", self.project)["id"]
                    ~~~~~~~~^^^^^^^^^^^^^^^^^^^^^^^
  File "/Users/yinsijie/CodeRepo/Atlas/scripts/test_patch.py", line 59, in cli
    self.assertEqual(result.returncode, 0, result.stderr)
    ~~~~~~~~~~~~~~~~^^^^^^^^^^^^^^^^^^^^^^^^^^^^^^^^^^^^^
AssertionError: 1 != 0 : Error: Invalid("worker_producer_not_supported:got=typescript/5.9.3;worker/0.2.1:expected=typescript/5.9.3;worker/0.2.2")


======================================================================
FAIL: test_a_crlf_target_is_refused_rather_than_normalised (__main__.Cli.test_a_crlf_target_is_refused_rather_than_normalised)
----------------------------------------------------------------------
Traceback (most recent call last):
  File "/Users/yinsijie/CodeRepo/Atlas/scripts/test_patch.py", line 50, in setUp
    self.analysis = self.cli("index", self.project)["id"]
                    ~~~~~~~~^^^^^^^^^^^^^^^^^^^^^^^
  File "/Users/yinsijie/CodeRepo/Atlas/scripts/test_patch.py", line 59, in cli
    self.assertEqual(result.returncode, 0, result.stderr)
    ~~~~~~~~~~~~~~~~^^^^^^^^^^^^^^^^^^^^^^^^^^^^^^^^^^^^^
AssertionError: 1 != 0 : Error: Invalid("worker_producer_not_supported:got=typescript/5.9.3;worker/0.2.1:expected=typescript/5.9.3;worker/0.2.2")


======================================================================
FAIL: test_a_declared_test_runs_in_the_copy_and_reports_its_real_exit_code (__main__.Cli.test_a_declared_test_runs_in_the_copy_and_reports_its_real_exit_code)
----------------------------------------------------------------------
Traceback (most recent call last):
  File "/Users/yinsijie/CodeRepo/Atlas/scripts/test_patch.py", line 50, in setUp
    self.analysis = self.cli("index", self.project)["id"]
                    ~~~~~~~~^^^^^^^^^^^^^^^^^^^^^^^
  File "/Users/yinsijie/CodeRepo/Atlas/scripts/test_patch.py", line 59, in cli
    self.assertEqual(result.returncode, 0, result.stderr)
    ~~~~~~~~~~~~~~~~^^^^^^^^^^^^^^^^^^^^^^^^^^^^^^^^^^^^^
AssertionError: 1 != 0 : Error: Invalid("worker_producer_not_supported:got=typescript/5.9.3;worker/0.2.1:expected=typescript/5.9.3;worker/0.2.2")


======================================================================
FAIL: test_a_delete_proposal_removes_the_file_and_revert_restores_the_exact_bytes (__main__.Cli.test_a_delete_proposal_removes_the_file_and_revert_restores_the_exact_bytes)
----------------------------------------------------------------------
Traceback (most recent call last):
  File "/Users/yinsijie/CodeRepo/Atlas/scripts/test_patch.py", line 50, in setUp
    self.analysis = self.cli("index", self.project)["id"]
                    ~~~~~~~~^^^^^^^^^^^^^^^^^^^^^^^
  File "/Users/yinsijie/CodeRepo/Atlas/scripts/test_patch.py", line 59, in cli
    self.assertEqual(result.returncode, 0, result.stderr)
    ~~~~~~~~~~~~~~~~^^^^^^^^^^^^^^^^^^^^^^^^^^^^^^^^^^^^^
AssertionError: 1 != 0 : Error: Invalid("worker_producer_not_supported:got=typescript/5.9.3;worker/0.2.1:expected=typescript/5.9.3;worker/0.2.2")


======================================================================
FAIL: test_a_delete_whose_target_is_gone_is_refused_rather_than_ignored (__main__.Cli.test_a_delete_whose_target_is_gone_is_refused_rather_than_ignored)
----------------------------------------------------------------------
Traceback (most recent call last):
  File "/Users/yinsijie/CodeRepo/Atlas/scripts/test_patch.py", line 50, in setUp
    self.analysis = self.cli("index", self.project)["id"]
                    ~~~~~~~~^^^^^^^^^^^^^^^^^^^^^^^
  File "/Users/yinsijie/CodeRepo/Atlas/scripts/test_patch.py", line 59, in cli
    self.assertEqual(result.returncode, 0, result.stderr)
    ~~~~~~~~~~~~~~~~^^^^^^^^^^^^^^^^^^^^^^^^^^^^^^^^^^^^^
AssertionError: 1 != 0 : Error: Invalid("worker_producer_not_supported:got=typescript/5.9.3;worker/0.2.1:expected=typescript/5.9.3;worker/0.2.2")


======================================================================
FAIL: test_a_diff_for_a_file_outside_the_snapshot_is_rejected (__main__.Cli.test_a_diff_for_a_file_outside_the_snapshot_is_rejected)
----------------------------------------------------------------------
Traceback (most recent call last):
  File "/Users/yinsijie/CodeRepo/Atlas/scripts/test_patch.py", line 50, in setUp
    self.analysis = self.cli("index", self.project)["id"]
                    ~~~~~~~~^^^^^^^^^^^^^^^^^^^^^^^
  File "/Users/yinsijie/CodeRepo/Atlas/scripts/test_patch.py", line 59, in cli
    self.assertEqual(result.returncode, 0, result.stderr)
    ~~~~~~~~~~~~~~~~^^^^^^^^^^^^^^^^^^^^^^^^^^^^^^^^^^^^^
AssertionError: 1 != 0 : Error: Invalid("worker_producer_not_supported:got=typescript/5.9.3;worker/0.2.1:expected=typescript/5.9.3;worker/0.2.2")


======================================================================
FAIL: test_a_diff_that_does_not_match_the_snapshot_is_rejected_with_the_line (__main__.Cli.test_a_diff_that_does_not_match_the_snapshot_is_rejected_with_the_line)
----------------------------------------------------------------------
Traceback (most recent call last):
  File "/Users/yinsijie/CodeRepo/Atlas/scripts/test_patch.py", line 50, in setUp
    self.analysis = self.cli("index", self.project)["id"]
                    ~~~~~~~~^^^^^^^^^^^^^^^^^^^^^^^
  File "/Users/yinsijie/CodeRepo/Atlas/scripts/test_patch.py", line 59, in cli
    self.assertEqual(result.returncode, 0, result.stderr)
    ~~~~~~~~~~~~~~~~^^^^^^^^^^^^^^^^^^^^^^^^^^^^^^^^^^^^^
AssertionError: 1 != 0 : Error: Invalid("worker_producer_not_supported:got=typescript/5.9.3;worker/0.2.1:expected=typescript/5.9.3;worker/0.2.2")


======================================================================
FAIL: test_a_failing_test_is_reported_as_failed_with_its_exit_code (__main__.Cli.test_a_failing_test_is_reported_as_failed_with_its_exit_code)
----------------------------------------------------------------------
Traceback (most recent call last):
  File "/Users/yinsijie/CodeRepo/Atlas/scripts/test_patch.py", line 50, in setUp
    self.analysis = self.cli("index", self.project)["id"]
                    ~~~~~~~~^^^^^^^^^^^^^^^^^^^^^^^
  File "/Users/yinsijie/CodeRepo/Atlas/scripts/test_patch.py", line 59, in cli
    self.assertEqual(result.returncode, 0, result.stderr)
    ~~~~~~~~~~~~~~~~^^^^^^^^^^^^^^^^^^^^^^^^^^^^^^^^^^^^^
AssertionError: 1 != 0 : Error: Invalid("worker_producer_not_supported:got=typescript/5.9.3;worker/0.2.1:expected=typescript/5.9.3;worker/0.2.2")


======================================================================
FAIL: test_a_lock_records_when_it_was_taken_and_the_refusal_says_since_when (__main__.Cli.test_a_lock_records_when_it_was_taken_and_the_refusal_says_since_when)
----------------------------------------------------------------------
Traceback (most recent call last):
  File "/Users/yinsijie/CodeRepo/Atlas/scripts/test_patch.py", line 50, in setUp
    self.analysis = self.cli("index", self.project)["id"]
                    ~~~~~~~~^^^^^^^^^^^^^^^^^^^^^^^
  File "/Users/yinsijie/CodeRepo/Atlas/scripts/test_patch.py", line 59, in cli
    self.assertEqual(result.returncode, 0, result.stderr)
    ~~~~~~~~~~~~~~~~^^^^^^^^^^^^^^^^^^^^^^^^^^^^^^^^^^^^^
AssertionError: 1 != 0 : Error: Invalid("worker_producer_not_supported:got=typescript/5.9.3;worker/0.2.1:expected=typescript/5.9.3;worker/0.2.2")


======================================================================
FAIL: test_a_proposal_is_intent_and_validated_against_pinned_bytes (__main__.Cli.test_a_proposal_is_intent_and_validated_against_pinned_bytes)
----------------------------------------------------------------------
Traceback (most recent call last):
  File "/Users/yinsijie/CodeRepo/Atlas/scripts/test_patch.py", line 50, in setUp
    self.analysis = self.cli("index", self.project)["id"]
                    ~~~~~~~~^^^^^^^^^^^^^^^^^^^^^^^
  File "/Users/yinsijie/CodeRepo/Atlas/scripts/test_patch.py", line 59, in cli
    self.assertEqual(result.returncode, 0, result.stderr)
    ~~~~~~~~~~~~~~~~^^^^^^^^^^^^^^^^^^^^^^^^^^^^^^^^^^^^^
AssertionError: 1 != 0 : Error: Invalid("worker_producer_not_supported:got=typescript/5.9.3;worker/0.2.1:expected=typescript/5.9.3;worker/0.2.2")


======================================================================
FAIL: test_a_proposal_records_who_proposed_it (__main__.Cli.test_a_proposal_records_who_proposed_it)
----------------------------------------------------------------------
Traceback (most recent call last):
  File "/Users/yinsijie/CodeRepo/Atlas/scripts/test_patch.py", line 50, in setUp
    self.analysis = self.cli("index", self.project)["id"]
                    ~~~~~~~~^^^^^^^^^^^^^^^^^^^^^^^
  File "/Users/yinsijie/CodeRepo/Atlas/scripts/test_patch.py", line 59, in cli
    self.assertEqual(result.returncode, 0, result.stderr)
    ~~~~~~~~~~~~~~~~^^^^^^^^^^^^^^^^^^^^^^^^^^^^^^^^^^^^^
AssertionError: 1 != 0 : Error: Invalid("worker_producer_not_supported:got=typescript/5.9.3;worker/0.2.1:expected=typescript/5.9.3;worker/0.2.2")


======================================================================
FAIL: test_a_refused_apply_leaves_no_lock_behind (__main__.Cli.test_a_refused_apply_leaves_no_lock_behind)
----------------------------------------------------------------------
Traceback (most recent call last):
  File "/Users/yinsijie/CodeRepo/Atlas/scripts/test_patch.py", line 50, in setUp
    self.analysis = self.cli("index", self.project)["id"]
                    ~~~~~~~~^^^^^^^^^^^^^^^^^^^^^^^
  File "/Users/yinsijie/CodeRepo/Atlas/scripts/test_patch.py", line 59, in cli
    self.assertEqual(result.returncode, 0, result.stderr)
    ~~~~~~~~~~~~~~~~^^^^^^^^^^^^^^^^^^^^^^^^^^^^^^^^^^^^^
AssertionError: 1 != 0 : Error: Invalid("worker_producer_not_supported:got=typescript/5.9.3;worker/0.2.1:expected=typescript/5.9.3;worker/0.2.2")


======================================================================
FAIL: test_a_rename_is_refused_by_name (__main__.Cli.test_a_rename_is_refused_by_name)
----------------------------------------------------------------------
Traceback (most recent call last):
  File "/Users/yinsijie/CodeRepo/Atlas/scripts/test_patch.py", line 50, in setUp
    self.analysis = self.cli("index", self.project)["id"]
                    ~~~~~~~~^^^^^^^^^^^^^^^^^^^^^^^
  File "/Users/yinsijie/CodeRepo/Atlas/scripts/test_patch.py", line 59, in cli
    self.assertEqual(result.returncode, 0, result.stderr)
    ~~~~~~~~~~~~~~~~^^^^^^^^^^^^^^^^^^^^^^^^^^^^^^^^^^^^^
AssertionError: 1 != 0 : Error: Invalid("worker_producer_not_supported:got=typescript/5.9.3;worker/0.2.1:expected=typescript/5.9.3;worker/0.2.2")


======================================================================
FAIL: test_a_stale_lock_is_cleared_by_an_explicit_command (__main__.Cli.test_a_stale_lock_is_cleared_by_an_explicit_command)
----------------------------------------------------------------------
Traceback (most recent call last):
  File "/Users/yinsijie/CodeRepo/Atlas/scripts/test_patch.py", line 50, in setUp
    self.analysis = self.cli("index", self.project)["id"]
                    ~~~~~~~~^^^^^^^^^^^^^^^^^^^^^^^
  File "/Users/yinsijie/CodeRepo/Atlas/scripts/test_patch.py", line 59, in cli
    self.assertEqual(result.returncode, 0, result.stderr)
    ~~~~~~~~~~~~~~~~^^^^^^^^^^^^^^^^^^^^^^^^^^^^^^^^^^^^^
AssertionError: 1 != 0 : Error: Invalid("worker_producer_not_supported:got=typescript/5.9.3;worker/0.2.1:expected=typescript/5.9.3;worker/0.2.2")


======================================================================
FAIL: test_a_test_that_reads_the_patched_file_sees_the_patched_bytes (__main__.Cli.test_a_test_that_reads_the_patched_file_sees_the_patched_bytes)
----------------------------------------------------------------------
Traceback (most recent call last):
  File "/Users/yinsijie/CodeRepo/Atlas/scripts/test_patch.py", line 50, in setUp
    self.analysis = self.cli("index", self.project)["id"]
                    ~~~~~~~~^^^^^^^^^^^^^^^^^^^^^^^
  File "/Users/yinsijie/CodeRepo/Atlas/scripts/test_patch.py", line 59, in cli
    self.assertEqual(result.returncode, 0, result.stderr)
    ~~~~~~~~~~~~~~~~^^^^^^^^^^^^^^^^^^^^^^^^^^^^^^^^^^^^^
AssertionError: 1 != 0 : Error: Invalid("worker_producer_not_supported:got=typescript/5.9.3;worker/0.2.1:expected=typescript/5.9.3;worker/0.2.2")


======================================================================
FAIL: test_a_test_timeout_is_not_a_pass (__main__.Cli.test_a_test_timeout_is_not_a_pass)
----------------------------------------------------------------------
Traceback (most recent call last):
  File "/Users/yinsijie/CodeRepo/Atlas/scripts/test_patch.py", line 50, in setUp
    self.analysis = self.cli("index", self.project)["id"]
                    ~~~~~~~~^^^^^^^^^^^^^^^^^^^^^^^
  File "/Users/yinsijie/CodeRepo/Atlas/scripts/test_patch.py", line 59, in cli
    self.assertEqual(result.returncode, 0, result.stderr)
    ~~~~~~~~~~~~~~~~^^^^^^^^^^^^^^^^^^^^^^^^^^^^^^^^^^^^^
AssertionError: 1 != 0 : Error: Invalid("worker_producer_not_supported:got=typescript/5.9.3;worker/0.2.1:expected=typescript/5.9.3;worker/0.2.2")


======================================================================
FAIL: test_apply_before_verification_is_refused (__main__.Cli.test_apply_before_verification_is_refused)
----------------------------------------------------------------------
Traceback (most recent call last):
  File "/Users/yinsijie/CodeRepo/Atlas/scripts/test_patch.py", line 50, in setUp
    self.analysis = self.cli("index", self.project)["id"]
                    ~~~~~~~~^^^^^^^^^^^^^^^^^^^^^^^
  File "/Users/yinsijie/CodeRepo/Atlas/scripts/test_patch.py", line 59, in cli
    self.assertEqual(result.returncode, 0, result.stderr)
    ~~~~~~~~~~~~~~~~^^^^^^^^^^^^^^^^^^^^^^^^^^^^^^^^^^^^^
AssertionError: 1 != 0 : Error: Invalid("worker_producer_not_supported:got=typescript/5.9.3;worker/0.2.1:expected=typescript/5.9.3;worker/0.2.2")


======================================================================
FAIL: test_apply_of_a_create_refuses_if_the_path_appeared_after_verification (__main__.Cli.test_apply_of_a_create_refuses_if_the_path_appeared_after_verification)
----------------------------------------------------------------------
Traceback (most recent call last):
  File "/Users/yinsijie/CodeRepo/Atlas/scripts/test_patch.py", line 50, in setUp
    self.analysis = self.cli("index", self.project)["id"]
                    ~~~~~~~~^^^^^^^^^^^^^^^^^^^^^^^
  File "/Users/yinsijie/CodeRepo/Atlas/scripts/test_patch.py", line 59, in cli
    self.assertEqual(result.returncode, 0, result.stderr)
    ~~~~~~~~~~~~~~~~^^^^^^^^^^^^^^^^^^^^^^^^^^^^^^^^^^^^^
AssertionError: 1 != 0 : Error: Invalid("worker_producer_not_supported:got=typescript/5.9.3;worker/0.2.1:expected=typescript/5.9.3;worker/0.2.2")


======================================================================
FAIL: test_apply_refuses_when_the_target_moved_after_verification (__main__.Cli.test_apply_refuses_when_the_target_moved_after_verification)
----------------------------------------------------------------------
Traceback (most recent call last):
  File "/Users/yinsijie/CodeRepo/Atlas/scripts/test_patch.py", line 50, in setUp
    self.analysis = self.cli("index", self.project)["id"]
                    ~~~~~~~~^^^^^^^^^^^^^^^^^^^^^^^
  File "/Users/yinsijie/CodeRepo/Atlas/scripts/test_patch.py", line 59, in cli
    self.assertEqual(result.returncode, 0, result.stderr)
    ~~~~~~~~~~~~~~~~^^^^^^^^^^^^^^^^^^^^^^^^^^^^^^^^^^^^^
AssertionError: 1 != 0 : Error: Invalid("worker_producer_not_supported:got=typescript/5.9.3;worker/0.2.1:expected=typescript/5.9.3;worker/0.2.2")


======================================================================
FAIL: test_apply_takes_a_lock_so_two_processes_cannot_both_win (__main__.Cli.test_apply_takes_a_lock_so_two_processes_cannot_both_win)
----------------------------------------------------------------------
Traceback (most recent call last):
  File "/Users/yinsijie/CodeRepo/Atlas/scripts/test_patch.py", line 50, in setUp
    self.analysis = self.cli("index", self.project)["id"]
                    ~~~~~~~~^^^^^^^^^^^^^^^^^^^^^^^
  File "/Users/yinsijie/CodeRepo/Atlas/scripts/test_patch.py", line 59, in cli
    self.assertEqual(result.returncode, 0, result.stderr)
    ~~~~~~~~~~~~~~~~^^^^^^^^^^^^^^^^^^^^^^^^^^^^^^^^^^^^^
AssertionError: 1 != 0 : Error: Invalid("worker_producer_not_supported:got=typescript/5.9.3;worker/0.2.1:expected=typescript/5.9.3;worker/0.2.2")


======================================================================
FAIL: test_apply_writes_verified_bytes_and_revert_restores_the_pinned_ones (__main__.Cli.test_apply_writes_verified_bytes_and_revert_restores_the_pinned_ones)
----------------------------------------------------------------------
Traceback (most recent call last):
  File "/Users/yinsijie/CodeRepo/Atlas/scripts/test_patch.py", line 50, in setUp
    self.analysis = self.cli("index", self.project)["id"]
                    ~~~~~~~~^^^^^^^^^^^^^^^^^^^^^^^
  File "/Users/yinsijie/CodeRepo/Atlas/scripts/test_patch.py", line 59, in cli
    self.assertEqual(result.returncode, 0, result.stderr)
    ~~~~~~~~~~~~~~~~^^^^^^^^^^^^^^^^^^^^^^^^^^^^^^^^^^^^^
AssertionError: 1 != 0 : Error: Invalid("worker_producer_not_supported:got=typescript/5.9.3;worker/0.2.1:expected=typescript/5.9.3;worker/0.2.2")


======================================================================
FAIL: test_revert_holds_the_lock_too (__main__.Cli.test_revert_holds_the_lock_too)
----------------------------------------------------------------------
Traceback (most recent call last):
  File "/Users/yinsijie/CodeRepo/Atlas/scripts/test_patch.py", line 50, in setUp
    self.analysis = self.cli("index", self.project)["id"]
                    ~~~~~~~~^^^^^^^^^^^^^^^^^^^^^^^
  File "/Users/yinsijie/CodeRepo/Atlas/scripts/test_patch.py", line 59, in cli
    self.assertEqual(result.returncode, 0, result.stderr)
    ~~~~~~~~~~~~~~~~^^^^^^^^^^^^^^^^^^^^^^^^^^^^^^^^^^^^^
AssertionError: 1 != 0 : Error: Invalid("worker_producer_not_supported:got=typescript/5.9.3;worker/0.2.1:expected=typescript/5.9.3;worker/0.2.2")


======================================================================
FAIL: test_revert_refuses_when_the_target_changed_after_apply (__main__.Cli.test_revert_refuses_when_the_target_changed_after_apply)
----------------------------------------------------------------------
Traceback (most recent call last):
  File "/Users/yinsijie/CodeRepo/Atlas/scripts/test_patch.py", line 50, in setUp
    self.analysis = self.cli("index", self.project)["id"]
                    ~~~~~~~~^^^^^^^^^^^^^^^^^^^^^^^
  File "/Users/yinsijie/CodeRepo/Atlas/scripts/test_patch.py", line 59, in cli
    self.assertEqual(result.returncode, 0, result.stderr)
    ~~~~~~~~~~~~~~~~^^^^^^^^^^^^^^^^^^^^^^^^^^^^^^^^^^^^^
AssertionError: 1 != 0 : Error: Invalid("worker_producer_not_supported:got=typescript/5.9.3;worker/0.2.1:expected=typescript/5.9.3;worker/0.2.2")


======================================================================
FAIL: test_the_proposal_survives_and_is_queryable_by_entity (__main__.Cli.test_the_proposal_survives_and_is_queryable_by_entity)
----------------------------------------------------------------------
Traceback (most recent call last):
  File "/Users/yinsijie/CodeRepo/Atlas/scripts/test_patch.py", line 50, in setUp
    self.analysis = self.cli("index", self.project)["id"]
                    ~~~~~~~~^^^^^^^^^^^^^^^^^^^^^^^
  File "/Users/yinsijie/CodeRepo/Atlas/scripts/test_patch.py", line 59, in cli
    self.assertEqual(result.returncode, 0, result.stderr)
    ~~~~~~~~~~~~~~~~^^^^^^^^^^^^^^^^^^^^^^^^^^^^^^^^^^^^^
AssertionError: 1 != 0 : Error: Invalid("worker_producer_not_supported:got=typescript/5.9.3;worker/0.2.1:expected=typescript/5.9.3;worker/0.2.2")


======================================================================
FAIL: test_the_same_proposal_twice_is_one_record (__main__.Cli.test_the_same_proposal_twice_is_one_record)
----------------------------------------------------------------------
Traceback (most recent call last):
  File "/Users/yinsijie/CodeRepo/Atlas/scripts/test_patch.py", line 50, in setUp
    self.analysis = self.cli("index", self.project)["id"]
                    ~~~~~~~~^^^^^^^^^^^^^^^^^^^^^^^
  File "/Users/yinsijie/CodeRepo/Atlas/scripts/test_patch.py", line 59, in cli
    self.assertEqual(result.returncode, 0, result.stderr)
    ~~~~~~~~~~~~~~~~^^^^^^^^^^^^^^^^^^^^^^^^^^^^^^^^^^^^^
AssertionError: 1 != 0 : Error: Invalid("worker_producer_not_supported:got=typescript/5.9.3;worker/0.2.1:expected=typescript/5.9.3;worker/0.2.2")


======================================================================
FAIL: test_verification_reindexes_an_isolated_copy_and_leaves_the_checkout_alone (__main__.Cli.test_verification_reindexes_an_isolated_copy_and_leaves_the_checkout_alone)
----------------------------------------------------------------------
Traceback (most recent call last):
  File "/Users/yinsijie/CodeRepo/Atlas/scripts/test_patch.py", line 50, in setUp
    self.analysis = self.cli("index", self.project)["id"]
                    ~~~~~~~~^^^^^^^^^^^^^^^^^^^^^^^
  File "/Users/yinsijie/CodeRepo/Atlas/scripts/test_patch.py", line 59, in cli
    self.assertEqual(result.returncode, 0, result.stderr)
    ~~~~~~~~~~~~~~~~^^^^^^^^^^^^^^^^^^^^^^^^^^^^^^^^^^^^^
AssertionError: 1 != 0 : Error: Invalid("worker_producer_not_supported:got=typescript/5.9.3;worker/0.2.1:expected=typescript/5.9.3;worker/0.2.2")


======================================================================
FAIL: test_a_page_can_register_a_proposal_and_the_cli_can_verify_it (__main__.Http.test_a_page_can_register_a_proposal_and_the_cli_can_verify_it)
----------------------------------------------------------------------
Traceback (most recent call last):
  File "/Users/yinsijie/CodeRepo/Atlas/scripts/test_patch.py", line 615, in setUp
    super().setUp()
    ~~~~~~~~~~~~~^^
  File "/Users/yinsijie/CodeRepo/Atlas/scripts/test_patch.py", line 50, in setUp
    self.analysis = self.cli("index", self.project)["id"]
                    ~~~~~~~~^^^^^^^^^^^^^^^^^^^^^^^
  File "/Users/yinsijie/CodeRepo/Atlas/scripts/test_patch.py", line 59, in cli
    self.assertEqual(result.returncode, 0, result.stderr)
    ~~~~~~~~~~~~~~~~^^^^^^^^^^^^^^^^^^^^^^^^^^^^^^^^^^^^^
AssertionError: 1 != 0 : Error: Invalid("worker_producer_not_supported:got=typescript/5.9.3;worker/0.2.1:expected=typescript/5.9.3;worker/0.2.2")


======================================================================
FAIL: test_a_page_cannot_skip_the_pinned_snapshot_check (__main__.Http.test_a_page_cannot_skip_the_pinned_snapshot_check)
----------------------------------------------------------------------
Traceback (most recent call last):
  File "/Users/yinsijie/CodeRepo/Atlas/scripts/test_patch.py", line 615, in setUp
    super().setUp()
    ~~~~~~~~~~~~~^^
  File "/Users/yinsijie/CodeRepo/Atlas/scripts/test_patch.py", line 50, in setUp
    self.analysis = self.cli("index", self.project)["id"]
                    ~~~~~~~~^^^^^^^^^^^^^^^^^^^^^^^
  File "/Users/yinsijie/CodeRepo/Atlas/scripts/test_patch.py", line 59, in cli
    self.assertEqual(result.returncode, 0, result.stderr)
    ~~~~~~~~~~~~~~~~^^^^^^^^^^^^^^^^^^^^^^^^^^^^^^^^^^^^^
AssertionError: 1 != 0 : Error: Invalid("worker_producer_not_supported:got=typescript/5.9.3;worker/0.2.1:expected=typescript/5.9.3;worker/0.2.2")


======================================================================
FAIL: test_http_has_no_write_path_unless_the_operator_allowed_one (__main__.Http.test_http_has_no_write_path_unless_the_operator_allowed_one)
----------------------------------------------------------------------
Traceback (most recent call last):
  File "/Users/yinsijie/CodeRepo/Atlas/scripts/test_patch.py", line 615, in setUp
    super().setUp()
    ~~~~~~~~~~~~~^^
  File "/Users/yinsijie/CodeRepo/Atlas/scripts/test_patch.py", line 50, in setUp
    self.analysis = self.cli("index", self.project)["id"]
                    ~~~~~~~~^^^^^^^^^^^^^^^^^^^^^^^
  File "/Users/yinsijie/CodeRepo/Atlas/scripts/test_patch.py", line 59, in cli
    self.assertEqual(result.returncode, 0, result.stderr)
    ~~~~~~~~~~~~~~~~^^^^^^^^^^^^^^^^^^^^^^^^^^^^^^^^^^^^^
AssertionError: 1 != 0 : Error: Invalid("worker_producer_not_supported:got=typescript/5.9.3;worker/0.2.1:expected=typescript/5.9.3;worker/0.2.2")


======================================================================
FAIL: test_the_review_surface_requires_the_session (__main__.Http.test_the_review_surface_requires_the_session)
----------------------------------------------------------------------
Traceback (most recent call last):
  File "/Users/yinsijie/CodeRepo/Atlas/scripts/test_patch.py", line 615, in setUp
    super().setUp()
    ~~~~~~~~~~~~~^^
  File "/Users/yinsijie/CodeRepo/Atlas/scripts/test_patch.py", line 50, in setUp
    self.analysis = self.cli("index", self.project)["id"]
                    ~~~~~~~~^^^^^^^^^^^^^^^^^^^^^^^
  File "/Users/yinsijie/CodeRepo/Atlas/scripts/test_patch.py", line 59, in cli
    self.assertEqual(result.returncode, 0, result.stderr)
    ~~~~~~~~~~~~~~~~^^^^^^^^^^^^^^^^^^^^^^^^^^^^^^^^^^^^^
AssertionError: 1 != 0 : Error: Invalid("worker_producer_not_supported:got=typescript/5.9.3;worker/0.2.1:expected=typescript/5.9.3;worker/0.2.2")


======================================================================
FAIL: test_a_checkout_that_moved_after_verification_is_refused_over_http (__main__.HttpWrites.test_a_checkout_that_moved_after_verification_is_refused_over_http)
----------------------------------------------------------------------
Traceback (most recent call last):
  File "/Users/yinsijie/CodeRepo/Atlas/scripts/test_patch.py", line 723, in setUp
    super().setUp()
    ~~~~~~~~~~~~~^^
  File "/Users/yinsijie/CodeRepo/Atlas/scripts/test_patch.py", line 50, in setUp
    self.analysis = self.cli("index", self.project)["id"]
                    ~~~~~~~~^^^^^^^^^^^^^^^^^^^^^^^
  File "/Users/yinsijie/CodeRepo/Atlas/scripts/test_patch.py", line 59, in cli
    self.assertEqual(result.returncode, 0, result.stderr)
    ~~~~~~~~~~~~~~~~^^^^^^^^^^^^^^^^^^^^^^^^^^^^^^^^^^^^^
AssertionError: 1 != 0 : Error: Invalid("worker_producer_not_supported:got=typescript/5.9.3;worker/0.2.1:expected=typescript/5.9.3;worker/0.2.2")


======================================================================
FAIL: test_a_create_applied_over_http_reverts_by_removing_the_file (__main__.HttpWrites.test_a_create_applied_over_http_reverts_by_removing_the_file)
----------------------------------------------------------------------
Traceback (most recent call last):
  File "/Users/yinsijie/CodeRepo/Atlas/scripts/test_patch.py", line 723, in setUp
    super().setUp()
    ~~~~~~~~~~~~~^^
  File "/Users/yinsijie/CodeRepo/Atlas/scripts/test_patch.py", line 50, in setUp
    self.analysis = self.cli("index", self.project)["id"]
                    ~~~~~~~~^^^^^^^^^^^^^^^^^^^^^^^
  File "/Users/yinsijie/CodeRepo/Atlas/scripts/test_patch.py", line 59, in cli
    self.assertEqual(result.returncode, 0, result.stderr)
    ~~~~~~~~~~~~~~~~^^^^^^^^^^^^^^^^^^^^^^^^^^^^^^^^^^^^^
AssertionError: 1 != 0 : Error: Invalid("worker_producer_not_supported:got=typescript/5.9.3;worker/0.2.1:expected=typescript/5.9.3;worker/0.2.2")


======================================================================
FAIL: test_a_one_click_revert_writes_only_the_directory_the_operator_named (__main__.HttpWrites.test_a_one_click_revert_writes_only_the_directory_the_operator_named)
----------------------------------------------------------------------
Traceback (most recent call last):
  File "/Users/yinsijie/CodeRepo/Atlas/scripts/test_patch.py", line 723, in setUp
    super().setUp()
    ~~~~~~~~~~~~~^^
  File "/Users/yinsijie/CodeRepo/Atlas/scripts/test_patch.py", line 50, in setUp
    self.analysis = self.cli("index", self.project)["id"]
                    ~~~~~~~~^^^^^^^^^^^^^^^^^^^^^^^
  File "/Users/yinsijie/CodeRepo/Atlas/scripts/test_patch.py", line 59, in cli
    self.assertEqual(result.returncode, 0, result.stderr)
    ~~~~~~~~~~~~~~~~^^^^^^^^^^^^^^^^^^^^^^^^^^^^^^^^^^^^^
AssertionError: 1 != 0 : Error: Invalid("worker_producer_not_supported:got=typescript/5.9.3;worker/0.2.1:expected=typescript/5.9.3;worker/0.2.2")


======================================================================
FAIL: test_a_page_cannot_name_a_directory_of_its_own (__main__.HttpWrites.test_a_page_cannot_name_a_directory_of_its_own)
----------------------------------------------------------------------
Traceback (most recent call last):
  File "/Users/yinsijie/CodeRepo/Atlas/scripts/test_patch.py", line 723, in setUp
    super().setUp()
    ~~~~~~~~~~~~~^^
  File "/Users/yinsijie/CodeRepo/Atlas/scripts/test_patch.py", line 50, in setUp
    self.analysis = self.cli("index", self.project)["id"]
                    ~~~~~~~~^^^^^^^^^^^^^^^^^^^^^^^
  File "/Users/yinsijie/CodeRepo/Atlas/scripts/test_patch.py", line 59, in cli
    self.assertEqual(result.returncode, 0, result.stderr)
    ~~~~~~~~~~~~~~~~^^^^^^^^^^^^^^^^^^^^^^^^^^^^^^^^^^^^^
AssertionError: 1 != 0 : Error: Invalid("worker_producer_not_supported:got=typescript/5.9.3;worker/0.2.1:expected=typescript/5.9.3;worker/0.2.2")


======================================================================
FAIL: test_a_write_must_echo_the_directory_it_was_shown (__main__.HttpWrites.test_a_write_must_echo_the_directory_it_was_shown)
----------------------------------------------------------------------
Traceback (most recent call last):
  File "/Users/yinsijie/CodeRepo/Atlas/scripts/test_patch.py", line 723, in setUp
    super().setUp()
    ~~~~~~~~~~~~~^^
  File "/Users/yinsijie/CodeRepo/Atlas/scripts/test_patch.py", line 50, in setUp
    self.analysis = self.cli("index", self.project)["id"]
                    ~~~~~~~~^^^^^^^^^^^^^^^^^^^^^^^
  File "/Users/yinsijie/CodeRepo/Atlas/scripts/test_patch.py", line 59, in cli
    self.assertEqual(result.returncode, 0, result.stderr)
    ~~~~~~~~~~~~~~~~^^^^^^^^^^^^^^^^^^^^^^^^^^^^^^^^^^^^^
AssertionError: 1 != 0 : Error: Invalid("worker_producer_not_supported:got=typescript/5.9.3;worker/0.2.1:expected=typescript/5.9.3;worker/0.2.2")


======================================================================
FAIL: test_parallel_slots_overlap_and_never_share_a_lease (__main__.Parallel.test_parallel_slots_overlap_and_never_share_a_lease)
----------------------------------------------------------------------
Traceback (most recent call last):
  File "/Users/yinsijie/CodeRepo/Atlas/scripts/test_patch.py", line 50, in setUp
    self.analysis = self.cli("index", self.project)["id"]
                    ~~~~~~~~^^^^^^^^^^^^^^^^^^^^^^^
  File "/Users/yinsijie/CodeRepo/Atlas/scripts/test_patch.py", line 59, in cli
    self.assertEqual(result.returncode, 0, result.stderr)
    ~~~~~~~~~~~~~~~~^^^^^^^^^^^^^^^^^^^^^^^^^^^^^^^^^^^^^
AssertionError: 1 != 0 : Error: Invalid("worker_producer_not_supported:got=typescript/5.9.3;worker/0.2.1:expected=typescript/5.9.3;worker/0.2.2")


======================================================================
FAIL: test_the_bound_is_enforced_and_one_shot_with_parallelism_is_refused (__main__.Parallel.test_the_bound_is_enforced_and_one_shot_with_parallelism_is_refused)
----------------------------------------------------------------------
Traceback (most recent call last):
  File "/Users/yinsijie/CodeRepo/Atlas/scripts/test_patch.py", line 50, in setUp
    self.analysis = self.cli("index", self.project)["id"]
                    ~~~~~~~~^^^^^^^^^^^^^^^^^^^^^^^
  File "/Users/yinsijie/CodeRepo/Atlas/scripts/test_patch.py", line 59, in cli
    self.assertEqual(result.returncode, 0, result.stderr)
    ~~~~~~~~~~~~~~~~^^^^^^^^^^^^^^^^^^^^^^^^^^^^^^^^^^^^^
AssertionError: 1 != 0 : Error: Invalid("worker_producer_not_supported:got=typescript/5.9.3;worker/0.2.1:expected=typescript/5.9.3;worker/0.2.2")


======================================================================
FAIL: test_a_finished_verification_reports_its_terminal_state_on_re_enqueue (__main__.Queued.test_a_finished_verification_reports_its_terminal_state_on_re_enqueue)
----------------------------------------------------------------------
Traceback (most recent call last):
  File "/Users/yinsijie/CodeRepo/Atlas/scripts/test_patch.py", line 50, in setUp
    self.analysis = self.cli("index", self.project)["id"]
                    ~~~~~~~~^^^^^^^^^^^^^^^^^^^^^^^
  File "/Users/yinsijie/CodeRepo/Atlas/scripts/test_patch.py", line 59, in cli
    self.assertEqual(result.returncode, 0, result.stderr)
    ~~~~~~~~~~~~~~~~^^^^^^^^^^^^^^^^^^^^^^^^^^^^^^^^^^^^^
AssertionError: 1 != 0 : Error: Invalid("worker_producer_not_supported:got=typescript/5.9.3;worker/0.2.1:expected=typescript/5.9.3;worker/0.2.2")


======================================================================
FAIL: test_a_proposal_that_cannot_be_verified_fails_the_job_with_the_reason (__main__.Queued.test_a_proposal_that_cannot_be_verified_fails_the_job_with_the_reason)
----------------------------------------------------------------------
Traceback (most recent call last):
  File "/Users/yinsijie/CodeRepo/Atlas/scripts/test_patch.py", line 50, in setUp
    self.analysis = self.cli("index", self.project)["id"]
                    ~~~~~~~~^^^^^^^^^^^^^^^^^^^^^^^
  File "/Users/yinsijie/CodeRepo/Atlas/scripts/test_patch.py", line 59, in cli
    self.assertEqual(result.returncode, 0, result.stderr)
    ~~~~~~~~~~~~~~~~^^^^^^^^^^^^^^^^^^^^^^^^^^^^^^^^^^^^^
AssertionError: 1 != 0 : Error: Invalid("worker_producer_not_supported:got=typescript/5.9.3;worker/0.2.1:expected=typescript/5.9.3;worker/0.2.2")


======================================================================
FAIL: test_a_queued_verification_does_not_run_until_a_worker_takes_it (__main__.Queued.test_a_queued_verification_does_not_run_until_a_worker_takes_it)
----------------------------------------------------------------------
Traceback (most recent call last):
  File "/Users/yinsijie/CodeRepo/Atlas/scripts/test_patch.py", line 50, in setUp
    self.analysis = self.cli("index", self.project)["id"]
                    ~~~~~~~~^^^^^^^^^^^^^^^^^^^^^^^
  File "/Users/yinsijie/CodeRepo/Atlas/scripts/test_patch.py", line 59, in cli
    self.assertEqual(result.returncode, 0, result.stderr)
    ~~~~~~~~~~~~~~~~^^^^^^^^^^^^^^^^^^^^^^^^^^^^^^^^^^^^^
AssertionError: 1 != 0 : Error: Invalid("worker_producer_not_supported:got=typescript/5.9.3;worker/0.2.1:expected=typescript/5.9.3;worker/0.2.2")


======================================================================
FAIL: test_a_row_that_cannot_describe_how_to_run_is_failed_not_guessed (__main__.Queued.test_a_row_that_cannot_describe_how_to_run_is_failed_not_guessed)
----------------------------------------------------------------------
Traceback (most recent call last):
  File "/Users/yinsijie/CodeRepo/Atlas/scripts/test_patch.py", line 50, in setUp
    self.analysis = self.cli("index", self.project)["id"]
                    ~~~~~~~~^^^^^^^^^^^^^^^^^^^^^^^
  File "/Users/yinsijie/CodeRepo/Atlas/scripts/test_patch.py", line 59, in cli
    self.assertEqual(result.returncode, 0, result.stderr)
    ~~~~~~~~~~~~~~~~^^^^^^^^^^^^^^^^^^^^^^^^^^^^^^^^^^^^^
AssertionError: 1 != 0 : Error: Invalid("worker_producer_not_supported:got=typescript/5.9.3;worker/0.2.1:expected=typescript/5.9.3;worker/0.2.2")


======================================================================
FAIL: test_the_queue_carries_more_than_one_kind_of_work (__main__.Queued.test_the_queue_carries_more_than_one_kind_of_work)
----------------------------------------------------------------------
Traceback (most recent call last):
  File "/Users/yinsijie/CodeRepo/Atlas/scripts/test_patch.py", line 50, in setUp
    self.analysis = self.cli("index", self.project)["id"]
                    ~~~~~~~~^^^^^^^^^^^^^^^^^^^^^^^
  File "/Users/yinsijie/CodeRepo/Atlas/scripts/test_patch.py", line 59, in cli
    self.assertEqual(result.returncode, 0, result.stderr)
    ~~~~~~~~~~~~~~~~^^^^^^^^^^^^^^^^^^^^^^^^^^^^^^^^^^^^^
AssertionError: 1 != 0 : Error: Invalid("worker_producer_not_supported:got=typescript/5.9.3;worker/0.2.1:expected=typescript/5.9.3;worker/0.2.2")


======================================================================
FAIL: test_the_request_is_identified_by_owner_project_and_key (__main__.Queued.test_the_request_is_identified_by_owner_project_and_key)
----------------------------------------------------------------------
Traceback (most recent call last):
  File "/Users/yinsijie/CodeRepo/Atlas/scripts/test_patch.py", line 50, in setUp
    self.analysis = self.cli("index", self.project)["id"]
                    ~~~~~~~~^^^^^^^^^^^^^^^^^^^^^^^
  File "/Users/yinsijie/CodeRepo/Atlas/scripts/test_patch.py", line 59, in cli
    self.assertEqual(result.returncode, 0, result.stderr)
    ~~~~~~~~~~~~~~~~^^^^^^^^^^^^^^^^^^^^^^^^^^^^^^^^^^^^^
AssertionError: 1 != 0 : Error: Invalid("worker_producer_not_supported:got=typescript/5.9.3;worker/0.2.1:expected=typescript/5.9.3;worker/0.2.2")


----------------------------------------------------------------------
Ran 44 tests in 21.613s

FAILED (failures=44)
