test_a_call_that_cannot_return_has_no_normal_successor (__main__.SemanticContracts.test_a_call_that_cannot_return_has_no_normal_successor) ... FAIL
test_budget_publication_is_partial_bounded_and_immutable (__main__.SemanticContracts.test_budget_publication_is_partial_bounded_and_immutable) ... 
  test_budget_publication_is_partial_bounded_and_immutable (__main__.SemanticContracts.test_budget_publication_is_partial_bounded_and_immutable) (budget=0) ... FAIL
  test_budget_publication_is_partial_bounded_and_immutable (__main__.SemanticContracts.test_budget_publication_is_partial_bounded_and_immutable) (budget=1) ... FAIL
  test_budget_publication_is_partial_bounded_and_immutable (__main__.SemanticContracts.test_budget_publication_is_partial_bounded_and_immutable) (budget=15) ... FAIL
test_budget_publication_is_partial_bounded_and_immutable (__main__.SemanticContracts.test_budget_publication_is_partial_bounded_and_immutable) ... FAIL
test_context_cap_preserves_every_callers_possible_result (__main__.SemanticContracts.test_context_cap_preserves_every_callers_possible_result) ... FAIL
test_number_to_string_matches_node_at_rounding_and_exponent_boundaries (__main__.SemanticContracts.test_number_to_string_matches_node_at_rounding_and_exponent_boundaries) ... FAIL
test_parameter_permutation_and_refined_scalar_contexts (__main__.SemanticContracts.test_parameter_permutation_and_refined_scalar_contexts) ... FAIL
test_reassigned_captured_function_does_not_claim_the_old_target (__main__.SemanticContracts.test_reassigned_captured_function_does_not_claim_the_old_target) ... FAIL

======================================================================
FAIL: test_a_call_that_cannot_return_has_no_normal_successor (__main__.SemanticContracts.test_a_call_that_cannot_return_has_no_normal_successor)
----------------------------------------------------------------------
Traceback (most recent call last):
  File "/Users/yinsijie/CodeRepo/Atlas/scripts/test_semantic_contracts.py", line 173, in test_a_call_that_cannot_return_has_no_normal_successor
    facts = self.facts(self.cli('index', self.project))
                       ~~~~~~~~^^^^^^^^^^^^^^^^^^^^^^^
  File "/Users/yinsijie/CodeRepo/Atlas/scripts/test_semantic_contracts.py", line 48, in cli
    self.assertEqual(result.returncode, 0, result.stderr)
    ~~~~~~~~~~~~~~~~^^^^^^^^^^^^^^^^^^^^^^^^^^^^^^^^^^^^^
AssertionError: 1 != 0 : Error: Invalid("worker_producer_not_supported:got=typescript/5.9.3;worker/0.2.1:expected=typescript/5.9.3;worker/0.2.2")


======================================================================
FAIL: test_budget_publication_is_partial_bounded_and_immutable (__main__.SemanticContracts.test_budget_publication_is_partial_bounded_and_immutable) (budget=0)
----------------------------------------------------------------------
Traceback (most recent call last):
  File "/Users/yinsijie/CodeRepo/Atlas/scripts/test_semantic_contracts.py", line 122, in test_budget_publication_is_partial_bounded_and_immutable
    analysis = self.cli('index', self.project, budget=budget)
  File "/Users/yinsijie/CodeRepo/Atlas/scripts/test_semantic_contracts.py", line 48, in cli
    self.assertEqual(result.returncode, 0, result.stderr)
    ~~~~~~~~~~~~~~~~^^^^^^^^^^^^^^^^^^^^^^^^^^^^^^^^^^^^^
AssertionError: 1 != 0 : Error: Invalid("worker_producer_not_supported:got=typescript/5.9.3;worker/0.2.1:expected=typescript/5.9.3;worker/0.2.2")


======================================================================
FAIL: test_budget_publication_is_partial_bounded_and_immutable (__main__.SemanticContracts.test_budget_publication_is_partial_bounded_and_immutable) (budget=1)
----------------------------------------------------------------------
Traceback (most recent call last):
  File "/Users/yinsijie/CodeRepo/Atlas/scripts/test_semantic_contracts.py", line 122, in test_budget_publication_is_partial_bounded_and_immutable
    analysis = self.cli('index', self.project, budget=budget)
  File "/Users/yinsijie/CodeRepo/Atlas/scripts/test_semantic_contracts.py", line 48, in cli
    self.assertEqual(result.returncode, 0, result.stderr)
    ~~~~~~~~~~~~~~~~^^^^^^^^^^^^^^^^^^^^^^^^^^^^^^^^^^^^^
AssertionError: 1 != 0 : Error: Invalid("worker_producer_not_supported:got=typescript/5.9.3;worker/0.2.1:expected=typescript/5.9.3;worker/0.2.2")


======================================================================
FAIL: test_budget_publication_is_partial_bounded_and_immutable (__main__.SemanticContracts.test_budget_publication_is_partial_bounded_and_immutable) (budget=15)
----------------------------------------------------------------------
Traceback (most recent call last):
  File "/Users/yinsijie/CodeRepo/Atlas/scripts/test_semantic_contracts.py", line 122, in test_budget_publication_is_partial_bounded_and_immutable
    analysis = self.cli('index', self.project, budget=budget)
  File "/Users/yinsijie/CodeRepo/Atlas/scripts/test_semantic_contracts.py", line 48, in cli
    self.assertEqual(result.returncode, 0, result.stderr)
    ~~~~~~~~~~~~~~~~^^^^^^^^^^^^^^^^^^^^^^^^^^^^^^^^^^^^^
AssertionError: 1 != 0 : Error: Invalid("worker_producer_not_supported:got=typescript/5.9.3;worker/0.2.1:expected=typescript/5.9.3;worker/0.2.2")


======================================================================
FAIL: test_budget_publication_is_partial_bounded_and_immutable (__main__.SemanticContracts.test_budget_publication_is_partial_bounded_and_immutable)
----------------------------------------------------------------------
Traceback (most recent call last):
  File "/Users/yinsijie/CodeRepo/Atlas/scripts/test_semantic_contracts.py", line 155, in test_budget_publication_is_partial_bounded_and_immutable
    complete = self.facts(self.cli('index', self.project))
                          ~~~~~~~~^^^^^^^^^^^^^^^^^^^^^^^
  File "/Users/yinsijie/CodeRepo/Atlas/scripts/test_semantic_contracts.py", line 48, in cli
    self.assertEqual(result.returncode, 0, result.stderr)
    ~~~~~~~~~~~~~~~~^^^^^^^^^^^^^^^^^^^^^^^^^^^^^^^^^^^^^
AssertionError: 1 != 0 : Error: Invalid("worker_producer_not_supported:got=typescript/5.9.3;worker/0.2.1:expected=typescript/5.9.3;worker/0.2.2")


======================================================================
FAIL: test_context_cap_preserves_every_callers_possible_result (__main__.SemanticContracts.test_context_cap_preserves_every_callers_possible_result)
----------------------------------------------------------------------
Traceback (most recent call last):
  File "/Users/yinsijie/CodeRepo/Atlas/scripts/test_semantic_contracts.py", line 93, in test_context_cap_preserves_every_callers_possible_result
    facts = self.facts(self.cli('index', self.project))
                       ~~~~~~~~^^^^^^^^^^^^^^^^^^^^^^^
  File "/Users/yinsijie/CodeRepo/Atlas/scripts/test_semantic_contracts.py", line 48, in cli
    self.assertEqual(result.returncode, 0, result.stderr)
    ~~~~~~~~~~~~~~~~^^^^^^^^^^^^^^^^^^^^^^^^^^^^^^^^^^^^^
AssertionError: 1 != 0 : Error: Invalid("worker_producer_not_supported:got=typescript/5.9.3;worker/0.2.1:expected=typescript/5.9.3;worker/0.2.2")


======================================================================
FAIL: test_number_to_string_matches_node_at_rounding_and_exponent_boundaries (__main__.SemanticContracts.test_number_to_string_matches_node_at_rounding_and_exponent_boundaries)
----------------------------------------------------------------------
Traceback (most recent call last):
  File "/Users/yinsijie/CodeRepo/Atlas/scripts/test_semantic_contracts.py", line 112, in test_number_to_string_matches_node_at_rounding_and_exponent_boundaries
    facts = self.facts(self.cli('index', self.project))
                       ~~~~~~~~^^^^^^^^^^^^^^^^^^^^^^^
  File "/Users/yinsijie/CodeRepo/Atlas/scripts/test_semantic_contracts.py", line 48, in cli
    self.assertEqual(result.returncode, 0, result.stderr)
    ~~~~~~~~~~~~~~~~^^^^^^^^^^^^^^^^^^^^^^^^^^^^^^^^^^^^^
AssertionError: 1 != 0 : Error: Invalid("worker_producer_not_supported:got=typescript/5.9.3;worker/0.2.1:expected=typescript/5.9.3;worker/0.2.2")


======================================================================
FAIL: test_parameter_permutation_and_refined_scalar_contexts (__main__.SemanticContracts.test_parameter_permutation_and_refined_scalar_contexts)
----------------------------------------------------------------------
Traceback (most recent call last):
  File "/Users/yinsijie/CodeRepo/Atlas/scripts/test_semantic_contracts.py", line 63, in test_parameter_permutation_and_refined_scalar_contexts
    facts = self.facts(self.cli('index', self.project))
                       ~~~~~~~~^^^^^^^^^^^^^^^^^^^^^^^
  File "/Users/yinsijie/CodeRepo/Atlas/scripts/test_semantic_contracts.py", line 48, in cli
    self.assertEqual(result.returncode, 0, result.stderr)
    ~~~~~~~~~~~~~~~~^^^^^^^^^^^^^^^^^^^^^^^^^^^^^^^^^^^^^
AssertionError: 1 != 0 : Error: Invalid("worker_producer_not_supported:got=typescript/5.9.3;worker/0.2.1:expected=typescript/5.9.3;worker/0.2.2")


======================================================================
FAIL: test_reassigned_captured_function_does_not_claim_the_old_target (__main__.SemanticContracts.test_reassigned_captured_function_does_not_claim_the_old_target)
----------------------------------------------------------------------
Traceback (most recent call last):
  File "/Users/yinsijie/CodeRepo/Atlas/scripts/test_semantic_contracts.py", line 83, in test_reassigned_captured_function_does_not_claim_the_old_target
    facts = self.facts(self.cli('index', self.project))
                       ~~~~~~~~^^^^^^^^^^^^^^^^^^^^^^^
  File "/Users/yinsijie/CodeRepo/Atlas/scripts/test_semantic_contracts.py", line 48, in cli
    self.assertEqual(result.returncode, 0, result.stderr)
    ~~~~~~~~~~~~~~~~^^^^^^^^^^^^^^^^^^^^^^^^^^^^^^^^^^^^^
AssertionError: 1 != 0 : Error: Invalid("worker_producer_not_supported:got=typescript/5.9.3;worker/0.2.1:expected=typescript/5.9.3;worker/0.2.2")


----------------------------------------------------------------------
Ran 6 tests in 4.355s

FAILED (failures=9)
