$ /usr/bin/time -l /Users/yinsijie/CodeRepo/Atlas/target/debug/atlas --store /Users/yinsijie/CodeRepo/Atlas/local-state/bench/store exec dc2f21c455cbaddecc9c41f29769331b14382eada80f12032f7d00659373bc7e dist/cjs/internal/util/isFunction.js:isFunction --args [3] --allow-effects unknown_calls --materialise dependencies
cwd: /Users/yinsijie/CodeRepo/Atlas
--- stdout ---
{
  "analysis_id": "dc2f21c455cbaddecc9c41f29769331b14382eada80f12032f7d00659373bc7e",
  "console": {
    "harness_lines": [],
    "harness_truncated": false,
    "stderr": "",
    "stdout": "",
    "truncated": false
  },
  "duration_ms": 103,
  "effect_journal": {
    "denied_count": 0,
    "entries": [],
    "granted": {
      "child_process": false,
      "fs_write": false,
      "network": false
    },
    "note": "只记录运行时明确报告的拒绝尝试（含权限种类与目标）。被允许的操作没有逐条日志，因此这里不声称'没有效果'；授予集合就是这次运行的边界。",
    "observed": 0,
    "schema": "atlas.effect-journal.v1"
  },
  "environment": {
    "actual_node_version": "v26.5.1",
    "declared_node_range_in_snapshot": null,
    "note": "Atlas 记录目标项目声明的 engines.node 与实际使用的 Node 版本，但不声称二者兼容；没有用 Atlas 自己的 Node 冒充目标环境，二进制由调用者指定。",
    "qualified": false
  },
  "exit_code": 0,
  "id": "6b1413dce6dde27aef0762f7c8fd810f0c14af353e01d782cce25d9a37b5c2af",
  "isolation": {
    "cwd": "隔离副本根目录",
    "declared_context": {
      "globals": [],
      "this_arg": false
    },
    "effective_flags": [
      "--permission",
      "--allow-fs-read=/private/var/folders/d0/h8zmbc0971n266zb4nx3j9980000gn/T/atlas-run-MBSQHM",
      "/private/var/folders/d0/h8zmbc0971n266zb4nx3j9980000gn/T/atlas-run-MBSQHM/atlas-harness.mjs"
    ],
    "environment_allowlist": [],
    "files_materialised": 7,
    "fixture_note": null,
    "materialisation": {
      "basis": "已发布 import 边上的传递闭包（type-only import 不跟随：它在运行前就被擦除），加上快照里所有 package.json（Node 用它决定模块类型）",
      "bytes_written": 9514,
      "closure": {
        "bounded": false,
        "import_edges_read": 2549,
        "reached": 1,
        "seed": "dist/cjs/internal/util/isFunction.js",
        "unresolved_bare": 0,
        "unresolved_relative": []
      },
      "fallback": "若本次运行以 module_load_failed / ENOENT 失败，可用 --materialise snapshot 复核；切片是静态闭包，不是运行时依赖追踪",
      "files_in_snapshot": 2277,
      "files_written": 7,
      "known_risk": [
        "动态 import 的计算型 specifier 不在静态图里，因此可能不在副本中",
        "函数运行时按相对路径读取的其它项目文件不在副本里：这是更紧的读边界，缺失会以 ENOENT 出现"
      ],
      "mode": "dependencies",
      "package_json": {
        "kept": 6,
        "skipped_by_cap": 0
      },
      "workdir_digest": "8c161faf35211d11d4a5e15717529e7297c5b499132adf1f720ba96f3f44fcd2",
      "written": [
        "ajax/package.json",
        "dist/cjs/internal/util/isFunction.js",
        "fetch/package.json",
        "operators/package.json",
        "package.json",
        "testing/package.json",
        "webSocket/package.json"
      ],
      "written_listed": 7,
      "written_truncated": false
    },
    "mocks": false,
    "node_binary": "node",
    "node_version": "v26.5.1",
    "path_inherited": true,
    "permission_model": "node --permission (probe-verified: an attempted write was denied)",
    "permission_probe": {
      "available": true,
      "enforced": true,
      "node": "node",
      "node_version": "v26.5.1",
      "probe_stdout": "ATLAS_PROBE=DENIED:ERR_ACCESS_DENIED",
      "reason": null
    },
    "started": true,
    "workdir_digest": "8c161faf35211d11d4a5e15717529e7297c5b499132adf1f720ba96f3f44fcd2"
  },
  "name": "isFunction",
  "path": "dist/cjs/internal/util/isFunction.js",
  "profile": {
    "analysis_id": "dc2f21c455cbaddecc9c41f29769331b14382eada80f12032f7d00659373bc7e",
    "arity": 1,
    "captures": [],
    "classification": "needs_entry_driver",
    "effects": {
      "escaped_local_value": false,
      "may_access_global": true,
      "may_call": [],
      "may_read_heap": false,
      "may_throw": true,
      "may_write_heap": true,
      "registers_callback": false,
      "unknown_call": true
    },
    "enclosing_name": null,
    "enclosing_symbol": null,
    "flow_profile": "js-structured-control.v1",
    "flow_status": "complete_within_profile",
    "name": "isFunction",
    "notes": [
      "分类来自已发布的静态事实，不是执行观测；unknown 一律降级而不是忽略。",
      "纯调用判定不包含文件/网络/子进程副作用的静态建模：这些权限由运行时的 Node 权限模型强制，未授予即被拒绝。",
      "needs_entry_driver 需要显式 --allow-effects unknown_calls 才可运行。"
    ],
    "params": [
      {
        "binding": "b:dist/cjs/internal/util/isFunction.js:126:value",
        "index": 0,
        "name": "value"
      }
    ],
    "path": "dist/cjs/internal/util/isFunction.js",
    "reasons": [
      {
        "code": "unknown_region",
        "detail": "存在显式未知分量：unmodeled_construct:unsupported_expression:TypeOfExpression",
        "evidence": "unknown_reasons"
      },
      {
        "code": "unknown_call",
        "detail": "调用了 Atlas 无法解析的目标，其行为不在事实内",
        "evidence": "effects.unknown_call"
      },
      {
        "code": "reads_global",
        "detail": "读取了全局状态，其值由运行环境决定而不是由参数决定",
        "evidence": "effects.may_access_global"
      },
      {
        "code": "heap_state",
        "detail": "读写堆对象，结果依赖被传入对象的身份与历史",
        "evidence": "effects.may_read_heap / may_write_heap"
      },
      {
        "code": "external_binding",
        "detail": "1 个值来源是 External，不属于参数命名空间",
        "evidence": "block_states[].bindings[].value.origins"
      }
    ],
    "required_context": [],
    "required_globals": [],
    "required_grants": [
      "unknown_calls"
    ],
    "runnable": true,
    "schema": "atlas.execution-profile.v1",
    "symbol": "symbol:dist/cjs/internal/util/isFunction.js:106:176",
    "unknown_reasons": [
      "unmodeled_construct:unsupported_expression:TypeOfExpression"
    ],
    "unsatisfiable_context": []
  },
  "refusal": null,
  "schema": "atlas.execution-record.v1",
  "signal": null,
  "snapshot_id": "cf411b4d511a3d4721cee2d1c2fe08d323dba80200a6630c4de6a499a05dfdf5",
  "source_binding": {
    "analysis_id": "dc2f21c455cbaddecc9c41f29769331b14382eada80f12032f7d00659373bc7e",
    "blob": "79b21347d14e3ef6d9cd5525d03ff3c586144643f67d71aa7733152542571d8f",
    "bytes_verified": true,
    "end": 176,
    "path": "dist/cjs/internal/util/isFunction.js",
    "snapshot_id": "cf411b4d511a3d4721cee2d1c2fe08d323dba80200a6630c4de6a499a05dfdf5",
    "start": 106,
    "verified_how": "每个字节都从内容寻址 blob 读取并在读取时重新哈希校验；执行副本由这些字节生成，因此分析与执行之间的源码漂移不可能发生，而不是被检测到。"
  },
  "spec": {
    "analysis_id": "dc2f21c455cbaddecc9c41f29769331b14382eada80f12032f7d00659373bc7e",
    "args": [
      3
    ],
    "env": {},
    "fixture_note": null,
    "fixtures": false,
    "globals": {},
    "grants": {
      "child_process": false,
      "fs_write": false,
      "network": false,
      "unknown_calls": true
    },
    "label": null,
    "materialise": "dependencies",
    "node": "node",
    "output_limit": 65536,
    "schema": "atlas.run-spec.v1",
    "symbol": "symbol:dist/cjs/internal/util/isFunction.js:106:176",
    "this_arg": null,
    "timeout_ms": 5000,
    "via": null
  },
  "spec_digest": "9badc19900033ac8a8787759ea830cc7e04717c55d3b59cb8f1475216ba9a02b",
  "symbol": "symbol:dist/cjs/internal/util/isFunction.js:106:176",
  "thrown": null,
  "trace": {
    "coverage": "not_sampled",
    "events": [
      {
        "args": [
          3
        ],
        "end": 176,
        "kind": "call",
        "path": "dist/cjs/internal/util/isFunction.js",
        "stage": "target",
        "start": 106,
        "symbol": "symbol:dist/cjs/internal/util/isFunction.js:106:176"
      },
      {
        "async_events": [],
        "awaited": false,
        "candidates": [
          "isFunction"
        ],
        "declared_globals": [],
        "export_name": "isFunction",
        "harness_detail": null,
        "kind": "returned",
        "matched_by": "source_identity",
        "receiver_declared": false,
        "source_location": null
      }
    ],
    "kind": "observed-entry-call",
    "note": "只观测到入口调用的返回/抛出、进程输出与退出状态，以及运行时报告的源码位置。没有行级覆盖采样；未观测路径保持未知；静态 BFS 不作为执行顺序。",
    "unknown_paths": "not_observed"
  },
  "value": {
    "kind": "boolean",
    "value": false
  },
  "verdict": "returned"
}
--- stderr ---
        1.19 real         0.57 user         0.27 sys
            42344448  maximum resident set size
                   0  average shared memory size
                   0  average unshared data size
                   0  average unshared stack size
               33777  page reclaims
                 447  page faults
                   0  swaps
                   0  block input operations
                   0  block output operations
                   1  messages sent
                   1  messages received
                   1  signals received
                5025  voluntary context switches
                2196  involuntary context switches
          3098467077  instructions retired
          2396191599  cycles elapsed
            14520320  peak memory footprint
[exit code: 0]
[wall seconds: 1.201126]
[peak rss: 42344448 (measured)]
